0.00.646.285 W model has unused tensor blk.24.attn_norm.weight (size = 4096 bytes) -- ignoring
0.00.646.291 W model has unused tensor blk.24.post_attention_norm.weight (size = 4096 bytes) -- ignoring
0.00.646.293 W model has unused tensor blk.24.attn_q.weight (size = 2883584 bytes) -- ignoring
0.00.646.294 W model has unused tensor blk.24.attn_k.weight (size = 360448 bytes) -- ignoring
0.00.646.295 W model has unused tensor blk.24.attn_v.weight (size = 360448 bytes) -- ignoring
0.00.646.298 W model has unused tensor blk.24.attn_output.weight (size = 1441792 bytes) -- ignoring
0.00.646.300 W model has unused tensor blk.24.attn_q_norm.weight (size = 1024 bytes) -- ignoring
0.00.646.301 W model has unused tensor blk.24.attn_k_norm.weight (size = 1024 bytes) -- ignoring
0.00.646.302 W model has unused tensor blk.24.ffn_gate.weight (size = 2523136 bytes) -- ignoring
0.00.646.304 W model has unused tensor blk.24.ffn_down.weight (size = 2523136 bytes) -- ignoring
0.00.646.305 W model has unused tensor blk.24.ffn_up.weight (size = 2523136 bytes) -- ignoring
0.00.646.307 W model has unused tensor blk.24.nextn.eh_proj.weight (size = 1441792 bytes) -- ignoring
0.00.646.309 W model has unused tensor blk.24.nextn.enorm.weight (size = 4096 bytes) -- ignoring
0.00.646.310 W model has unused tensor blk.24.nextn.hnorm.weight (size = 4096 bytes) -- ignoring
0.00.646.313 W model has unused tensor blk.24.nextn.shared_head_norm.weight (size = 4096 bytes) -- ignoring
0.00.733.338 I 
0.00.733.414 I system_info: n_threads = 16 (n_threads_batch = 16) / 32 | CUDA : ARCHS = 1200 | USE_GRAPHS = 1 | BLACKWELL_NATIVE_FP4 = 1 | CPU : SSE3 = 1 | SSSE3 = 1 | AVX = 1 | AVX_VNNI = 1 | AVX2 = 1 | F16C = 1 | FMA = 1 | BMI2 = 1 | AVX512 = 1 | AVX512_VBMI = 1 | AVX512_VNNI = 1 | AVX512_BF16 = 1 | LLAMAFILE = 1 | OPENMP = 1 | REPACK = 1 | 
0.00.753.643 I kl_divergence: computing over 40 chunks, n_ctx=512, batch_size=2048, n_seq=4
0.01.011.729 I kl_divergence: 0.26 seconds per pass - ETA 0.03 minutes

chunk             PPL               ln(PPL(Q)/PPL(base))          KL Divergence              Δp RMS            Same top p
   1      15.4359 ±    3.2031       0.39794 ±    0.06653       0.28634 ±    0.03632    14.056 ±  1.446 %    76.863 ±  2.646 %
   2      22.9222 ±    3.4862       0.32753 ±    0.04448       0.29468 ±    0.02220    14.206 ±  1.185 %    75.490 ±  1.907 %
   3      22.9522 ±    2.7071       0.33207 ±    0.03626       0.31830 ±    0.01904    16.330 ±  1.120 %    74.771 ±  1.571 %
   4      22.9530 ±    2.2544       0.34765 ±    0.03207       0.34064 ±    0.01755    17.154 ±  0.976 %    72.353 ±  1.401 %
   5      21.6896 ±    1.8659       0.32877 ±    0.02745       0.33095 ±    0.01461    16.428 ±  0.833 %    71.137 ±  1.269 %
   6      23.0740 ±    1.8131       0.33851 ±    0.02543       0.33285 ±    0.01324    16.211 ±  0.766 %    70.261 ±  1.169 %
   7      23.7830 ±    1.7287       0.34530 ±    0.02349       0.33256 ±    0.01197    15.888 ±  0.705 %    70.476 ±  1.080 %
   8      25.9921 ±    1.8117       0.34749 ±    0.02237       0.33615 ±    0.01170    15.679 ±  0.671 %    69.951 ±  1.015 %
   9      27.9319 ±    1.8512       0.36349 ±    0.02109       0.33904 ±    0.01101    15.546 ±  0.629 %    70.283 ±  0.954 %
  10      29.1178 ±    1.8299       0.36313 ±    0.02000       0.34071 ±    0.01042    15.738 ±  0.602 %    70.314 ±  0.905 %
  11      29.4663 ±    1.7721       0.36696 ±    0.01956       0.34557 ±    0.01035    15.619 ±  0.565 %    70.160 ±  0.864 %
  12      29.9095 ±    1.7310       0.38055 ±    0.01932       0.35266 ±    0.01047    15.635 ±  0.538 %    70.131 ±  0.828 %
  13      31.2322 ±    1.7444       0.38451 ±    0.01859       0.35412 ±    0.01000    15.541 ±  0.518 %    69.955 ±  0.796 %
  14      30.0694 ±    1.6103       0.38675 ±    0.01767       0.35124 ±    0.00941    15.685 ±  0.489 %    70.280 ±  0.765 %
  15      29.3733 ±    1.5108       0.37768 ±    0.01693       0.34543 ±    0.00890    15.487 ±  0.470 %    70.405 ±  0.738 %
  16      30.1814 ±    1.5106       0.37982 ±    0.01643       0.35123 ±    0.00873    15.512 ±  0.454 %    70.221 ±  0.716 %
  17      27.7748 ±    1.3385       0.37199 ±    0.01579       0.34518 ±    0.00831    15.505 ±  0.432 %    70.727 ±  0.691 %
  18      28.0342 ±    1.3133       0.36966 ±    0.01542       0.34544 ±    0.00797    15.501 ±  0.416 %    70.806 ±  0.671 %
  19      27.7575 ±    1.2675       0.36677 ±    0.01494       0.34369 ±    0.00768    15.425 ±  0.406 %    70.980 ±  0.652 %
  20      27.4954 ±    1.2214       0.36552 ±    0.01447       0.34357 ±    0.00743    15.342 ±  0.393 %    70.824 ±  0.637 %
  21      26.7018 ±    1.1561       0.36390 ±    0.01410       0.34152 ±    0.00718    15.340 ±  0.380 %    71.074 ±  0.620 %
  22      26.5008 ±    1.1183       0.36355 ±    0.01376       0.34092 ±    0.00693    15.204 ±  0.369 %    71.212 ±  0.605 %
  23      25.3030 ±    1.0399       0.35957 ±    0.01334       0.33574 ±    0.00670    15.165 ±  0.358 %    71.577 ±  0.589 %
  24      23.8068 ±    0.9500       0.35797 ±    0.01295       0.33127 ±    0.00649    15.295 ±  0.348 %    71.961 ±  0.574 %
  25      23.4979 ±    0.9177       0.36056 ±    0.01266       0.32968 ±    0.00628    15.279 ±  0.338 %    72.016 ±  0.562 %
  26      23.0344 ±    0.8810       0.36231 ±    0.01239       0.32674 ±    0.00614    15.221 ±  0.332 %    72.247 ±  0.550 %
  27      22.6444 ±    0.8475       0.36336 ±    0.01210       0.32316 ±    0.00594    15.126 ±  0.323 %    72.447 ±  0.538 %
  28      22.4143 ±    0.8232       0.36240 ±    0.01183       0.32283 ±    0.00579    15.152 ±  0.315 %    72.451 ±  0.529 %
  29      22.3493 ±    0.8070       0.36348 ±    0.01168       0.32200 ±    0.00569    15.091 ±  0.308 %    72.563 ±  0.519 %
  30      22.3119 ±    0.7918       0.36109 ±    0.01144       0.32239 ±    0.00557    15.110 ±  0.304 %    72.641 ±  0.510 %
  31      22.0219 ±    0.7672       0.36045 ±    0.01121       0.32156 ±    0.00545    15.092 ±  0.299 %    72.764 ±  0.501 %
  32      22.2337 ±    0.7645       0.36192 ±    0.01111       0.32264 ±    0.00554    15.107 ±  0.295 %    72.757 ±  0.493 %
  33      22.0654 ±    0.7463       0.36190 ±    0.01090       0.32083 ±    0.00542    15.053 ±  0.289 %    72.810 ±  0.485 %
  34      22.4596 ±    0.7492       0.36557 ±    0.01075       0.32223 ±    0.00534    15.036 ±  0.285 %    72.699 ±  0.478 %
  35      22.8365 ±    0.7513       0.36708 ±    0.01057       0.32323 ±    0.00522    14.995 ±  0.279 %    72.583 ±  0.472 %
  36      23.4899 ±    0.7647       0.36897 ±    0.01043       0.32418 ±    0.00512    14.918 ±  0.276 %    72.527 ±  0.466 %
  37      23.8994 ±    0.7674       0.36905 ±    0.01029       0.32469 ±    0.00503    14.828 ±  0.272 %    72.475 ±  0.460 %
  38      23.8400 ±    0.7555       0.36751 ±    0.01013       0.32365 ±    0.00492    14.801 ±  0.268 %    72.601 ±  0.453 %
  39      23.8327 ±    0.7461       0.36575 ±    0.00999       0.32378 ±    0.00484    14.765 ±  0.263 %    72.549 ±  0.448 %
  40      23.9356 ±    0.7429       0.36580 ±    0.00991       0.32337 ±    0.00477    14.692 ±  0.259 %    72.686 ±  0.441 %

====== Perplexity statistics ======
Mean PPL(Q)                   :  23.935594 ±   0.742927
Mean PPL(base)                :  16.602799 ±   0.493484
Cor(ln(PPL(Q)), ln(PPL(base))):  94.77%
Mean ln(PPL(Q)/PPL(base))     :   0.365795 ±   0.009911
Mean PPL(Q)/PPL(base)         :   1.441660 ±   0.014289
Mean PPL(Q)-PPL(base)         :   7.332795 ±   0.317133

====== KL divergence statistics ======
Mean    KLD:   0.323369 ±   0.004774
Maximum KLD:  12.573040
99.9%   KLD:   5.738266
99.0%   KLD:   2.225102
95.0%   KLD:   0.958227
90.0%   KLD:   0.681375
Median  KLD:   0.204471
10.0%   KLD:   0.022557
 5.0%   KLD:   0.008034
 1.0%   KLD:   0.001091
 0.1%   KLD:   0.000133
Minimum KLD:   0.000034

====== Token probability statistics ======
Mean    Δp: -4.615 ± 0.138 %
Maximum Δp: 63.991%
99.9%   Δp: 46.795%
99.0%   Δp: 22.884%
95.0%   Δp:  9.955%
90.0%   Δp:  4.453%
75.0%   Δp:  0.093%
Median  Δp: -0.552%
25.0%   Δp: -6.213%
10.0%   Δp: -19.135%
 5.0%   Δp: -31.249%
 1.0%   Δp: -61.583%
 0.1%   Δp: -94.689%
Minimum Δp: -99.522%
RMS Δp    : 14.692 ± 0.259 %
Same top p: 72.686 ± 0.441 %

