0.00.715.287 W model has unused tensor blk.24.attn_norm.weight (size = 4096 bytes) -- ignoring
0.00.715.293 W model has unused tensor blk.24.post_attention_norm.weight (size = 4096 bytes) -- ignoring
0.00.715.295 W model has unused tensor blk.24.attn_q.weight (size = 2883584 bytes) -- ignoring
0.00.715.296 W model has unused tensor blk.24.attn_k.weight (size = 360448 bytes) -- ignoring
0.00.715.297 W model has unused tensor blk.24.attn_v.weight (size = 360448 bytes) -- ignoring
0.00.715.301 W model has unused tensor blk.24.attn_output.weight (size = 1441792 bytes) -- ignoring
0.00.715.302 W model has unused tensor blk.24.attn_q_norm.weight (size = 1024 bytes) -- ignoring
0.00.715.303 W model has unused tensor blk.24.attn_k_norm.weight (size = 1024 bytes) -- ignoring
0.00.715.305 W model has unused tensor blk.24.ffn_gate.weight (size = 2523136 bytes) -- ignoring
0.00.715.307 W model has unused tensor blk.24.ffn_down.weight (size = 2523136 bytes) -- ignoring
0.00.715.308 W model has unused tensor blk.24.ffn_up.weight (size = 2523136 bytes) -- ignoring
0.00.715.310 W model has unused tensor blk.24.nextn.eh_proj.weight (size = 1441792 bytes) -- ignoring
0.00.715.312 W model has unused tensor blk.24.nextn.enorm.weight (size = 4096 bytes) -- ignoring
0.00.715.313 W model has unused tensor blk.24.nextn.hnorm.weight (size = 4096 bytes) -- ignoring
0.00.715.316 W model has unused tensor blk.24.nextn.shared_head_norm.weight (size = 4096 bytes) -- ignoring
0.00.789.894 I 
0.00.789.972 I system_info: n_threads = 16 (n_threads_batch = 16) / 32 | CUDA : ARCHS = 1200 | USE_GRAPHS = 1 | BLACKWELL_NATIVE_FP4 = 1 | CPU : SSE3 = 1 | SSSE3 = 1 | AVX = 1 | AVX_VNNI = 1 | AVX2 = 1 | F16C = 1 | FMA = 1 | BMI2 = 1 | AVX512 = 1 | AVX512_VBMI = 1 | AVX512_VNNI = 1 | AVX512_BF16 = 1 | LLAMAFILE = 1 | OPENMP = 1 | REPACK = 1 | 
0.00.808.844 I kl_divergence: computing over 40 chunks, n_ctx=512, batch_size=2048, n_seq=4
0.01.045.942 I kl_divergence: 0.24 seconds per pass - ETA 0.03 minutes

chunk             PPL               ln(PPL(Q)/PPL(base))          KL Divergence              Δp RMS            Same top p
   1      27.7479 ±    6.9324       0.98440 ±    0.12002       0.77020 ±    0.06751    20.805 ±  1.632 %    61.961 ±  3.046 %
   2      37.9307 ±    6.5493       0.83119 ±    0.07565       0.72126 ±    0.03977    20.783 ±  1.251 %    62.549 ±  2.145 %
   3      35.5142 ±    4.6946       0.76859 ±    0.05887       0.72907 ±    0.03057    22.047 ±  1.056 %    61.438 ±  1.761 %
   4      35.3971 ±    3.8895       0.78083 ±    0.04948       0.74749 ±    0.02594    22.095 ±  0.931 %    60.392 ±  1.532 %
   5      31.6283 ±    3.0145       0.70598 ±    0.04263       0.72905 ±    0.02201    21.456 ±  0.807 %    59.843 ±  1.373 %
   6      33.1013 ±    2.8712       0.69938 ±    0.03779       0.71528 ±    0.01915    20.694 ±  0.721 %    59.869 ±  1.254 %
   7      34.5499 ±    2.7663       0.71874 ±    0.03478       0.70934 ±    0.01729    20.181 ±  0.662 %    60.056 ±  1.160 %
   8      37.3888 ±    2.8424       0.71107 ±    0.03225       0.70319 ±    0.01597    19.835 ±  0.621 %    59.657 ±  1.086 %
   9      39.8086 ±    2.8638       0.71780 ±    0.03031       0.70404 ±    0.01518    19.885 ±  0.589 %    59.826 ±  1.024 %
  10      41.0821 ±    2.7892       0.70735 ±    0.02856       0.70147 ±    0.01440    19.909 ±  0.561 %    59.490 ±  0.972 %
  11      40.9008 ±    2.6451       0.69486 ±    0.02697       0.69393 ±    0.01366    19.681 ±  0.530 %    59.750 ±  0.926 %
  12      41.4385 ±    2.5795       0.70659 ±    0.02622       0.69432 ±    0.01318    19.519 ±  0.506 %    59.935 ±  0.886 %
  13      43.8422 ±    2.6342       0.72366 ±    0.02522       0.69523 ±    0.01253    19.486 ±  0.490 %    59.336 ±  0.853 %
  14      42.8871 ±    2.4830       0.74181 ±    0.02450       0.69588 ±    0.01217    19.841 ±  0.478 %    59.608 ±  0.821 %
  15      41.8274 ±    2.3295       0.73115 ±    0.02358       0.68934 ±    0.01160    19.789 ±  0.460 %    59.791 ±  0.793 %
  16      43.2641 ±    2.3452       0.73991 ±    0.02303       0.69844 ±    0.01147    19.752 ±  0.445 %    59.657 ±  0.768 %
  17      39.6658 ±    2.0736       0.72835 ±    0.02238       0.68941 ±    0.01113    19.932 ±  0.433 %    60.254 ±  0.743 %
  18      39.9390 ±    2.0313       0.72359 ±    0.02179       0.68950 ±    0.01083    19.921 ±  0.420 %    60.349 ±  0.722 %
  19      39.9124 ±    1.9838       0.72995 ±    0.02129       0.69153 ±    0.01067    19.890 ±  0.410 %    60.557 ±  0.702 %
  20      39.9603 ±    1.9342       0.73939 ±    0.02072       0.69280 ±    0.01035    19.869 ±  0.398 %    60.627 ±  0.684 %
  21      38.8508 ±    1.8318       0.73889 ±    0.02029       0.69249 ±    0.01012    20.103 ±  0.388 %    61.008 ±  0.667 %
  22      38.6331 ±    1.7737       0.74049 ±    0.01978       0.69198 ±    0.00982    20.059 ±  0.377 %    60.891 ±  0.652 %
  23      36.6159 ±    1.6340       0.72913 ±    0.01914       0.68406 ±    0.00954    20.263 ±  0.370 %    61.279 ±  0.636 %
  24      34.4239 ±    1.4911       0.72675 ±    0.01862       0.67997 ±    0.00930    20.626 ±  0.362 %    61.324 ±  0.623 %
  25      33.9611 ±    1.4366       0.72887 ±    0.01823       0.67993 ±    0.00911    20.653 ±  0.354 %    61.490 ±  0.610 %
  26      33.2226 ±    1.3730       0.72855 ±    0.01785       0.67702 ±    0.00899    20.736 ±  0.348 %    61.780 ±  0.597 %
  27      32.5688 ±    1.3170       0.72680 ±    0.01749       0.67308 ±    0.00877    20.706 ±  0.339 %    61.816 ±  0.586 %
  28      32.3815 ±    1.2848       0.73029 ±    0.01719       0.67545 ±    0.00863    20.871 ±  0.332 %    61.765 ±  0.575 %
  29      32.2437 ±    1.2565       0.73001 ±    0.01693       0.67477 ±    0.00849    20.834 ±  0.325 %    61.853 ±  0.565 %
  30      32.3431 ±    1.2401       0.73237 ±    0.01661       0.67677 ±    0.00832    20.844 ±  0.319 %    61.830 ±  0.555 %
  31      31.9521 ±    1.2030       0.73264 ±    0.01637       0.67909 ±    0.00829    20.951 ±  0.317 %    61.784 ±  0.547 %
  32      32.2647 ±    1.1989       0.73429 ±    0.01613       0.67835 ±    0.00818    20.993 ±  0.312 %    61.838 ±  0.538 %
  33      31.9792 ±    1.1675       0.73297 ±    0.01582       0.67496 ±    0.00800    20.992 ±  0.306 %    61.889 ±  0.529 %
  34      32.5485 ±    1.1716       0.73658 ±    0.01562       0.67741 ±    0.00788    20.960 ±  0.302 %    61.707 ±  0.522 %
  35      33.1389 ±    1.1777       0.73943 ±    0.01541       0.68071 ±    0.00778    20.902 ±  0.298 %    61.513 ±  0.515 %
  36      34.0616 ±    1.1973       0.74057 ±    0.01523       0.68236 ±    0.00764    20.800 ±  0.293 %    61.405 ±  0.508 %
  37      34.7207 ±    1.2048       0.74253 ±    0.01502       0.68535 ±    0.00756    20.711 ±  0.290 %    61.410 ±  0.501 %
  38      34.6452 ±    1.1845       0.74130 ±    0.01478       0.68503 ±    0.00745    20.724 ±  0.287 %    61.424 ±  0.495 %
  39      34.5812 ±    1.1668       0.73800 ±    0.01459       0.68374 ±    0.00734    20.730 ±  0.283 %    61.468 ±  0.488 %
  40      34.8608 ±    1.1660       0.74179 ±    0.01445       0.68440 ±    0.00724    20.692 ±  0.279 %    61.529 ±  0.482 %

====== Perplexity statistics ======
Mean PPL(Q)                   :  34.860842 ±   1.166015
Mean PPL(base)                :  16.602799 ±   0.493484
Cor(ln(PPL(Q)), ln(PPL(base))):  90.20%
Mean ln(PPL(Q)/PPL(base))     :   0.741793 ±   0.014448
Mean PPL(Q)/PPL(base)         :   2.099697 ±   0.030337
Mean PPL(Q)-PPL(base)         :  18.258042 ±   0.751725

====== KL divergence statistics ======
Mean    KLD:   0.684399 ±   0.007244
Maximum KLD:   9.578722
99.9%   KLD:   6.231323
99.0%   KLD:   3.611514
95.0%   KLD:   1.983556
90.0%   KLD:   1.485367
Median  KLD:   0.493492
10.0%   KLD:   0.072283
 5.0%   KLD:   0.029487
 1.0%   KLD:   0.005016
 0.1%   KLD:   0.000424
Minimum KLD:   0.000104

====== Token probability statistics ======
Mean    Δp: -8.063 ± 0.189 %
Maximum Δp: 69.108%
99.9%   Δp: 49.671%
99.0%   Δp: 29.262%
95.0%   Δp: 12.298%
90.0%   Δp:  4.949%
75.0%   Δp:  0.001%
Median  Δp: -1.405%
25.0%   Δp: -11.535%
10.0%   Δp: -32.293%
 5.0%   Δp: -49.251%
 1.0%   Δp: -79.798%
 0.1%   Δp: -97.350%
Minimum Δp: -99.681%
RMS Δp    : 20.692 ± 0.279 %
Same top p: 61.529 ± 0.482 %

