0.00.670.230 W model has unused tensor blk.24.attn_norm.weight (size = 4096 bytes) -- ignoring
0.00.670.236 W model has unused tensor blk.24.post_attention_norm.weight (size = 4096 bytes) -- ignoring
0.00.670.238 W model has unused tensor blk.24.attn_q.weight (size = 8388608 bytes) -- ignoring
0.00.670.239 W model has unused tensor blk.24.attn_k.weight (size = 1048576 bytes) -- ignoring
0.00.670.240 W model has unused tensor blk.24.attn_v.weight (size = 1048576 bytes) -- ignoring
0.00.670.244 W model has unused tensor blk.24.attn_output.weight (size = 4194304 bytes) -- ignoring
0.00.670.245 W model has unused tensor blk.24.attn_q_norm.weight (size = 1024 bytes) -- ignoring
0.00.670.246 W model has unused tensor blk.24.attn_k_norm.weight (size = 1024 bytes) -- ignoring
0.00.670.247 W model has unused tensor blk.24.ffn_gate.weight (size = 7340032 bytes) -- ignoring
0.00.670.248 W model has unused tensor blk.24.ffn_down.weight (size = 7340032 bytes) -- ignoring
0.00.670.249 W model has unused tensor blk.24.ffn_up.weight (size = 7340032 bytes) -- ignoring
0.00.670.251 W model has unused tensor blk.24.nextn.eh_proj.weight (size = 4194304 bytes) -- ignoring
0.00.670.252 W model has unused tensor blk.24.nextn.enorm.weight (size = 4096 bytes) -- ignoring
0.00.670.253 W model has unused tensor blk.24.nextn.hnorm.weight (size = 4096 bytes) -- ignoring
0.00.670.256 W model has unused tensor blk.24.nextn.shared_head_norm.weight (size = 4096 bytes) -- ignoring
0.00.879.741 I 
0.00.879.824 I system_info: n_threads = 16 (n_threads_batch = 16) / 32 | CUDA : ARCHS = 1200 | USE_GRAPHS = 1 | BLACKWELL_NATIVE_FP4 = 1 | CPU : SSE3 = 1 | SSSE3 = 1 | AVX = 1 | AVX_VNNI = 1 | AVX2 = 1 | F16C = 1 | FMA = 1 | BMI2 = 1 | AVX512 = 1 | AVX512_VBMI = 1 | AVX512_VNNI = 1 | AVX512_BF16 = 1 | LLAMAFILE = 1 | OPENMP = 1 | REPACK = 1 | 
0.00.898.850 I kl_divergence: computing over 40 chunks, n_ctx=512, batch_size=2048, n_seq=4
0.01.149.760 I kl_divergence: 0.25 seconds per pass - ETA 0.03 minutes

chunk             PPL               ln(PPL(Q)/PPL(base))          KL Divergence              Δp RMS            Same top p
   1      10.3684 ±    2.0476       0.00000 ±    0.00003       0.00000 ±    0.00000     0.001 ±  0.000 %    100.000 ±  0.000 %
   2      16.5248 ±    2.4553       0.00029 ±    0.00029       0.00000 ±    0.00000     0.001 ±  0.000 %    100.000 ±  0.000 %
   3      16.4699 ±    1.9230       0.00019 ±    0.00019       0.00000 ±    0.00000     0.001 ±  0.000 %    100.000 ±  0.000 %
   4      16.2152 ±    1.5683       0.00014 ±    0.00014       0.00000 ±    0.00000     0.001 ±  0.000 %    100.000 ±  0.000 %
   5      15.6143 ±    1.3240       0.00012 ±    0.00012       0.00000 ±    0.00000     0.001 ±  0.000 %    100.000 ±  0.000 %
   6      16.4494 ±    1.2605       0.00010 ±    0.00010       0.00000 ±    0.00000     0.001 ±  0.000 %    100.000 ±  0.000 %
   7      16.8399 ±    1.1849       0.00008 ±    0.00008       0.00000 ±    0.00000     0.001 ±  0.000 %    100.000 ±  0.000 %
   8      18.3638 ±    1.2371       0.00007 ±    0.00007       0.00000 ±    0.00000     0.001 ±  0.000 %    100.000 ±  0.000 %
   9      19.4208 ±    1.2412       0.00006 ±    0.00006       0.00000 ±    0.00000     0.001 ±  0.000 %    100.000 ±  0.000 %
  10      20.2526 ±    1.2321       0.00006 ±    0.00006       0.00000 ±    0.00000     0.001 ±  0.000 %    100.000 ±  0.000 %
  11      20.4165 ±    1.1858       0.00005 ±    0.00005       0.00000 ±    0.00000     0.001 ±  0.000 %    100.000 ±  0.000 %
  12      20.4437 ±    1.1380       0.00005 ±    0.00005       0.00000 ±    0.00000     0.001 ±  0.000 %    100.000 ±  0.000 %
  13      21.2633 ±    1.1431       0.00005 ±    0.00004       0.00000 ±    0.00000     0.001 ±  0.000 %    100.000 ±  0.000 %
  14      20.4259 ±    1.0539       0.00004 ±    0.00004       0.00000 ±    0.00000     0.000 ±  0.000 %    100.000 ±  0.000 %
  15      20.1346 ±    0.9977       0.00004 ±    0.00004       0.00000 ±    0.00000     0.001 ±  0.000 %    100.000 ±  0.000 %
  16      20.6445 ±    0.9975       0.00004 ±    0.00004       0.00000 ±    0.00000     0.001 ±  0.000 %    100.000 ±  0.000 %
  17      19.1476 ±    0.8900       0.00003 ±    0.00003       0.00000 ±    0.00000     0.001 ±  0.000 %    100.000 ±  0.000 %
  18      19.3714 ±    0.8759       0.00003 ±    0.00003       0.00000 ±    0.00000     0.001 ±  0.000 %    100.000 ±  0.000 %
  19      19.2357 ±    0.8486       0.00003 ±    0.00003       0.00000 ±    0.00000     0.001 ±  0.000 %    100.000 ±  0.000 %
  20      19.0778 ±    0.8181       0.00003 ±    0.00003       0.00000 ±    0.00000     0.001 ±  0.000 %    100.000 ±  0.000 %
  21      18.5573 ±    0.7740       0.00003 ±    0.00003       0.00000 ±    0.00000     0.001 ±  0.000 %    100.000 ±  0.000 %
  22      18.4239 ±    0.7484       0.00003 ±    0.00003       0.00000 ±    0.00000     0.001 ±  0.000 %    100.000 ±  0.000 %
  23      17.6614 ±    0.6987       0.00003 ±    0.00003       0.00000 ±    0.00000     0.001 ±  0.000 %    100.000 ±  0.000 %
  24      16.6436 ±    0.6388       0.00002 ±    0.00002       0.00000 ±    0.00000     0.001 ±  0.000 %    100.000 ±  0.000 %
  25      16.3918 ±    0.6154       0.00043 ±    0.00041       0.00000 ±    0.00000     0.001 ±  0.000 %    100.000 ±  0.000 %
  26      16.0401 ±    0.5882       0.00042 ±    0.00039       0.00000 ±    0.00000     0.001 ±  0.000 %    100.000 ±  0.000 %
  27      15.7518 ±    0.5642       0.00040 ±    0.00038       0.00000 ±    0.00000     0.001 ±  0.000 %    100.000 ±  0.000 %
  28      15.6065 ±    0.5490       0.00039 ±    0.00037       0.00000 ±    0.00000     0.001 ±  0.000 %    100.000 ±  0.000 %
  29      15.5442 ±    0.5375       0.00037 ±    0.00035       0.00000 ±    0.00000     0.001 ±  0.000 %    100.000 ±  0.000 %
  30      15.5552 ±    0.5293       0.00036 ±    0.00034       0.00000 ±    0.00000     0.001 ±  0.000 %    100.000 ±  0.000 %
  31      15.3627 ±    0.5129       0.00035 ±    0.00033       0.00000 ±    0.00000     0.001 ±  0.000 %    100.000 ±  0.000 %
  32      15.4874 ±    0.5104       0.00034 ±    0.00032       0.00000 ±    0.00000     0.001 ±  0.000 %    100.000 ±  0.000 %
  33      15.3704 ±    0.4981       0.00033 ±    0.00031       0.00000 ±    0.00000     0.001 ±  0.000 %    100.000 ±  0.000 %
  34      15.5875 ±    0.4982       0.00032 ±    0.00030       0.00000 ±    0.00000     0.001 ±  0.000 %    100.000 ±  0.000 %
  35      15.8250 ±    0.4989       0.00031 ±    0.00029       0.00000 ±    0.00000     0.001 ±  0.000 %    100.000 ±  0.000 %
  36      16.2468 ±    0.5065       0.00030 ±    0.00028       0.00000 ±    0.00000     0.001 ±  0.000 %    100.000 ±  0.000 %
  37      16.5287 ±    0.5085       0.00029 ±    0.00028       0.00000 ±    0.00000     0.001 ±  0.000 %    100.000 ±  0.000 %
  38      16.5129 ±    0.5011       0.00028 ±    0.00027       0.00000 ±    0.00000     0.001 ±  0.000 %    100.000 ±  0.000 %
  39      16.5368 ±    0.4962       0.00028 ±    0.00026       0.00000 ±    0.00000     0.001 ±  0.000 %    100.000 ±  0.000 %
  40      16.6078 ±    0.4939       0.00030 ±    0.00026       0.00000 ±    0.00000     0.001 ±  0.000 %    100.000 ±  0.000 %

====== Perplexity statistics ======
Mean PPL(Q)                   :  16.607758 ±   0.493875
Mean PPL(base)                :  16.602799 ±   0.493484
Cor(ln(PPL(Q)), ln(PPL(base))): 100.00%
Mean ln(PPL(Q)/PPL(base))     :   0.000299 ±   0.000258
Mean PPL(Q)/PPL(base)         :   1.000299 ±   0.000258
Mean PPL(Q)-PPL(base)         :   0.004959 ±   0.004288

====== KL divergence statistics ======
Mean    KLD:   0.000000 ±   0.000000
Maximum KLD:   0.000060
99.9%   KLD:   0.000049
99.0%   KLD:   0.000035
95.0%   KLD:   0.000022
90.0%   KLD:   0.000015
Median  KLD:  -0.000000
10.0%   KLD:  -0.000015
 5.0%   KLD:  -0.000022
 1.0%   KLD:  -0.000035
 0.1%   KLD:  -0.000048
Minimum KLD:  -0.000058

====== Token probability statistics ======
Mean    Δp:  0.000 ± 0.000 %
Maximum Δp:  0.005%
99.9%   Δp:  0.004%
99.0%   Δp:  0.002%
95.0%   Δp:  0.001%
90.0%   Δp:  0.000%
75.0%   Δp:  0.000%
Median  Δp:  0.000%
25.0%   Δp: -0.000%
10.0%   Δp: -0.000%
 5.0%   Δp: -0.001%
 1.0%   Δp: -0.002%
 0.1%   Δp: -0.004%
Minimum Δp: -0.005%
RMS Δp    :  0.001 ± 0.000 %
Same top p: 100.000 ± 0.000 %

