0.00.655.752 W model has unused tensor blk.24.attn_norm.weight (size = 4096 bytes) -- ignoring
0.00.655.758 W model has unused tensor blk.24.post_attention_norm.weight (size = 4096 bytes) -- ignoring
0.00.655.760 W model has unused tensor blk.24.attn_q.weight (size = 2883584 bytes) -- ignoring
0.00.655.761 W model has unused tensor blk.24.attn_k.weight (size = 360448 bytes) -- ignoring
0.00.655.762 W model has unused tensor blk.24.attn_v.weight (size = 360448 bytes) -- ignoring
0.00.655.765 W model has unused tensor blk.24.attn_output.weight (size = 1441792 bytes) -- ignoring
0.00.655.766 W model has unused tensor blk.24.attn_q_norm.weight (size = 1024 bytes) -- ignoring
0.00.655.768 W model has unused tensor blk.24.attn_k_norm.weight (size = 1024 bytes) -- ignoring
0.00.655.770 W model has unused tensor blk.24.ffn_gate.weight (size = 2523136 bytes) -- ignoring
0.00.655.771 W model has unused tensor blk.24.ffn_down.weight (size = 2523136 bytes) -- ignoring
0.00.655.772 W model has unused tensor blk.24.ffn_up.weight (size = 2523136 bytes) -- ignoring
0.00.655.774 W model has unused tensor blk.24.nextn.eh_proj.weight (size = 1441792 bytes) -- ignoring
0.00.655.776 W model has unused tensor blk.24.nextn.enorm.weight (size = 4096 bytes) -- ignoring
0.00.655.777 W model has unused tensor blk.24.nextn.hnorm.weight (size = 4096 bytes) -- ignoring
0.00.655.780 W model has unused tensor blk.24.nextn.shared_head_norm.weight (size = 4096 bytes) -- ignoring
0.00.736.115 I 
0.00.736.190 I system_info: n_threads = 16 (n_threads_batch = 16) / 32 | CUDA : ARCHS = 1200 | USE_GRAPHS = 1 | BLACKWELL_NATIVE_FP4 = 1 | CPU : SSE3 = 1 | SSSE3 = 1 | AVX = 1 | AVX_VNNI = 1 | AVX2 = 1 | F16C = 1 | FMA = 1 | BMI2 = 1 | AVX512 = 1 | AVX512_VBMI = 1 | AVX512_VNNI = 1 | AVX512_BF16 = 1 | LLAMAFILE = 1 | OPENMP = 1 | REPACK = 1 | 
0.00.753.519 I kl_divergence: computing over 40 chunks, n_ctx=512, batch_size=2048, n_seq=4
0.00.996.276 I kl_divergence: 0.24 seconds per pass - ETA 0.03 minutes

chunk             PPL               ln(PPL(Q)/PPL(base))          KL Divergence              Δp RMS            Same top p
   1      15.4051 ±    3.2269       0.39594 ±    0.07341       0.30173 ±    0.03803    14.879 ±  1.419 %    74.118 ±  2.748 %
   2      22.3170 ±    3.3877       0.30078 ±    0.04693       0.28965 ±    0.02282    14.624 ±  1.145 %    74.510 ±  1.932 %
   3      23.4424 ±    2.7778       0.35320 ±    0.03795       0.31990 ±    0.01889    16.799 ±  1.098 %    72.549 ±  1.615 %
   4      23.3219 ±    2.3068       0.36359 ±    0.03227       0.33393 ±    0.01575    16.990 ±  0.947 %    71.176 ±  1.419 %
   5      21.8780 ±    1.8858       0.33741 ±    0.02757       0.32584 ±    0.01333    16.334 ±  0.822 %    70.353 ±  1.280 %
   6      23.3580 ±    1.8377       0.35075 ±    0.02518       0.32601 ±    0.01208    16.012 ±  0.745 %    70.458 ±  1.167 %
   7      24.1884 ±    1.7619       0.36221 ±    0.02317       0.32662 ±    0.01098    15.717 ±  0.685 %    70.588 ±  1.079 %
   8      26.5445 ±    1.8526       0.36852 ±    0.02207       0.33228 ±    0.01039    15.554 ±  0.652 %    69.804 ±  1.017 %
   9      28.1759 ±    1.8652       0.37219 ±    0.02067       0.33397 ±    0.00964    15.413 ±  0.609 %    70.414 ±  0.953 %
  10      29.2887 ±    1.8344       0.36898 ±    0.01973       0.33805 ±    0.00943    15.546 ±  0.582 %    69.843 ±  0.909 %
  11      29.6242 ±    1.7750       0.37230 ±    0.01877       0.33974 ±    0.00905    15.380 ±  0.546 %    69.733 ±  0.868 %
  12      29.8807 ±    1.7206       0.37959 ±    0.01832       0.34226 ±    0.00879    15.396 ±  0.519 %    69.771 ±  0.830 %
  13      31.3730 ±    1.7452       0.38901 ±    0.01763       0.34604 ±    0.00854    15.383 ±  0.501 %    69.653 ±  0.799 %
  14      30.2043 ±    1.6121       0.39122 ±    0.01698       0.34619 ±    0.00825    15.609 ±  0.483 %    70.084 ±  0.766 %
  15      29.4955 ±    1.5126       0.38184 ±    0.01625       0.34005 ±    0.00778    15.413 ±  0.463 %    70.092 ±  0.740 %
  16      30.3388 ±    1.5146       0.38502 ±    0.01578       0.34439 ±    0.00771    15.438 ±  0.448 %    70.025 ±  0.717 %
  17      27.8706 ±    1.3404       0.37543 ±    0.01523       0.33909 ±    0.00739    15.445 ±  0.431 %    70.657 ±  0.692 %
  18      28.2161 ±    1.3199       0.37613 ±    0.01494       0.34071 ±    0.00720    15.487 ±  0.417 %    70.697 ±  0.672 %
  19      27.9215 ±    1.2744       0.37266 ±    0.01454       0.34001 ±    0.00698    15.450 ±  0.406 %    70.753 ±  0.654 %
  20      27.7126 ±    1.2314       0.37339 ±    0.01415       0.34003 ±    0.00675    15.431 ±  0.393 %    70.725 ±  0.637 %
  21      26.8964 ±    1.1631       0.37116 ±    0.01379       0.33791 ±    0.00655    15.429 ±  0.381 %    70.794 ±  0.621 %
  22      26.7637 ±    1.1279       0.37343 ±    0.01346       0.33800 ±    0.00635    15.365 ±  0.369 %    70.838 ±  0.607 %
  23      25.4842 ±    1.0458       0.36670 ±    0.01305       0.33256 ±    0.00617    15.280 ±  0.358 %    71.236 ±  0.591 %
  24      23.9697 ±    0.9548       0.36479 ±    0.01268       0.32963 ±    0.00601    15.495 ±  0.349 %    71.552 ±  0.577 %
  25      23.6789 ±    0.9235       0.36824 ±    0.01241       0.32853 ±    0.00582    15.498 ±  0.338 %    71.827 ±  0.563 %
  26      23.2286 ±    0.8868       0.37071 ±    0.01219       0.32681 ±    0.00578    15.517 ±  0.335 %    72.081 ±  0.551 %
  27      22.7185 ±    0.8479       0.36663 ±    0.01187       0.32248 ±    0.00560    15.398 ±  0.327 %    72.259 ±  0.540 %
  28      22.4852 ±    0.8242       0.36556 ±    0.01162       0.32224 ±    0.00547    15.415 ±  0.320 %    72.325 ±  0.530 %
  29      22.4411 ±    0.8089       0.36758 ±    0.01151       0.32293 ±    0.00541    15.395 ±  0.313 %    72.252 ±  0.521 %
  30      22.4124 ±    0.7941       0.36558 ±    0.01129       0.32290 ±    0.00527    15.403 ±  0.306 %    72.458 ±  0.511 %
  31      22.1106 ±    0.7690       0.36447 ±    0.01109       0.32253 ±    0.00516    15.355 ±  0.301 %    72.498 ±  0.502 %
  32      22.3125 ±    0.7655       0.36546 ±    0.01095       0.32320 ±    0.00514    15.355 ±  0.297 %    72.488 ±  0.494 %
  33      22.1402 ±    0.7474       0.36528 ±    0.01075       0.32115 ±    0.00503    15.288 ±  0.291 %    72.549 ±  0.487 %
  34      22.5482 ±    0.7510       0.36950 ±    0.01062       0.32233 ±    0.00497    15.248 ±  0.286 %    72.307 ±  0.481 %
  35      22.9748 ±    0.7549       0.37311 ±    0.01050       0.32351 ±    0.00490    15.211 ±  0.282 %    72.202 ±  0.474 %
  36      23.5584 ±    0.7649       0.37189 ±    0.01035       0.32384 ±    0.00480    15.121 ±  0.277 %    72.092 ±  0.468 %
  37      24.0148 ±    0.7696       0.37386 ±    0.01022       0.32509 ±    0.00472    15.029 ±  0.273 %    72.061 ±  0.462 %
  38      23.9496 ±    0.7570       0.37210 ±    0.01005       0.32444 ±    0.00463    15.020 ±  0.269 %    72.136 ±  0.455 %
  39      23.9269 ±    0.7465       0.36969 ±    0.00995       0.32496 ±    0.00459    14.993 ±  0.265 %    72.086 ±  0.450 %
  40      24.0760 ±    0.7450       0.37164 ±    0.00987       0.32484 ±    0.00454    14.913 ±  0.261 %    72.137 ±  0.444 %

====== Perplexity statistics ======
Mean PPL(Q)                   :  24.075977 ±   0.745012
Mean PPL(base)                :  16.602799 ±   0.493484
Cor(ln(PPL(Q)), ln(PPL(base))):  94.79%
Mean ln(PPL(Q)/PPL(base))     :   0.371643 ±   0.009867
Mean PPL(Q)/PPL(base)         :   1.450116 ±   0.014308
Mean PPL(Q)-PPL(base)         :   7.473178 ±   0.318721

====== KL divergence statistics ======
Mean    KLD:   0.324835 ±   0.004538
Maximum KLD:   7.487402
99.9%   KLD:   4.787090
99.0%   KLD:   2.251862
95.0%   KLD:   1.012034
90.0%   KLD:   0.683280
Median  KLD:   0.201521
10.0%   KLD:   0.022026
 5.0%   KLD:   0.008025
 1.0%   KLD:   0.001040
 0.1%   KLD:   0.000135
Minimum KLD:   0.000025

====== Token probability statistics ======
Mean    Δp: -4.843 ± 0.140 %
Maximum Δp: 72.251%
99.9%   Δp: 47.853%
99.0%   Δp: 23.357%
95.0%   Δp:  9.376%
90.0%   Δp:  4.051%
75.0%   Δp:  0.070%
Median  Δp: -0.577%
25.0%   Δp: -6.605%
10.0%   Δp: -19.432%
 5.0%   Δp: -31.565%
 1.0%   Δp: -66.275%
 0.1%   Δp: -93.324%
Minimum Δp: -98.714%
RMS Δp    : 14.913 ± 0.261 %
Same top p: 72.137 ± 0.444 %

