0.13.168.552 I 
0.13.168.633 I system_info: n_threads = 8 (n_threads_batch = 8) / 32 | CPU : SSE3 = 1 | SSSE3 = 1 | AVX = 1 | AVX_VNNI = 1 | AVX2 = 1 | F16C = 1 | FMA = 1 | BMI2 = 1 | AVX512 = 1 | AVX512_VBMI = 1 | AVX512_VNNI = 1 | AVX512_BF16 = 1 | LLAMAFILE = 1 | OPENMP = 1 | REPACK = 1 | 
0.13.218.860 I kl_divergence: computing over 20 chunks, n_ctx=512, batch_size=2048, n_seq=4
1.28.112.013 I kl_divergence: 74.89 seconds per pass - ETA 6.23 minutes

chunk             PPL               ln(PPL(Q)/PPL(base))          KL Divergence              Δp RMS            Same top p
   1       4.9357 ±    0.7220       0.19504 ±    0.05529       0.20333 ±    0.03181    15.043 ±  2.215 %    86.667 ±  2.133 %
   2       6.9115 ±    0.8337       0.18739 ±    0.03489       0.19067 ±    0.01870    13.157 ±  1.427 %    84.706 ±  1.595 %
   3       6.3940 ±    0.6127       0.21697 ±    0.03214       0.29781 ±    0.02421    17.342 ±  1.174 %    81.046 ±  1.418 %
   4       6.1725 ±    0.4882       0.18272 ±    0.02745       0.28868 ±    0.01983    17.217 ±  0.959 %    80.000 ±  1.253 %
   5       6.2415 ±    0.4323       0.17032 ±    0.02353       0.26810 ±    0.01614    16.509 ±  0.829 %    79.765 ±  1.126 %
   6       6.5784 ±    0.4163       0.19049 ±    0.02122       0.26515 ±    0.01399    16.344 ±  0.738 %    79.085 ±  1.040 %
   7       6.8079 ±    0.4008       0.17960 ±    0.02009       0.26251 ±    0.01236    15.992 ±  0.668 %    78.936 ±  0.965 %
   8       7.3561 ±    0.4146       0.17056 ±    0.01825       0.25150 ±    0.01094    15.416 ±  0.612 %    79.510 ±  0.894 %
   9       7.8999 ±    0.4272       0.16754 ±    0.01707       0.24285 ±    0.00988    14.878 ±  0.575 %    79.608 ±  0.841 %
  10       8.3220 ±    0.4297       0.16317 ±    0.01601       0.23458 ±    0.00900    14.433 ±  0.539 %    79.647 ±  0.797 %
  11       8.2048 ±    0.3998       0.15888 ±    0.01520       0.23038 ±    0.00835    14.275 ±  0.509 %    79.893 ±  0.757 %
  12       8.3797 ±    0.3947       0.16189 ±    0.01442       0.22947 ±    0.00790    14.369 ±  0.494 %    80.131 ±  0.721 %
  13       8.8185 ±    0.4058       0.15620 ±    0.01377       0.22618 ±    0.00766    14.230 ±  0.478 %    80.090 ±  0.694 %
  14       8.3379 ±    0.3655       0.15784 ±    0.01301       0.22237 ±    0.00724    14.306 ±  0.460 %    80.280 ±  0.666 %
  15       8.2548 ±    0.3486       0.15391 ±    0.01239       0.21624 ±    0.00681    14.002 ±  0.441 %    80.314 ±  0.643 %
  16       8.2775 ±    0.3388       0.15251 ±    0.01195       0.21298 ±    0.00651    13.888 ±  0.424 %    80.343 ±  0.622 %
  17       7.7765 ±    0.3051       0.14655 ±    0.01143       0.20792 ±    0.00624    13.745 ±  0.408 %    80.507 ±  0.602 %
  18       7.8216 ±    0.2982       0.14474 ±    0.01109       0.20631 ±    0.00595    13.648 ±  0.394 %    80.588 ±  0.584 %
  19       7.7790 ±    0.2899       0.14875 ±    0.01108       0.20892 ±    0.00617    13.686 ±  0.388 %    80.640 ±  0.568 %
  20       7.6765 ±    0.2772       0.14699 ±    0.01088       0.21038 ±    0.00594    13.667 ±  0.373 %    80.529 ±  0.555 %

====== Perplexity statistics ======
Mean PPL(Q)                   :   7.676528 ±   0.277203
Mean PPL(base)                :   6.627162 ±   0.228283
Cor(ln(PPL(Q)), ln(PPL(base))):  95.35%
Mean ln(PPL(Q)/PPL(base))     :   0.146991 ±   0.010881
Mean PPL(Q)/PPL(base)         :   1.158343 ±   0.012604
Mean PPL(Q)-PPL(base)         :   1.049367 ±   0.090969

====== KL divergence statistics ======
Mean    KLD:   0.210383 ±   0.005937
Maximum KLD:   7.957119
99.9%   KLD:   5.475849
99.0%   KLD:   1.899540
95.0%   KLD:   0.732936
90.0%   KLD:   0.464383
Median  KLD:   0.098369
10.0%   KLD:   0.002849
 5.0%   KLD:   0.000692
 1.0%   KLD:   0.000057
 0.1%   KLD:   0.000005
Minimum KLD:   0.000001

====== Token probability statistics ======
Mean    Δp: -2.109 ± 0.189 %
Maximum Δp: 72.645%
99.9%   Δp: 55.194%
99.0%   Δp: 31.629%
95.0%   Δp: 14.510%
90.0%   Δp:  7.897%
75.0%   Δp:  1.333%
Median  Δp: -0.073%
25.0%   Δp: -3.621%
10.0%   Δp: -13.662%
 5.0%   Δp: -23.634%
 1.0%   Δp: -58.238%
 0.1%   Δp: -93.257%
Minimum Δp: -98.276%
RMS Δp    : 13.667 ± 0.373 %
Same top p: 80.529 ± 0.555 %

