0.10.757.348 I 
0.10.757.421 I system_info: n_threads = 8 (n_threads_batch = 8) / 32 | CPU : SSE3 = 1 | SSSE3 = 1 | AVX = 1 | AVX_VNNI = 1 | AVX2 = 1 | F16C = 1 | FMA = 1 | BMI2 = 1 | AVX512 = 1 | AVX512_VBMI = 1 | AVX512_VNNI = 1 | AVX512_BF16 = 1 | LLAMAFILE = 1 | OPENMP = 1 | REPACK = 1 | 
0.10.820.537 I kl_divergence: computing over 20 chunks, n_ctx=512, batch_size=2048, n_seq=4
0.40.177.849 I kl_divergence: 29.36 seconds per pass - ETA 2.43 minutes

chunk             PPL               ln(PPL(Q)/PPL(base))          KL Divergence              Δp RMS            Same top p
   1       4.6498 ±    0.6659       0.13536 ±    0.02800       0.08223 ±    0.01269     9.996 ±  1.280 %    90.980 ±  1.797 %
   2       6.6474 ±    0.7954       0.14844 ±    0.02130       0.09367 ±    0.00927     8.947 ±  0.814 %    87.647 ±  1.458 %
   3       5.9329 ±    0.5726       0.14212 ±    0.02258       0.14755 ±    0.01300    11.856 ±  0.855 %    86.536 ±  1.235 %
   4       5.8872 ±    0.4714       0.13540 ±    0.01932       0.14970 ±    0.01121    11.799 ±  0.742 %    85.588 ±  1.100 %
   5       5.9452 ±    0.4148       0.12168 ±    0.01710       0.14360 ±    0.00929    11.744 ±  0.668 %    85.569 ±  0.985 %
   6       6.1667 ±    0.3923       0.12586 ±    0.01522       0.14122 ±    0.00811    11.472 ±  0.590 %    84.706 ±  0.920 %
   7       6.4079 ±    0.3790       0.11904 ±    0.01410       0.14044 ±    0.00713    11.072 ±  0.531 %    84.706 ±  0.852 %
   8       6.9783 ±    0.3962       0.11783 ±    0.01329       0.13683 ±    0.00654    10.874 ±  0.519 %    84.951 ±  0.792 %
   9       7.4725 ±    0.4035       0.11192 ±    0.01232       0.13316 ±    0.00590    10.577 ±  0.484 %    84.619 ±  0.753 %
  10       7.8558 ±    0.4027       0.10552 ±    0.01141       0.12874 ±    0.00536    10.189 ±  0.454 %    84.471 ±  0.717 %
  11       7.7758 ±    0.3768       0.10519 ±    0.01116       0.12951 ±    0.00528    10.130 ±  0.432 %    84.599 ±  0.682 %
  12       7.9366 ±    0.3721       0.10756 ±    0.01071       0.13007 ±    0.00514    10.288 ±  0.428 %    84.641 ±  0.652 %
  13       8.3634 ±    0.3835       0.10323 ±    0.01023       0.12725 ±    0.00478    10.048 ±  0.406 %    84.676 ±  0.626 %
  14       7.8961 ±    0.3446       0.10340 ±    0.00976       0.12494 ±    0.00454    10.047 ±  0.391 %    84.790 ±  0.601 %
  15       7.8283 ±    0.3282       0.10087 ±    0.00938       0.12334 ±    0.00432    10.060 ±  0.380 %    84.810 ±  0.580 %
  16       7.8478 ±    0.3190       0.09920 ±    0.00902       0.12052 ±    0.00408     9.953 ±  0.363 %    85.074 ±  0.558 %
  17       7.4022 ±    0.2884       0.09723 ±    0.00859       0.11678 ±    0.00386     9.817 ±  0.347 %    85.144 ±  0.540 %
  18       7.4564 ±    0.2824       0.09693 ±    0.00826       0.11516 ±    0.00368     9.650 ±  0.335 %    85.272 ±  0.523 %
  19       7.3679 ±    0.2722       0.09446 ±    0.00801       0.11397 ±    0.00352     9.592 ±  0.323 %    85.387 ±  0.508 %
  20       7.2700 ±    0.2599       0.09258 ±    0.00779       0.11503 ±    0.00340     9.569 ±  0.310 %    85.314 ±  0.496 %

====== Perplexity statistics ======
Mean PPL(Q)                   :   7.269982 ±   0.259933
Mean PPL(base)                :   6.627162 ±   0.228283
Cor(ln(PPL(Q)), ln(PPL(base))):  97.61%
Mean ln(PPL(Q)/PPL(base))     :   0.092577 ±   0.007788
Mean PPL(Q)/PPL(base)         :   1.096998 ±   0.008543
Mean PPL(Q)-PPL(base)         :   0.642821 ±   0.061978

====== KL divergence statistics ======
Mean    KLD:   0.115027 ±   0.003402
Maximum KLD:   4.873093
99.9%   KLD:   3.124595
99.0%   KLD:   1.026380
95.0%   KLD:   0.399124
90.0%   KLD:   0.256812
Median  KLD:   0.054259
10.0%   KLD:   0.001548
 5.0%   KLD:   0.000369
 1.0%   KLD:   0.000032
 0.1%   KLD:   0.000003
Minimum KLD:  -0.000014

====== Token probability statistics ======
Mean    Δp: -0.958 ± 0.133 %
Maximum Δp: 78.496%
99.9%   Δp: 53.883%
99.0%   Δp: 25.016%
95.0%   Δp: 10.903%
90.0%   Δp:  6.205%
75.0%   Δp:  1.000%
Median  Δp: -0.039%
25.0%   Δp: -2.248%
10.0%   Δp: -8.555%
 5.0%   Δp: -14.268%
 1.0%   Δp: -36.620%
 0.1%   Δp: -75.604%
Minimum Δp: -96.659%
RMS Δp    :  9.569 ± 0.310 %
Same top p: 85.314 ± 0.496 %

