0.08.118.948 I 
0.08.119.022 I system_info: n_threads = 8 (n_threads_batch = 8) / 32 | CPU : SSE3 = 1 | SSSE3 = 1 | AVX = 1 | AVX_VNNI = 1 | AVX2 = 1 | F16C = 1 | FMA = 1 | BMI2 = 1 | AVX512 = 1 | AVX512_VBMI = 1 | AVX512_VNNI = 1 | AVX512_BF16 = 1 | LLAMAFILE = 1 | OPENMP = 1 | REPACK = 1 | 
0.08.139.334 I kl_divergence: computing over 20 chunks, n_ctx=512, batch_size=2048, n_seq=4
0.21.696.213 I kl_divergence: 13.56 seconds per pass - ETA 1.12 minutes

chunk             PPL               ln(PPL(Q)/PPL(base))          KL Divergence              Δp RMS            Same top p
   1       4.7299 ±    0.6814       0.15245 ±    0.04892       0.16565 ±    0.02768    13.235 ±  1.766 %    87.059 ±  2.106 %
   2       6.7454 ±    0.8184       0.16306 ±    0.03075       0.15417 ±    0.01560    11.424 ±  1.152 %    83.922 ±  1.628 %
   3       6.1610 ±    0.5938       0.17984 ±    0.02727       0.23063 ±    0.01796    15.003 ±  0.985 %    81.830 ±  1.395 %
   4       5.9522 ±    0.4735       0.14638 ±    0.02380       0.22811 ±    0.01498    14.833 ±  0.806 %    81.373 ±  1.220 %
   5       6.0516 ±    0.4218       0.13943 ±    0.02043       0.21148 ±    0.01217    14.095 ±  0.693 %    82.118 ±  1.074 %
   6       6.3148 ±    0.4003       0.14960 ±    0.01826       0.20867 ±    0.01053    13.912 ±  0.625 %    81.176 ±  1.000 %
   7       6.5495 ±    0.3857       0.14089 ±    0.01752       0.20849 ±    0.00939    13.640 ±  0.571 %    81.120 ±  0.927 %
   8       7.1410 ±    0.4037       0.14088 ±    0.01608       0.20231 ±    0.00847    13.289 ±  0.539 %    81.520 ±  0.860 %
   9       7.6477 ±    0.4136       0.13509 ±    0.01491       0.19474 ±    0.00762    12.788 ±  0.503 %    81.394 ±  0.812 %
  10       8.0812 ±    0.4172       0.13381 ±    0.01408       0.18843 ±    0.00694    12.390 ±  0.471 %    81.412 ±  0.771 %
  11       7.9871 ±    0.3894       0.13200 ±    0.01334       0.18417 ±    0.00641    12.160 ±  0.439 %    81.604 ±  0.732 %
  12       8.1300 ±    0.3829       0.13164 ±    0.01261       0.18251 ±    0.00603    12.148 ±  0.424 %    81.928 ±  0.696 %
  13       8.5723 ±    0.3951       0.12790 ±    0.01226       0.18045 ±    0.00606    12.025 ±  0.418 %    82.051 ±  0.667 %
  14       8.0963 ±    0.3559       0.12844 ±    0.01169       0.17656 ±    0.00578    11.951 ±  0.404 %    82.437 ±  0.637 %
  15       8.0241 ±    0.3393       0.12557 ±    0.01115       0.17246 ±    0.00545    11.748 ±  0.386 %    82.353 ±  0.616 %
  16       8.0544 ±    0.3303       0.12519 ±    0.01077       0.16945 ±    0.00518    11.682 ±  0.372 %    82.549 ±  0.594 %
  17       7.5745 ±    0.2976       0.12024 ±    0.01032       0.16576 ±    0.00497    11.616 ±  0.360 %    82.653 ±  0.575 %
  18       7.6279 ±    0.2915       0.11967 ±    0.01006       0.16458 ±    0.00475    11.530 ±  0.351 %    82.745 ±  0.558 %
  19       7.5608 ±    0.2820       0.12031 ±    0.00988       0.16543 ±    0.00479    11.568 ±  0.349 %    82.951 ±  0.540 %
  20       7.4692 ±    0.2701       0.11961 ±    0.00972       0.16657 ±    0.00460    11.590 ±  0.335 %    82.863 ±  0.528 %

====== Perplexity statistics ======
Mean PPL(Q)                   :   7.469206 ±   0.270071
Mean PPL(base)                :   6.627162 ±   0.228283
Cor(ln(PPL(Q)), ln(PPL(base))):  96.32%
Mean ln(PPL(Q)/PPL(base))     :   0.119612 ±   0.009721
Mean PPL(Q)/PPL(base)         :   1.127060 ±   0.010956
Mean PPL(Q)-PPL(base)         :   0.842045 ±   0.079240

====== KL divergence statistics ======
Mean    KLD:   0.166572 ±   0.004603
Maximum KLD:   6.849240
99.9%   KLD:   3.649693
99.0%   KLD:   1.509217
95.0%   KLD:   0.582775
90.0%   KLD:   0.373376
Median  KLD:   0.081486
10.0%   KLD:   0.002151
 5.0%   KLD:   0.000555
 1.0%   KLD:   0.000055
 0.1%   KLD:   0.000004
Minimum KLD:  -0.000000

====== Token probability statistics ======
Mean    Δp: -1.241 ± 0.161 %
Maximum Δp: 76.640%
99.9%   Δp: 52.943%
99.0%   Δp: 28.050%
95.0%   Δp: 13.578%
90.0%   Δp:  7.815%
75.0%   Δp:  1.450%
Median  Δp: -0.036%
25.0%   Δp: -2.720%
10.0%   Δp: -11.313%
 5.0%   Δp: -18.716%
 1.0%   Δp: -45.533%
 0.1%   Δp: -86.915%
Minimum Δp: -99.809%
RMS Δp    : 11.590 ± 0.335 %
Same top p: 82.863 ± 0.528 %

