parity ranks: attn 195.4 -> 192, gdn 158.5 -> 160
blk.3 attn_q/attn_k/attn_v r_s=192 capture=0.411 outs=[12288, 1024, 1024]
blk.7 attn_q/attn_k/attn_v r_s=192 capture=0.407 outs=[12288, 1024, 1024]
blk.11 attn_q/attn_k/attn_v r_s=192 capture=0.430 outs=[12288, 1024, 1024]
blk.15 attn_q/attn_k/attn_v r_s=192 capture=0.406 outs=[12288, 1024, 1024]
blk.19 attn_q/attn_k/attn_v r_s=192 capture=0.421 outs=[12288, 1024, 1024]
blk.23 attn_q/attn_k/attn_v r_s=192 capture=0.452 outs=[12288, 1024, 1024]
blk.27 attn_q/attn_k/attn_v r_s=192 capture=0.465 outs=[12288, 1024, 1024]
blk.31 attn_q/attn_k/attn_v r_s=192 capture=0.420 outs=[12288, 1024, 1024]
blk.35 attn_q/attn_k/attn_v r_s=192 capture=0.426 outs=[12288, 1024, 1024]
blk.39 attn_q/attn_k/attn_v r_s=192 capture=0.458 outs=[12288, 1024, 1024]
blk.43 attn_q/attn_k/attn_v r_s=192 capture=0.464 outs=[12288, 1024, 1024]
blk.47 attn_q/attn_k/attn_v r_s=192 capture=0.449 outs=[12288, 1024, 1024]
blk.51 attn_q/attn_k/attn_v r_s=192 capture=0.479 outs=[12288, 1024, 1024]
blk.55 attn_q/attn_k/attn_v r_s=192 capture=0.486 outs=[12288, 1024, 1024]
blk.59 attn_q/attn_k/attn_v r_s=192 capture=0.495 outs=[12288, 1024, 1024]
blk.63 attn_q/attn_k/attn_v r_s=192 capture=0.558 outs=[12288, 1024, 1024]
blk.0 attn_qkv/attn_gate r_s=160 capture=0.483 outs=[10240, 6144]
blk.1 attn_qkv/attn_gate r_s=160 capture=0.466 outs=[10240, 6144]
blk.2 attn_qkv/attn_gate r_s=160 capture=0.440 outs=[10240, 6144]
blk.4 attn_qkv/attn_gate r_s=160 capture=0.429 outs=[10240, 6144]
blk.5 attn_qkv/attn_gate r_s=160 capture=0.421 outs=[10240, 6144]
blk.6 attn_qkv/attn_gate r_s=160 capture=0.389 outs=[10240, 6144]
blk.8 attn_qkv/attn_gate r_s=160 capture=0.388 outs=[10240, 6144]
blk.9 attn_qkv/attn_gate r_s=160 capture=0.392 outs=[10240, 6144]
blk.10 attn_qkv/attn_gate r_s=160 capture=0.391 outs=[10240, 6144]
blk.12 attn_qkv/attn_gate r_s=160 capture=0.395 outs=[10240, 6144]
blk.13 attn_qkv/attn_gate r_s=160 capture=0.393 outs=[10240, 6144]
blk.14 attn_qkv/attn_gate r_s=160 capture=0.383 outs=[10240, 6144]
blk.16 attn_qkv/attn_gate r_s=160 capture=0.361 outs=[10240, 6144]
blk.17 attn_qkv/attn_gate r_s=160 capture=0.367 outs=[10240, 6144]
blk.18 attn_qkv/attn_gate r_s=160 capture=0.378 outs=[10240, 6144]
blk.20 attn_qkv/attn_gate r_s=160 capture=0.390 outs=[10240, 6144]
blk.21 attn_qkv/attn_gate r_s=160 capture=0.419 outs=[10240, 6144]
blk.22 attn_qkv/attn_gate r_s=160 capture=0.413 outs=[10240, 6144]
blk.24 attn_qkv/attn_gate r_s=160 capture=0.422 outs=[10240, 6144]
blk.25 attn_qkv/attn_gate r_s=160 capture=0.433 outs=[10240, 6144]
blk.26 attn_qkv/attn_gate r_s=160 capture=0.431 outs=[10240, 6144]
blk.28 attn_qkv/attn_gate r_s=160 capture=0.414 outs=[10240, 6144]
blk.29 attn_qkv/attn_gate r_s=160 capture=0.400 outs=[10240, 6144]
blk.30 attn_qkv/attn_gate r_s=160 capture=0.396 outs=[10240, 6144]
blk.32 attn_qkv/attn_gate r_s=160 capture=0.365 outs=[10240, 6144]
blk.33 attn_qkv/attn_gate r_s=160 capture=0.360 outs=[10240, 6144]
blk.34 attn_qkv/attn_gate r_s=160 capture=0.385 outs=[10240, 6144]
blk.36 attn_qkv/attn_gate r_s=160 capture=0.422 outs=[10240, 6144]
blk.37 attn_qkv/attn_gate r_s=160 capture=0.453 outs=[10240, 6144]
blk.38 attn_qkv/attn_gate r_s=160 capture=0.438 outs=[10240, 6144]
blk.40 attn_qkv/attn_gate r_s=160 capture=0.434 outs=[10240, 6144]
blk.41 attn_qkv/attn_gate r_s=160 capture=0.432 outs=[10240, 6144]
blk.42 attn_qkv/attn_gate r_s=160 capture=0.431 outs=[10240, 6144]
blk.44 attn_qkv/attn_gate r_s=160 capture=0.432 outs=[10240, 6144]
blk.45 attn_qkv/attn_gate r_s=160 capture=0.423 outs=[10240, 6144]
blk.46 attn_qkv/attn_gate r_s=160 capture=0.424 outs=[10240, 6144]
blk.48 attn_qkv/attn_gate r_s=160 capture=0.419 outs=[10240, 6144]
blk.49 attn_qkv/attn_gate r_s=160 capture=0.428 outs=[10240, 6144]
blk.50 attn_qkv/attn_gate r_s=160 capture=0.444 outs=[10240, 6144]
blk.52 attn_qkv/attn_gate r_s=160 capture=0.454 outs=[10240, 6144]
blk.53 attn_qkv/attn_gate r_s=160 capture=0.475 outs=[10240, 6144]
blk.54 attn_qkv/attn_gate r_s=160 capture=0.469 outs=[10240, 6144]
blk.56 attn_qkv/attn_gate r_s=160 capture=0.455 outs=[10240, 6144]
blk.57 attn_qkv/attn_gate r_s=160 capture=0.471 outs=[10240, 6144]
blk.58 attn_qkv/attn_gate r_s=160 capture=0.473 outs=[10240, 6144]
blk.60 attn_qkv/attn_gate r_s=160 capture=0.473 outs=[10240, 6144]
blk.61 attn_qkv/attn_gate r_s=160 capture=0.473 outs=[10240, 6144]
blk.62 attn_qkv/attn_gate r_s=160 capture=0.499 outs=[10240, 6144]

wrote mixed-fc-sharedA-q8-bf16.gguf: 412.3 MB file (128 single tensors copied)
BYTES  file(dup-A)=412.2MB  DEDUP(alias-patch)=337.0MB  old-equiv@r128=336.5MB
total 196s
