blk.0.attn_qkv.weight                        r=128  whitened-energy captured 0.22
blk.0.attn_gate.weight                       r=128  whitened-energy captured 0.22
blk.0.ssm_out.weight                         r=128  whitened-energy captured 0.30
blk.0.ffn_down.weight                        r=128  whitened-energy captured 0.24
blk.0.ffn_gate.weight                        r=128  whitened-energy captured 0.20
blk.0.ffn_up.weight                          r=128  whitened-energy captured 0.20
blk.1.attn_qkv.weight                        r=128  whitened-energy captured 0.22
blk.1.attn_gate.weight                       r=128  whitened-energy captured 0.23
blk.1.ssm_out.weight                         r=128  whitened-energy captured 0.29
blk.1.ffn_down.weight                        r=128  whitened-energy captured 0.19
blk.1.ffn_gate.weight                        r=128  whitened-energy captured 0.18
blk.1.ffn_up.weight                          r=128  whitened-energy captured 0.18
blk.2.attn_qkv.weight                        r=128  whitened-energy captured 0.22
blk.2.attn_gate.weight                       r=128  whitened-energy captured 0.21
blk.2.ssm_out.weight                         r=128  whitened-energy captured 0.33
blk.2.ffn_down.weight                        r=128  whitened-energy captured 0.26
blk.2.ffn_gate.weight                        r=128  whitened-energy captured 0.18
blk.2.ffn_up.weight                          r=128  whitened-energy captured 0.18
blk.3.ffn_down.weight                        r=128  whitened-energy captured 0.24
blk.3.ffn_gate.weight                        r=128  whitened-energy captured 0.18
blk.3.ffn_up.weight                          r=128  whitened-energy captured 0.18
blk.3.attn_k.weight                          r=128  whitened-energy captured 0.33
blk.3.attn_output.weight                     r=128  whitened-energy captured 0.44
blk.3.attn_q.weight                          r=128  whitened-energy captured 0.19
blk.3.attn_v.weight                          r=128  whitened-energy captured 0.33
blk.4.attn_qkv.weight                        r=128  whitened-energy captured 0.21
blk.4.attn_gate.weight                       r=128  whitened-energy captured 0.22
blk.4.ssm_out.weight                         r=128  whitened-energy captured 0.32
blk.4.ffn_down.weight                        r=128  whitened-energy captured 0.19
blk.4.ffn_gate.weight                        r=128  whitened-energy captured 0.18
blk.4.ffn_up.weight                          r=128  whitened-energy captured 0.18
blk.5.attn_qkv.weight                        r=128  whitened-energy captured 0.21
blk.5.attn_gate.weight                       r=128  whitened-energy captured 0.22
blk.5.ssm_out.weight                         r=128  whitened-energy captured 0.24
blk.5.ffn_down.weight                        r=128  whitened-energy captured 0.16
blk.5.ffn_gate.weight                        r=128  whitened-energy captured 0.17
blk.5.ffn_up.weight                          r=128  whitened-energy captured 0.17
blk.6.attn_qkv.weight                        r=128  whitened-energy captured 0.20
blk.6.attn_gate.weight                       r=128  whitened-energy captured 0.21
blk.6.ssm_out.weight                         r=128  whitened-energy captured 0.26
blk.6.ffn_down.weight                        r=128  whitened-energy captured 0.17
blk.6.ffn_gate.weight                        r=128  whitened-energy captured 0.17
blk.6.ffn_up.weight                          r=128  whitened-energy captured 0.17
blk.7.ffn_down.weight                        r=128  whitened-energy captured 0.17
blk.7.ffn_gate.weight                        r=128  whitened-energy captured 0.16
blk.7.ffn_up.weight                          r=128  whitened-energy captured 0.16
blk.7.attn_k.weight                          r=128  whitened-energy captured 0.32
blk.7.attn_output.weight                     r=128  whitened-energy captured 0.43
blk.7.attn_q.weight                          r=128  whitened-energy captured 0.18
blk.7.attn_v.weight                          r=128  whitened-energy captured 0.32
skip (no imatrix): token_embd.weight
blk.10.attn_qkv.weight                       r=128  whitened-energy captured 0.19
blk.10.attn_gate.weight                      r=128  whitened-energy captured 0.20
blk.10.ssm_out.weight                        r=128  whitened-energy captured 0.24
blk.10.ffn_down.weight                       r=128  whitened-energy captured 0.14
blk.10.ffn_gate.weight                       r=128  whitened-energy captured 0.16
blk.10.ffn_up.weight                         r=128  whitened-energy captured 0.16
blk.11.ffn_down.weight                       r=128  whitened-energy captured 0.13
blk.11.ffn_gate.weight                       r=128  whitened-energy captured 0.16
blk.11.ffn_up.weight                         r=128  whitened-energy captured 0.16
blk.11.attn_k.weight                         r=128  whitened-energy captured 0.36
blk.11.attn_output.weight                    r=128  whitened-energy captured 0.25
blk.11.attn_q.weight                         r=128  whitened-energy captured 0.19
blk.11.attn_v.weight                         r=128  whitened-energy captured 0.32
blk.12.attn_qkv.weight                       r=128  whitened-energy captured 0.19
blk.12.attn_gate.weight                      r=128  whitened-energy captured 0.20
blk.12.ssm_out.weight                        r=128  whitened-energy captured 0.22
blk.12.ffn_down.weight                       r=128  whitened-energy captured 0.12
blk.12.ffn_gate.weight                       r=128  whitened-energy captured 0.16
blk.12.ffn_up.weight                         r=128  whitened-energy captured 0.16
blk.13.attn_qkv.weight                       r=128  whitened-energy captured 0.20
blk.13.attn_gate.weight                      r=128  whitened-energy captured 0.20
blk.13.ssm_out.weight                        r=128  whitened-energy captured 0.20
blk.13.ffn_down.weight                       r=128  whitened-energy captured 0.11
blk.13.ffn_gate.weight                       r=128  whitened-energy captured 0.15
blk.13.ffn_up.weight                         r=128  whitened-energy captured 0.15
blk.14.attn_qkv.weight                       r=128  whitened-energy captured 0.17
blk.14.attn_gate.weight                      r=128  whitened-energy captured 0.20
blk.14.ssm_out.weight                        r=128  whitened-energy captured 0.19
blk.14.ffn_down.weight                       r=128  whitened-energy captured 0.10
blk.14.ffn_gate.weight                       r=128  whitened-energy captured 0.15
blk.14.ffn_up.weight                         r=128  whitened-energy captured 0.15
blk.15.ffn_gate.weight                       r=128  whitened-energy captured 0.14
blk.15.ffn_down.weight                       r=128  whitened-energy captured 0.10
blk.15.ffn_up.weight                         r=128  whitened-energy captured 0.14
blk.15.attn_k.weight                         r=128  whitened-energy captured 0.31
blk.15.attn_output.weight                    r=128  whitened-energy captured 0.25
blk.15.attn_q.weight                         r=128  whitened-energy captured 0.16
blk.15.attn_v.weight                         r=128  whitened-energy captured 0.30
blk.8.attn_qkv.weight                        r=128  whitened-energy captured 0.19
blk.8.attn_gate.weight                       r=128  whitened-energy captured 0.20
blk.8.ssm_out.weight                         r=128  whitened-energy captured 0.29
blk.8.ffn_down.weight                        r=128  whitened-energy captured 0.19
blk.8.ffn_gate.weight                        r=128  whitened-energy captured 0.16
blk.8.ffn_up.weight                          r=128  whitened-energy captured 0.16
blk.9.attn_qkv.weight                        r=128  whitened-energy captured 0.19
blk.9.attn_gate.weight                       r=128  whitened-energy captured 0.20
blk.9.ssm_out.weight                         r=128  whitened-energy captured 0.23
blk.9.ffn_down.weight                        r=128  whitened-energy captured 0.17
blk.9.ffn_gate.weight                        r=128  whitened-energy captured 0.16
blk.9.ffn_up.weight                          r=128  whitened-energy captured 0.17
blk.16.attn_qkv.weight                       r=128  whitened-energy captured 0.18
blk.16.attn_gate.weight                      r=128  whitened-energy captured 0.19
blk.16.ssm_out.weight                        r=128  whitened-energy captured 0.20
blk.16.ffn_down.weight                       r=128  whitened-energy captured 0.11
blk.16.ffn_gate.weight                       r=128  whitened-energy captured 0.14
blk.16.ffn_up.weight                         r=128  whitened-energy captured 0.14
blk.17.attn_qkv.weight                       r=128  whitened-energy captured 0.17
blk.17.attn_gate.weight                      r=128  whitened-energy captured 0.19
blk.17.ssm_out.weight                        r=128  whitened-energy captured 0.21
blk.17.ffn_down.weight                       r=128  whitened-energy captured 0.12
blk.17.ffn_gate.weight                       r=128  whitened-energy captured 0.14
blk.17.ffn_up.weight                         r=128  whitened-energy captured 0.14
blk.18.attn_qkv.weight                       r=128  whitened-energy captured 0.16
blk.18.attn_gate.weight                      r=128  whitened-energy captured 0.18
blk.18.ssm_out.weight                        r=128  whitened-energy captured 0.23
blk.18.ffn_down.weight                       r=128  whitened-energy captured 0.15
blk.18.ffn_gate.weight                       r=128  whitened-energy captured 0.15
blk.18.ffn_up.weight                         r=128  whitened-energy captured 0.15
blk.19.ffn_down.weight                       r=128  whitened-energy captured 0.14
blk.19.ffn_gate.weight                       r=128  whitened-energy captured 0.15
blk.19.ffn_up.weight                         r=128  whitened-energy captured 0.15
blk.19.attn_k.weight                         r=128  whitened-energy captured 0.31
blk.19.attn_output.weight                    r=128  whitened-energy captured 0.27
blk.19.attn_q.weight                         r=128  whitened-energy captured 0.18
blk.19.attn_v.weight                         r=128  whitened-energy captured 0.31
blk.20.attn_qkv.weight                       r=128  whitened-energy captured 0.19
blk.20.attn_gate.weight                      r=128  whitened-energy captured 0.20
blk.20.ssm_out.weight                        r=128  whitened-energy captured 0.32
blk.20.ffn_down.weight                       r=128  whitened-energy captured 0.20
blk.20.ffn_gate.weight                       r=128  whitened-energy captured 0.16
blk.20.ffn_up.weight                         r=128  whitened-energy captured 0.16
blk.21.attn_qkv.weight                       r=128  whitened-energy captured 0.19
blk.21.attn_gate.weight                      r=128  whitened-energy captured 0.20
blk.21.ssm_out.weight                        r=128  whitened-energy captured 0.31
blk.21.ffn_down.weight                       r=128  whitened-energy captured 0.16
blk.21.ffn_gate.weight                       r=128  whitened-energy captured 0.17
blk.21.ffn_up.weight                         r=128  whitened-energy captured 0.17
blk.22.attn_qkv.weight                       r=128  whitened-energy captured 0.20
blk.22.attn_gate.weight                      r=128  whitened-energy captured 0.20
blk.22.ssm_out.weight                        r=128  whitened-energy captured 0.34
blk.22.ffn_down.weight                       r=128  whitened-energy captured 0.18
blk.22.ffn_gate.weight                       r=128  whitened-energy captured 0.18
blk.22.ffn_up.weight                         r=128  whitened-energy captured 0.17
blk.23.ffn_down.weight                       r=128  whitened-energy captured 0.20
blk.23.ffn_gate.weight                       r=128  whitened-energy captured 0.18
blk.23.ffn_up.weight                         r=128  whitened-energy captured 0.18
blk.23.attn_k.weight                         r=128  whitened-energy captured 0.36
blk.23.attn_output.weight                    r=128  whitened-energy captured 0.31
blk.23.attn_q.weight                         r=128  whitened-energy captured 0.21
blk.23.attn_v.weight                         r=128  whitened-energy captured 0.34
blk.24.attn_qkv.weight                       r=128  whitened-energy captured 0.20
blk.24.attn_gate.weight                      r=128  whitened-energy captured 0.22
blk.24.ssm_out.weight                        r=128  whitened-energy captured 0.30
blk.24.ffn_down.weight                       r=128  whitened-energy captured 0.23
blk.24.ffn_gate.weight                       r=128  whitened-energy captured 0.18
blk.24.ffn_up.weight                         r=128  whitened-energy captured 0.19
blk.25.attn_qkv.weight                       r=128  whitened-energy captured 0.21
blk.25.attn_gate.weight                      r=128  whitened-energy captured 0.22
blk.25.ssm_out.weight                        r=128  whitened-energy captured 0.28
blk.25.ffn_down.weight                       r=128  whitened-energy captured 0.16
blk.25.ffn_gate.weight                       r=128  whitened-energy captured 0.19
blk.25.ffn_up.weight                         r=128  whitened-energy captured 0.20
blk.26.attn_qkv.weight                       r=128  whitened-energy captured 0.22
blk.26.attn_gate.weight                      r=128  whitened-energy captured 0.22
blk.26.ssm_out.weight                        r=128  whitened-energy captured 0.24
blk.26.ffn_down.weight                       r=128  whitened-energy captured 0.16
blk.26.ffn_gate.weight                       r=128  whitened-energy captured 0.19
blk.26.ffn_up.weight                         r=128  whitened-energy captured 0.19
blk.27.ffn_down.weight                       r=128  whitened-energy captured 0.14
blk.27.ffn_gate.weight                       r=128  whitened-energy captured 0.18
blk.27.ffn_up.weight                         r=128  whitened-energy captured 0.18
blk.27.attn_k.weight                         r=128  whitened-energy captured 0.37
blk.27.attn_output.weight                    r=128  whitened-energy captured 0.26
blk.27.attn_q.weight                         r=128  whitened-energy captured 0.22
blk.27.attn_v.weight                         r=128  whitened-energy captured 0.34
blk.28.attn_qkv.weight                       r=128  whitened-energy captured 0.21
blk.28.attn_gate.weight                      r=128  whitened-energy captured 0.22
blk.28.ssm_out.weight                        r=128  whitened-energy captured 0.21
blk.28.ffn_down.weight                       r=128  whitened-energy captured 0.14
blk.28.ffn_gate.weight                       r=128  whitened-energy captured 0.17
blk.28.ffn_up.weight                         r=128  whitened-energy captured 0.18
blk.29.attn_qkv.weight                       r=128  whitened-energy captured 0.21
blk.29.attn_gate.weight                      r=128  whitened-energy captured 0.21
blk.29.ssm_out.weight                        r=128  whitened-energy captured 0.20
blk.29.ffn_down.weight                       r=128  whitened-energy captured 0.12
blk.29.ffn_gate.weight                       r=128  whitened-energy captured 0.17
blk.29.ffn_up.weight                         r=128  whitened-energy captured 0.17
blk.30.attn_qkv.weight                       r=128  whitened-energy captured 0.19
blk.30.attn_gate.weight                      r=128  whitened-energy captured 0.21
blk.30.ssm_out.weight                        r=128  whitened-energy captured 0.22
blk.30.ffn_down.weight                       r=128  whitened-energy captured 0.13
blk.30.ffn_gate.weight                       r=128  whitened-energy captured 0.16
blk.30.ffn_up.weight                         r=128  whitened-energy captured 0.16
blk.31.ffn_down.weight                       r=128  whitened-energy captured 0.11
blk.31.ffn_gate.weight                       r=128  whitened-energy captured 0.15
blk.31.ffn_up.weight                         r=128  whitened-energy captured 0.15
blk.31.attn_k.weight                         r=128  whitened-energy captured 0.33
blk.31.attn_output.weight                    r=128  whitened-energy captured 0.23
blk.31.attn_q.weight                         r=128  whitened-energy captured 0.18
blk.31.attn_v.weight                         r=128  whitened-energy captured 0.32
blk.32.attn_qkv.weight                       r=128  whitened-energy captured 0.19
blk.32.attn_gate.weight                      r=128  whitened-energy captured 0.18
blk.32.ssm_out.weight                        r=128  whitened-energy captured 0.18
blk.32.ffn_down.weight                       r=128  whitened-energy captured 0.12
blk.32.ffn_gate.weight                       r=128  whitened-energy captured 0.15
blk.32.ffn_up.weight                         r=128  whitened-energy captured 0.15
blk.33.attn_qkv.weight                       r=128  whitened-energy captured 0.19
blk.33.attn_gate.weight                      r=128  whitened-energy captured 0.19
blk.33.ssm_out.weight                        r=128  whitened-energy captured 0.19
blk.33.ffn_down.weight                       r=128  whitened-energy captured 0.13
blk.33.ffn_gate.weight                       r=128  whitened-energy captured 0.15
blk.33.ffn_up.weight                         r=128  whitened-energy captured 0.15
blk.34.attn_qkv.weight                       r=128  whitened-energy captured 0.19
blk.34.attn_gate.weight                      r=128  whitened-energy captured 0.18
blk.34.ssm_out.weight                        r=128  whitened-energy captured 0.22
blk.34.ffn_down.weight                       r=128  whitened-energy captured 0.15
blk.34.ffn_gate.weight                       r=128  whitened-energy captured 0.16
blk.34.ffn_up.weight                         r=128  whitened-energy captured 0.17
blk.35.ffn_down.weight                       r=128  whitened-energy captured 0.18
blk.35.ffn_gate.weight                       r=128  whitened-energy captured 0.16
blk.35.ffn_up.weight                         r=128  whitened-energy captured 0.17
blk.35.attn_k.weight                         r=128  whitened-energy captured 0.32
blk.35.attn_output.weight                    r=128  whitened-energy captured 0.30
blk.35.attn_q.weight                         r=128  whitened-energy captured 0.19
blk.35.attn_v.weight                         r=128  whitened-energy captured 0.33
blk.36.attn_qkv.weight                       r=128  whitened-energy captured 0.19
blk.36.attn_gate.weight                      r=128  whitened-energy captured 0.20
blk.36.ssm_out.weight                        r=128  whitened-energy captured 0.34
blk.36.ffn_down.weight                       r=128  whitened-energy captured 0.21
blk.36.ffn_gate.weight                       r=128  whitened-energy captured 0.18
blk.36.ffn_up.weight                         r=128  whitened-energy captured 0.18
blk.37.attn_qkv.weight                       r=128  whitened-energy captured 0.20
blk.37.attn_gate.weight                      r=128  whitened-energy captured 0.22
blk.37.ssm_out.weight                        r=128  whitened-energy captured 0.30
blk.37.ffn_down.weight                       r=128  whitened-energy captured 0.16
blk.37.ffn_gate.weight                       r=128  whitened-energy captured 0.18
blk.37.ffn_up.weight                         r=128  whitened-energy captured 0.18
blk.38.attn_qkv.weight                       r=128  whitened-energy captured 0.20
blk.38.attn_gate.weight                      r=128  whitened-energy captured 0.21
blk.38.ssm_out.weight                        r=128  whitened-energy captured 0.29
blk.38.ffn_down.weight                       r=128  whitened-energy captured 0.16
blk.38.ffn_gate.weight                       r=128  whitened-energy captured 0.18
blk.38.ffn_up.weight                         r=128  whitened-energy captured 0.18
blk.39.ffn_down.weight                       r=128  whitened-energy captured 0.17
blk.39.ffn_gate.weight                       r=128  whitened-energy captured 0.18
blk.39.ffn_up.weight                         r=128  whitened-energy captured 0.18
blk.39.attn_k.weight                         r=128  whitened-energy captured 0.34
blk.39.attn_output.weight                    r=128  whitened-energy captured 0.31
blk.39.attn_q.weight                         r=128  whitened-energy captured 0.21
blk.39.attn_v.weight                         r=128  whitened-energy captured 0.34
blk.40.attn_qkv.weight                       r=128  whitened-energy captured 0.20
blk.40.attn_gate.weight                      r=128  whitened-energy captured 0.22
blk.40.ssm_out.weight                        r=128  whitened-energy captured 0.27
blk.40.ffn_down.weight                       r=128  whitened-energy captured 0.20
blk.40.ffn_gate.weight                       r=128  whitened-energy captured 0.18
blk.40.ffn_up.weight                         r=128  whitened-energy captured 0.18
blk.41.attn_qkv.weight                       r=128  whitened-energy captured 0.20
blk.41.attn_gate.weight                      r=128  whitened-energy captured 0.21
blk.41.ssm_out.weight                        r=128  whitened-energy captured 0.24
blk.41.ffn_down.weight                       r=128  whitened-energy captured 0.16
blk.41.ffn_gate.weight                       r=128  whitened-energy captured 0.18
blk.41.ffn_up.weight                         r=128  whitened-energy captured 0.19
blk.42.attn_qkv.weight                       r=128  whitened-energy captured 0.20
blk.42.attn_gate.weight                      r=128  whitened-energy captured 0.22
blk.42.ssm_out.weight                        r=128  whitened-energy captured 0.25
blk.42.ffn_down.weight                       r=128  whitened-energy captured 0.18
blk.42.ffn_gate.weight                       r=128  whitened-energy captured 0.18
blk.42.ffn_up.weight                         r=128  whitened-energy captured 0.18
blk.43.ffn_down.weight                       r=128  whitened-energy captured 0.15
blk.43.ffn_gate.weight                       r=128  whitened-energy captured 0.17
blk.43.ffn_up.weight                         r=128  whitened-energy captured 0.17
blk.43.attn_k.weight                         r=128  whitened-energy captured 0.35
blk.43.attn_output.weight                    r=128  whitened-energy captured 0.27
blk.43.attn_q.weight                         r=128  whitened-energy captured 0.21
blk.43.attn_v.weight                         r=128  whitened-energy captured 0.34
blk.44.attn_qkv.weight                       r=128  whitened-energy captured 0.21
blk.44.attn_gate.weight                      r=128  whitened-energy captured 0.22
blk.44.ssm_out.weight                        r=128  whitened-energy captured 0.21
blk.44.ffn_down.weight                       r=128  whitened-energy captured 0.15
blk.44.ffn_gate.weight                       r=128  whitened-energy captured 0.17
blk.44.ffn_up.weight                         r=128  whitened-energy captured 0.17
blk.45.attn_qkv.weight                       r=128  whitened-energy captured 0.20
blk.45.attn_gate.weight                      r=128  whitened-energy captured 0.20
blk.45.ssm_out.weight                        r=128  whitened-energy captured 0.21
blk.45.ffn_down.weight                       r=128  whitened-energy captured 0.14
blk.45.ffn_gate.weight                       r=128  whitened-energy captured 0.16
blk.45.ffn_up.weight                         r=128  whitened-energy captured 0.17
blk.46.attn_qkv.weight                       r=128  whitened-energy captured 0.20
blk.46.attn_gate.weight                      r=128  whitened-energy captured 0.19
blk.46.ssm_out.weight                        r=128  whitened-energy captured 0.25
blk.46.ffn_down.weight                       r=128  whitened-energy captured 0.14
blk.46.ffn_gate.weight                       r=128  whitened-energy captured 0.16
blk.46.ffn_up.weight                         r=128  whitened-energy captured 0.16
blk.47.ffn_down.weight                       r=128  whitened-energy captured 0.16
blk.47.ffn_gate.weight                       r=128  whitened-energy captured 0.15
blk.47.ffn_up.weight                         r=128  whitened-energy captured 0.16
blk.47.attn_k.weight                         r=128  whitened-energy captured 0.36
blk.47.attn_output.weight                    r=128  whitened-energy captured 0.26
blk.47.attn_q.weight                         r=128  whitened-energy captured 0.18
blk.47.attn_v.weight                         r=128  whitened-energy captured 0.33
blk.48.attn_qkv.weight                       r=128  whitened-energy captured 0.19
blk.48.attn_gate.weight                      r=128  whitened-energy captured 0.20
blk.48.ssm_out.weight                        r=128  whitened-energy captured 0.21
blk.48.ffn_down.weight                       r=128  whitened-energy captured 0.16
blk.48.ffn_gate.weight                       r=128  whitened-energy captured 0.15
blk.48.ffn_up.weight                         r=128  whitened-energy captured 0.16
blk.49.attn_qkv.weight                       r=128  whitened-energy captured 0.19
blk.49.attn_gate.weight                      r=128  whitened-energy captured 0.19
blk.49.ssm_out.weight                        r=128  whitened-energy captured 0.20
blk.49.ffn_down.weight                       r=128  whitened-energy captured 0.16
blk.49.ffn_gate.weight                       r=128  whitened-energy captured 0.16
blk.49.ffn_up.weight                         r=128  whitened-energy captured 0.16
blk.50.attn_qkv.weight                       r=128  whitened-energy captured 0.19
blk.50.attn_gate.weight                      r=128  whitened-energy captured 0.22
blk.50.ssm_out.weight                        r=128  whitened-energy captured 0.26
blk.50.ffn_down.weight                       r=128  whitened-energy captured 0.19
blk.50.ffn_gate.weight                       r=128  whitened-energy captured 0.18
blk.50.ffn_up.weight                         r=128  whitened-energy captured 0.17
blk.51.ffn_down.weight                       r=128  whitened-energy captured 0.20
blk.51.ffn_gate.weight                       r=128  whitened-energy captured 0.17
blk.51.ffn_up.weight                         r=128  whitened-energy captured 0.17
blk.51.attn_k.weight                         r=128  whitened-energy captured 0.35
blk.51.attn_output.weight                    r=128  whitened-energy captured 0.29
blk.51.attn_q.weight                         r=128  whitened-energy captured 0.20
blk.51.attn_v.weight                         r=128  whitened-energy captured 0.35
blk.52.attn_qkv.weight                       r=128  whitened-energy captured 0.19
blk.52.attn_gate.weight                      r=128  whitened-energy captured 0.22
blk.52.ssm_out.weight                        r=128  whitened-energy captured 0.36
blk.52.ffn_down.weight                       r=128  whitened-energy captured 0.23
blk.52.ffn_gate.weight                       r=128  whitened-energy captured 0.18
blk.52.ffn_up.weight                         r=128  whitened-energy captured 0.18
blk.53.attn_qkv.weight                       r=128  whitened-energy captured 0.20
blk.53.attn_gate.weight                      r=128  whitened-energy captured 0.21
blk.53.ssm_out.weight                        r=128  whitened-energy captured 0.30
blk.53.ffn_down.weight                       r=128  whitened-energy captured 0.19
blk.53.ffn_gate.weight                       r=128  whitened-energy captured 0.19
blk.53.ffn_up.weight                         r=128  whitened-energy captured 0.18
blk.54.attn_qkv.weight                       r=128  whitened-energy captured 0.20
blk.54.attn_gate.weight                      r=128  whitened-energy captured 0.21
blk.54.ssm_out.weight                        r=128  whitened-energy captured 0.41
blk.54.ffn_down.weight                       r=128  whitened-energy captured 0.23
blk.54.ffn_gate.weight                       r=128  whitened-energy captured 0.19
blk.54.ffn_up.weight                         r=128  whitened-energy captured 0.19
blk.55.ffn_down.weight                       r=128  whitened-energy captured 0.23
blk.55.ffn_gate.weight                       r=128  whitened-energy captured 0.19
blk.55.ffn_up.weight                         r=128  whitened-energy captured 0.19
blk.55.attn_k.weight                         r=128  whitened-energy captured 0.35
blk.55.attn_output.weight                    r=128  whitened-energy captured 0.34
blk.55.attn_q.weight                         r=128  whitened-energy captured 0.20
blk.55.attn_v.weight                         r=128  whitened-energy captured 0.35
blk.56.attn_qkv.weight                       r=128  whitened-energy captured 0.21
blk.56.attn_gate.weight                      r=128  whitened-energy captured 0.22
blk.56.ssm_out.weight                        r=128  whitened-energy captured 0.43
blk.56.ffn_down.weight                       r=128  whitened-energy captured 0.26
blk.56.ffn_gate.weight                       r=128  whitened-energy captured 0.20
blk.56.ffn_up.weight                         r=128  whitened-energy captured 0.20
blk.57.attn_qkv.weight                       r=128  whitened-energy captured 0.21
blk.57.attn_gate.weight                      r=128  whitened-energy captured 0.23
blk.57.ssm_out.weight                        r=128  whitened-energy captured 0.47
blk.57.ffn_down.weight                       r=128  whitened-energy captured 0.28
blk.57.ffn_gate.weight                       r=128  whitened-energy captured 0.20
blk.57.ffn_up.weight                         r=128  whitened-energy captured 0.20
blk.58.attn_qkv.weight                       r=128  whitened-energy captured 0.21
blk.58.attn_gate.weight                      r=128  whitened-energy captured 0.23
blk.58.ssm_out.weight                        r=128  whitened-energy captured 0.42
blk.58.ffn_down.weight                       r=128  whitened-energy captured 0.26
blk.58.ffn_gate.weight                       r=128  whitened-energy captured 0.20
blk.58.ffn_up.weight                         r=128  whitened-energy captured 0.20
blk.59.ffn_down.weight                       r=128  whitened-energy captured 0.21
blk.59.ffn_gate.weight                       r=128  whitened-energy captured 0.20
blk.59.ffn_up.weight                         r=128  whitened-energy captured 0.20
blk.59.attn_k.weight                         r=128  whitened-energy captured 0.36
blk.59.attn_output.weight                    r=128  whitened-energy captured 0.47
blk.59.attn_q.weight                         r=128  whitened-energy captured 0.21
blk.59.attn_v.weight                         r=128  whitened-energy captured 0.36
blk.60.attn_qkv.weight                       r=128  whitened-energy captured 0.22
blk.60.attn_gate.weight                      r=128  whitened-energy captured 0.23
blk.60.ssm_out.weight                        r=128  whitened-energy captured 0.36
blk.60.ffn_down.weight                       r=128  whitened-energy captured 0.21
blk.60.ffn_gate.weight                       r=128  whitened-energy captured 0.20
blk.60.ffn_up.weight                         r=128  whitened-energy captured 0.20
blk.61.attn_qkv.weight                       r=128  whitened-energy captured 0.21
blk.61.attn_gate.weight                      r=128  whitened-energy captured 0.22
blk.61.ssm_out.weight                        r=128  whitened-energy captured 0.49
blk.61.ffn_down.weight                       r=128  whitened-energy captured 0.23
blk.61.ffn_gate.weight                       r=128  whitened-energy captured 0.20
blk.61.ffn_up.weight                         r=128  whitened-energy captured 0.20
blk.62.attn_qkv.weight                       r=128  whitened-energy captured 0.22
blk.62.attn_gate.weight                      r=128  whitened-energy captured 0.23
blk.62.ssm_out.weight                        r=128  whitened-energy captured 0.36

wrote /home/max/Documents/openbeast/research/lowrank/experiments/32-t117-gsq-head-to-head/adapter-fc-r128q8-UD-IQ3_S.gguf: 390 corrected tensors, alpha=128.0 (uniform), 900.8 MB (+0.30 bpw over corrected tensors), 724s
mean whitened-energy captured: 0.21
