skip (no imatrix): token_embd.weight
blk.0.attn_qkv.weight                        r=128  whitened-energy captured 0.73
blk.0.attn_gate.weight                       r=128  whitened-energy captured 0.74
blk.0.ssm_out.weight                         r=128  whitened-energy captured 0.83
blk.0.ffn_down.weight                        r=128  whitened-energy captured 0.54
blk.0.ffn_gate.weight                        r=128  whitened-energy captured 0.67
blk.0.ffn_up.weight                          r=128  whitened-energy captured 0.65
blk.1.attn_qkv.weight                        r=128  whitened-energy captured 0.67
blk.1.attn_gate.weight                       r=128  whitened-energy captured 0.73
blk.1.ssm_out.weight                         r=128  whitened-energy captured 0.80
blk.1.ffn_down.weight                        r=128  whitened-energy captured 0.51
blk.1.ffn_gate.weight                        r=128  whitened-energy captured 0.64
blk.1.ffn_up.weight                          r=128  whitened-energy captured 0.63
blk.10.attn_qkv.weight                       r=128  whitened-energy captured 0.67
blk.10.attn_gate.weight                      r=128  whitened-energy captured 0.74
blk.10.ssm_out.weight                        r=128  whitened-energy captured 0.75
blk.10.ffn_down.weight                       r=128  whitened-energy captured 0.61
blk.10.ffn_gate.weight                       r=128  whitened-energy captured 0.73
blk.10.ffn_up.weight                         r=128  whitened-energy captured 0.69
blk.11.ffn_down.weight                       r=128  whitened-energy captured 0.60
blk.11.ffn_gate.weight                       r=128  whitened-energy captured 0.74
blk.11.ffn_up.weight                         r=128  whitened-energy captured 0.69
blk.11.attn_k.weight                         r=128  whitened-energy captured 0.83
blk.11.attn_output.weight                    r=128  whitened-energy captured 0.86
blk.11.attn_q.weight                         r=128  whitened-energy captured 0.71
blk.11.attn_v.weight                         r=128  whitened-energy captured 0.78
blk.12.attn_qkv.weight                       r=128  whitened-energy captured 0.70
blk.12.attn_gate.weight                      r=128  whitened-energy captured 0.77
blk.12.ssm_out.weight                        r=128  whitened-energy captured 0.79
blk.12.ffn_down.weight                       r=128  whitened-energy captured 0.60
blk.12.ffn_gate.weight                       r=128  whitened-energy captured 0.76
blk.12.ffn_up.weight                         r=128  whitened-energy captured 0.70
blk.13.attn_qkv.weight                       r=128  whitened-energy captured 0.70
blk.13.attn_gate.weight                      r=128  whitened-energy captured 0.77
blk.13.ssm_out.weight                        r=128  whitened-energy captured 0.76
blk.13.ffn_down.weight                       r=128  whitened-energy captured 0.63
blk.13.ffn_gate.weight                       r=128  whitened-energy captured 0.77
blk.13.ffn_up.weight                         r=128  whitened-energy captured 0.72
blk.14.attn_qkv.weight                       r=128  whitened-energy captured 0.73
blk.14.attn_gate.weight                      r=128  whitened-energy captured 0.80
blk.14.ssm_out.weight                        r=128  whitened-energy captured 0.79
blk.14.ffn_down.weight                       r=128  whitened-energy captured 0.70
blk.14.ffn_gate.weight                       r=128  whitened-energy captured 0.77
blk.14.ffn_up.weight                         r=128  whitened-energy captured 0.72
blk.15.ffn_down.weight                       r=128  whitened-energy captured 0.62
blk.15.ffn_gate.weight                       r=128  whitened-energy captured 0.76
blk.15.ffn_up.weight                         r=128  whitened-energy captured 0.71
blk.15.attn_k.weight                         r=128  whitened-energy captured 0.83
blk.15.attn_output.weight                    r=128  whitened-energy captured 0.83
blk.15.attn_q.weight                         r=128  whitened-energy captured 0.73
blk.15.attn_v.weight                         r=128  whitened-energy captured 0.80
blk.16.attn_qkv.weight                       r=128  whitened-energy captured 0.73
blk.16.attn_gate.weight                      r=128  whitened-energy captured 0.78
blk.16.ssm_out.weight                        r=128  whitened-energy captured 0.80
blk.16.ffn_down.weight                       r=128  whitened-energy captured 0.60
blk.16.ffn_gate.weight                       r=128  whitened-energy captured 0.76
blk.16.ffn_up.weight                         r=128  whitened-energy captured 0.71
blk.17.attn_qkv.weight                       r=128  whitened-energy captured 0.72
blk.17.attn_gate.weight                      r=128  whitened-energy captured 0.78
blk.17.ssm_out.weight                        r=128  whitened-energy captured 0.80
blk.17.ffn_down.weight                       r=128  whitened-energy captured 0.63
blk.17.ffn_gate.weight                       r=128  whitened-energy captured 0.76
blk.17.ffn_up.weight                         r=128  whitened-energy captured 0.70
blk.18.attn_qkv.weight                       r=128  whitened-energy captured 0.72
blk.18.attn_gate.weight                      r=128  whitened-energy captured 0.79
blk.18.ssm_out.weight                        r=128  whitened-energy captured 0.77
blk.18.ffn_down.weight                       r=128  whitened-energy captured 0.67
blk.18.ffn_gate.weight                       r=128  whitened-energy captured 0.75
blk.18.ffn_up.weight                         r=128  whitened-energy captured 0.70
blk.19.ffn_down.weight                       r=128  whitened-energy captured 0.63
blk.19.ffn_gate.weight                       r=128  whitened-energy captured 0.77
blk.19.ffn_up.weight                         r=128  whitened-energy captured 0.71
blk.19.attn_k.weight                         r=128  whitened-energy captured 0.87
blk.19.attn_output.weight                    r=128  whitened-energy captured 0.83
blk.19.attn_q.weight                         r=128  whitened-energy captured 0.75
blk.19.attn_v.weight                         r=128  whitened-energy captured 0.79
blk.2.attn_qkv.weight                        r=128  whitened-energy captured 0.65
blk.2.attn_gate.weight                       r=128  whitened-energy captured 0.73
blk.2.ssm_out.weight                         r=128  whitened-energy captured 0.82
blk.2.ffn_down.weight                        r=128  whitened-energy captured 0.50
blk.2.ffn_gate.weight                        r=128  whitened-energy captured 0.67
blk.2.ffn_up.weight                          r=128  whitened-energy captured 0.63
blk.20.attn_qkv.weight                       r=128  whitened-energy captured 0.73
blk.20.attn_gate.weight                      r=128  whitened-energy captured 0.80
blk.20.ssm_out.weight                        r=128  whitened-energy captured 0.80
blk.20.ffn_down.weight                       r=128  whitened-energy captured 0.62
blk.20.ffn_gate.weight                       r=128  whitened-energy captured 0.78
blk.20.ffn_up.weight                         r=128  whitened-energy captured 0.73
blk.21.attn_qkv.weight                       r=128  whitened-energy captured 0.74
blk.21.attn_gate.weight                      r=128  whitened-energy captured 0.80
blk.21.ssm_out.weight                        r=128  whitened-energy captured 0.81
blk.21.ffn_down.weight                       r=128  whitened-energy captured 0.63
blk.21.ffn_gate.weight                       r=128  whitened-energy captured 0.78
blk.21.ffn_up.weight                         r=128  whitened-energy captured 0.74
blk.22.attn_qkv.weight                       r=128  whitened-energy captured 0.75
blk.22.attn_gate.weight                      r=128  whitened-energy captured 0.82
blk.22.ssm_out.weight                        r=128  whitened-energy captured 0.86
blk.22.ffn_down.weight                       r=128  whitened-energy captured 0.71
blk.22.ffn_gate.weight                       r=128  whitened-energy captured 0.79
blk.22.ffn_up.weight                         r=128  whitened-energy captured 0.76
blk.23.ffn_down.weight                       r=128  whitened-energy captured 0.87
blk.23.ffn_gate.weight                       r=128  whitened-energy captured 0.77
blk.23.ffn_up.weight                         r=128  whitened-energy captured 0.77
blk.23.attn_k.weight                         r=128  whitened-energy captured 0.89
blk.23.attn_output.weight                    r=128  whitened-energy captured 0.87
blk.23.attn_q.weight                         r=128  whitened-energy captured 0.80
blk.23.attn_v.weight                         r=128  whitened-energy captured 0.83
blk.3.ffn_down.weight                        r=128  whitened-energy captured 0.52
blk.3.ffn_gate.weight                        r=128  whitened-energy captured 0.67
blk.3.ffn_up.weight                          r=128  whitened-energy captured 0.63
blk.3.attn_k.weight                          r=128  whitened-energy captured 0.82
blk.3.attn_output.weight                     r=128  whitened-energy captured 0.80
blk.3.attn_q.weight                          r=128  whitened-energy captured 0.71
blk.3.attn_v.weight                          r=128  whitened-energy captured 0.78
blk.4.attn_qkv.weight                        r=128  whitened-energy captured 0.67
blk.4.attn_gate.weight                       r=128  whitened-energy captured 0.75
blk.4.ssm_out.weight                         r=128  whitened-energy captured 0.71
blk.4.ffn_down.weight                        r=128  whitened-energy captured 0.53
blk.4.ffn_gate.weight                        r=128  whitened-energy captured 0.67
blk.4.ffn_up.weight                          r=128  whitened-energy captured 0.63
blk.5.attn_qkv.weight                        r=128  whitened-energy captured 0.69
blk.5.attn_gate.weight                       r=128  whitened-energy captured 0.75
blk.5.ssm_out.weight                         r=128  whitened-energy captured 0.73
blk.5.ffn_down.weight                        r=128  whitened-energy captured 0.53
blk.5.ffn_gate.weight                        r=128  whitened-energy captured 0.68
blk.5.ffn_up.weight                          r=128  whitened-energy captured 0.65
blk.6.attn_qkv.weight                        r=128  whitened-energy captured 0.69
blk.6.attn_gate.weight                       r=128  whitened-energy captured 0.76
blk.6.ssm_out.weight                         r=128  whitened-energy captured 0.76
blk.6.ffn_down.weight                        r=128  whitened-energy captured 0.56
blk.6.ffn_gate.weight                        r=128  whitened-energy captured 0.70
blk.6.ffn_up.weight                          r=128  whitened-energy captured 0.67
blk.7.ffn_down.weight                        r=128  whitened-energy captured 0.54
blk.7.ffn_gate.weight                        r=128  whitened-energy captured 0.69
blk.7.ffn_up.weight                          r=128  whitened-energy captured 0.65
blk.7.attn_k.weight                          r=128  whitened-energy captured 0.83
blk.7.attn_output.weight                     r=128  whitened-energy captured 0.82
blk.7.attn_q.weight                          r=128  whitened-energy captured 0.72
blk.7.attn_v.weight                          r=128  whitened-energy captured 0.79
blk.8.attn_qkv.weight                        r=128  whitened-energy captured 0.67
blk.8.attn_gate.weight                       r=128  whitened-energy captured 0.76
blk.8.ssm_out.weight                         r=128  whitened-energy captured 0.72
blk.8.ffn_down.weight                        r=128  whitened-energy captured 0.54
blk.8.ffn_gate.weight                        r=128  whitened-energy captured 0.69
blk.8.ffn_up.weight                          r=128  whitened-energy captured 0.65
blk.9.attn_qkv.weight                        r=128  whitened-energy captured 0.66
blk.9.attn_gate.weight                       r=128  whitened-energy captured 0.73
blk.9.ssm_out.weight                         r=128  whitened-energy captured 0.73
blk.9.ffn_down.weight                        r=128  whitened-energy captured 0.57
blk.9.ffn_gate.weight                        r=128  whitened-energy captured 0.69
blk.9.ffn_up.weight                          r=128  whitened-energy captured 0.66
skip (no imatrix): blk.24.nextn.eh_proj.weight
skip (no imatrix): blk.24.ffn_down.weight
skip (no imatrix): blk.24.ffn_gate.weight
skip (no imatrix): blk.24.ffn_up.weight
skip (no imatrix): blk.24.attn_k.weight
skip (no imatrix): blk.24.attn_output.weight
skip (no imatrix): blk.24.attn_q.weight
skip (no imatrix): blk.24.attn_v.weight

wrote /home/max/Documents/openbeast/research/lowrank/experiments/34-e16-nvfp4-08b/adapter-q3km-fc-r128q8.gguf: 150 corrected tensors, alpha=128.0 (uniform), 86.9 MB (+1.40 bpw over corrected tensors), 139s
mean whitened-energy captured: 0.72
