0.00.551.355 W model has unused tensor blk.64.attn_norm.weight (size = 20480 bytes) -- ignoring
0.00.551.360 W model has unused tensor blk.64.post_attention_norm.weight (size = 20480 bytes) -- ignoring
0.00.551.362 W model has unused tensor blk.64.attn_q.weight (size = 20643840 bytes) -- ignoring
0.00.551.363 W model has unused tensor blk.64.attn_k.weight (size = 1720320 bytes) -- ignoring
0.00.551.365 W model has unused tensor blk.64.attn_v.weight (size = 2949120 bytes) -- ignoring
0.00.551.369 W model has unused tensor blk.64.attn_output.weight (size = 13516800 bytes) -- ignoring
0.00.551.370 W model has unused tensor blk.64.attn_q_norm.weight (size = 1024 bytes) -- ignoring
0.00.551.371 W model has unused tensor blk.64.attn_k_norm.weight (size = 1024 bytes) -- ignoring
0.00.551.373 W model has unused tensor blk.64.ffn_gate.weight (size = 29245440 bytes) -- ignoring
0.00.551.374 W model has unused tensor blk.64.ffn_down.weight (size = 38297600 bytes) -- ignoring
0.00.551.375 W model has unused tensor blk.64.ffn_up.weight (size = 29245440 bytes) -- ignoring
0.00.551.378 W model has unused tensor blk.64.nextn.eh_proj.weight (size = 17203200 bytes) -- ignoring
0.00.551.379 W model has unused tensor blk.64.nextn.enorm.weight (size = 20480 bytes) -- ignoring
0.00.551.381 W model has unused tensor blk.64.nextn.hnorm.weight (size = 20480 bytes) -- ignoring
0.00.551.384 W model has unused tensor blk.64.nextn.shared_head_norm.weight (size = 20480 bytes) -- ignoring
0.03.255.295 I 
0.03.255.377 I system_info: n_threads = 16 (n_threads_batch = 16) / 32 | CUDA : ARCHS = 1200 | USE_GRAPHS = 1 | BLACKWELL_NATIVE_FP4 = 1 | CPU : SSE3 = 1 | SSSE3 = 1 | AVX = 1 | AVX_VNNI = 1 | AVX2 = 1 | F16C = 1 | FMA = 1 | BMI2 = 1 | AVX512 = 1 | AVX512_VBMI = 1 | AVX512_VNNI = 1 | AVX512_BF16 = 1 | LLAMAFILE = 1 | OPENMP = 1 | REPACK = 1 | 
0.03.272.414 I kl_divergence: computing over 100 chunks, n_ctx=512, batch_size=2048, n_seq=4
0.04.217.672 I kl_divergence: 0.95 seconds per pass - ETA 0.38 minutes

chunk             PPL               ln(PPL(Q)/PPL(base))          KL Divergence              Δp RMS            Same top p
   1       5.1732 ±    0.7920       0.19290 ±    0.04872       0.17643 ±    0.03544    13.011 ±  2.062 %    82.353 ±  2.392 %
   2       7.5226 ±    0.9471       0.17592 ±    0.03236       0.16498 ±    0.02023    11.799 ±  1.355 %    82.353 ±  1.690 %
   3       6.5856 ±    0.6480       0.16981 ±    0.02836       0.18948 ±    0.01659    13.899 ±  1.062 %    81.961 ±  1.391 %
   4       6.4221 ±    0.5200       0.13579 ±    0.02309       0.17504 ±    0.01286    13.198 ±  0.881 %    82.451 ±  1.192 %
   5       6.4595 ±    0.4562       0.13517 ±    0.02035       0.17306 ±    0.01093    12.945 ±  0.785 %    83.059 ±  1.051 %
   6       6.7806 ±    0.4373       0.12790 ±    0.01815       0.16990 ±    0.00944    12.560 ±  0.697 %    83.007 ±  0.960 %
   7       6.9166 ±    0.4090       0.12323 ±    0.01655       0.16674 ±    0.00863    12.261 ±  0.648 %    82.521 ±  0.899 %
   8       7.3791 ±    0.4185       0.12032 ±    0.01505       0.15781 ±    0.00764    11.913 ±  0.601 %    82.745 ±  0.837 %
   9       7.8409 ±    0.4229       0.12164 ±    0.01378       0.15087 ±    0.00689    11.441 ±  0.559 %    82.614 ±  0.791 %
  10       8.2307 ±    0.4217       0.11960 ±    0.01289       0.14370 ±    0.00625    11.023 ±  0.524 %    82.392 ±  0.754 %
  11       8.1552 ±    0.3951       0.12581 ±    0.01222       0.14551 ±    0.00608    11.299 ±  0.527 %    82.781 ±  0.713 %
  12       8.2153 ±    0.3818       0.12049 ±    0.01163       0.14583 ±    0.00577    11.346 ±  0.503 %    83.203 ±  0.676 %
  13       8.6688 ±    0.3929       0.11639 ±    0.01111       0.14361 ±    0.00539    11.237 ±  0.477 %    83.348 ±  0.647 %
  14       8.2439 ±    0.3578       0.12101 ±    0.01092       0.14368 ±    0.00531    11.421 ±  0.460 %    83.529 ±  0.621 %
  15       8.2263 ±    0.3454       0.12433 ±    0.01061       0.14397 ±    0.00540    11.374 ±  0.450 %    83.660 ±  0.598 %
  16       8.5671 ±    0.3573       0.13142 ±    0.01105       0.16334 ±    0.00859    11.764 ±  0.452 %    83.407 ±  0.582 %
  17       8.0686 ±    0.3229       0.13112 ±    0.01055       0.15904 ±    0.00812    11.682 ±  0.433 %    83.645 ±  0.562 %
  18       8.0564 ±    0.3123       0.12702 ±    0.01012       0.15682 ±    0.00772    11.603 ±  0.419 %    83.747 ±  0.545 %
  19       7.9805 ±    0.3009       0.12670 ±    0.00982       0.15674 ±    0.00740    11.645 ±  0.404 %    83.633 ±  0.532 %
  20       7.8909 ±    0.2883       0.12349 ±    0.00955       0.15728 ±    0.00708    11.624 ±  0.390 %    83.569 ±  0.519 %
  21       7.6085 ±    0.2701       0.12103 ±    0.00918       0.15471 ±    0.00677    11.564 ±  0.378 %    83.922 ±  0.502 %
  22       7.4879 ±    0.2592       0.12092 ±    0.00895       0.15421 ±    0.00650    11.680 ±  0.368 %    84.082 ±  0.488 %
  23       7.1926 ±    0.2415       0.11563 ±    0.00869       0.15236 ±    0.00626    11.667 ±  0.360 %    84.228 ±  0.476 %
  24       6.8632 ±    0.2234       0.11136 ±    0.00840       0.15167 ±    0.00614    11.652 ±  0.350 %    84.510 ±  0.463 %
  25       6.7623 ±    0.2161       0.11303 ±    0.00825       0.15289 ±    0.00598    11.792 ±  0.341 %    84.486 ±  0.453 %
  26       6.5947 ±    0.2048       0.11328 ±    0.00806       0.15341 ±    0.00583    11.836 ±  0.333 %    84.495 ±  0.445 %
  27       6.5182 ±    0.1985       0.11160 ±    0.00803       0.15613 ±    0.00580    11.959 ±  0.330 %    84.328 ±  0.438 %
  28       6.4139 ±    0.1908       0.11204 ±    0.00783       0.15422 ±    0.00560    11.857 ±  0.322 %    84.468 ±  0.429 %
  29       6.3868 ±    0.1864       0.11030 ±    0.00765       0.15262 ±    0.00543    11.800 ±  0.316 %    84.517 ±  0.421 %
  30       6.3391 ±    0.1811       0.11026 ±    0.00749       0.15184 ±    0.00526    11.774 ±  0.309 %    84.601 ±  0.413 %
  31       6.2962 ±    0.1763       0.11151 ±    0.00736       0.15066 ±    0.00511    11.736 ±  0.302 %    84.655 ±  0.405 %
  32       6.3031 ±    0.1740       0.11208 ±    0.00731       0.15174 ±    0.00507    11.822 ±  0.301 %    84.632 ±  0.399 %
  33       6.2916 ±    0.1711       0.11279 ±    0.00718       0.15196 ±    0.00495    11.854 ±  0.296 %    84.504 ±  0.395 %
  34       6.3349 ±    0.1701       0.11053 ±    0.00705       0.15119 ±    0.00482    11.812 ±  0.290 %    84.498 ±  0.389 %
  35       6.4261 ±    0.1704       0.11154 ±    0.00696       0.15235 ±    0.00475    11.845 ±  0.288 %    84.403 ±  0.384 %
  36       6.5865 ±    0.1729       0.11261 ±    0.00686       0.15295 ±    0.00464    11.752 ±  0.282 %    84.281 ±  0.380 %
  37       6.6863 ±    0.1730       0.11206 ±    0.00681       0.15293 ±    0.00455    11.658 ±  0.277 %    84.165 ±  0.376 %
  38       6.6689 ±    0.1700       0.11353 ±    0.00673       0.15315 ±    0.00452    11.667 ±  0.275 %    84.211 ±  0.370 %
  39       6.6766 ±    0.1682       0.11007 ±    0.00663       0.15254 ±    0.00442    11.659 ±  0.270 %    84.153 ±  0.366 %
  40       6.7136 ±    0.1679       0.10874 ±    0.00656       0.15331 ±    0.00470    11.625 ±  0.268 %    84.196 ±  0.361 %
  41       6.7248 ±    0.1662       0.10949 ±    0.00647       0.15293 ±    0.00460    11.584 ±  0.263 %    84.161 ±  0.357 %
  42       6.8194 ±    0.1672       0.10893 ±    0.00643       0.15572 ±    0.00479    11.595 ±  0.260 %    84.108 ±  0.353 %
  43       6.8064 ±    0.1649       0.10686 ±    0.00633       0.15515 ±    0.00469    11.545 ±  0.256 %    84.104 ±  0.349 %
  44       6.8691 ±    0.1664       0.10977 ±    0.00644       0.16055 ±    0.00496    11.590 ±  0.251 %    84.029 ±  0.346 %
  45       6.9407 ±    0.1667       0.10972 ±    0.00637       0.16047 ±    0.00487    11.546 ±  0.248 %    84.044 ±  0.342 %
  46       6.9134 ±    0.1640       0.11080 ±    0.00632       0.16062 ±    0.00480    11.581 ±  0.245 %    83.990 ±  0.339 %
  47       7.1303 ±    0.1698       0.11474 ±    0.00628       0.16269 ±    0.00479    11.583 ±  0.241 %    83.813 ±  0.336 %
  48       7.1849 ±    0.1693       0.11360 ±    0.00618       0.16147 ±    0.00470    11.532 ±  0.239 %    83.938 ±  0.332 %
  49       7.1360 ±    0.1659       0.11254 ±    0.00610       0.16089 ±    0.00461    11.524 ±  0.237 %    83.850 ±  0.329 %
  50       7.1671 ±    0.1648       0.11209 ±    0.00604       0.16069 ±    0.00453    11.518 ±  0.235 %    83.851 ±  0.326 %
  51       7.1662 ±    0.1630       0.11128 ±    0.00604       0.16097 ±    0.00446    11.554 ±  0.232 %    83.768 ±  0.323 %
  52       7.1991 ±    0.1624       0.11096 ±    0.00597       0.16145 ±    0.00440    11.563 ±  0.230 %    83.748 ±  0.320 %
  53       7.2385 ±    0.1615       0.11068 ±    0.00589       0.16022 ±    0.00432    11.493 ±  0.227 %    83.714 ±  0.318 %
  54       7.2688 ±    0.1607       0.11049 ±    0.00583       0.15989 ±    0.00425    11.524 ±  0.226 %    83.667 ±  0.315 %
  55       7.2729 ±    0.1592       0.11015 ±    0.00575       0.15891 ±    0.00418    11.474 ±  0.223 %    83.643 ±  0.312 %
  56       7.2886 ±    0.1581       0.11031 ±    0.00576       0.15850 ±    0.00413    11.436 ±  0.220 %    83.627 ±  0.310 %
  57       7.3089 ±    0.1573       0.11125 ±    0.00569       0.15829 ±    0.00408    11.429 ±  0.218 %    83.626 ±  0.307 %
  58       7.3023 ±    0.1554       0.11120 ±    0.00562       0.15736 ±    0.00401    11.384 ±  0.215 %    83.685 ±  0.304 %
  59       7.3050 ±    0.1540       0.10969 ±    0.00560       0.15805 ±    0.00399    11.416 ±  0.214 %    83.676 ±  0.301 %
  60       7.3341 ±    0.1534       0.10931 ±    0.00553       0.15730 ±    0.00393    11.396 ±  0.211 %    83.647 ±  0.299 %
  61       7.3807 ±    0.1536       0.10943 ±    0.00549       0.15789 ±    0.00388    11.416 ±  0.209 %    83.523 ±  0.297 %
  62       7.4220 ±    0.1531       0.10850 ±    0.00543       0.15739 ±    0.00382    11.385 ±  0.207 %    83.479 ±  0.295 %
  63       7.4677 ±    0.1529       0.10819 ±    0.00537       0.15669 ±    0.00376    11.341 ±  0.204 %    83.554 ±  0.292 %
  64       7.5113 ±    0.1525       0.10778 ±    0.00531       0.15599 ±    0.00371    11.285 ±  0.202 %    83.585 ±  0.290 %
  65       7.5789 ±    0.1528       0.10762 ±    0.00524       0.15498 ±    0.00365    11.238 ±  0.200 %    83.620 ±  0.287 %
  66       7.6094 ±    0.1523       0.10739 ±    0.00520       0.15458 ±    0.00360    11.222 ±  0.198 %    83.583 ±  0.286 %
  67       7.6814 ±    0.1531       0.10689 ±    0.00516       0.15416 ±    0.00355    11.180 ±  0.196 %    83.565 ±  0.284 %
  68       7.7188 ±    0.1528       0.10519 ±    0.00514       0.15414 ±    0.00351    11.169 ±  0.194 %    83.547 ±  0.282 %
  69       7.7181 ±    0.1514       0.10370 ±    0.00508       0.15311 ±    0.00346    11.120 ±  0.192 %    83.569 ±  0.279 %
  70       7.6881 ±    0.1496       0.10349 ±    0.00503       0.15279 ±    0.00341    11.098 ±  0.190 %    83.563 ±  0.277 %
  71       7.7387 ±    0.1495       0.10240 ±    0.00498       0.15219 ±    0.00337    11.063 ±  0.188 %    83.552 ±  0.276 %
  72       7.7458 ±    0.1483       0.10189 ±    0.00494       0.15188 ±    0.00333    11.067 ±  0.187 %    83.524 ±  0.274 %
  73       7.7888 ±    0.1482       0.10218 ±    0.00489       0.15146 ±    0.00329    11.025 ±  0.185 %    83.486 ±  0.272 %
  74       7.7976 ±    0.1475       0.10236 ±    0.00488       0.15194 ±    0.00331    11.067 ±  0.186 %    83.519 ±  0.270 %
  75       7.7677 ±    0.1460       0.10126 ±    0.00483       0.15123 ±    0.00327    11.030 ±  0.185 %    83.556 ±  0.268 %
  76       7.7636 ±    0.1451       0.10085 ±    0.00480       0.15111 ±    0.00324    11.027 ±  0.183 %    83.602 ±  0.266 %
  77       7.7878 ±    0.1447       0.10016 ±    0.00476       0.15079 ±    0.00320    10.988 ±  0.182 %    83.606 ±  0.264 %
  78       7.8139 ±    0.1449       0.09846 ±    0.00483       0.15734 ±    0.00373    11.073 ±  0.183 %    83.550 ±  0.263 %
  79       7.7540 ±    0.1428       0.10291 ±    0.00484       0.16112 ±    0.00374    11.355 ±  0.185 %    83.480 ±  0.262 %
  80       7.7072 ±    0.1408       0.10343 ±    0.00482       0.16150 ±    0.00370    11.381 ±  0.183 %    83.441 ±  0.260 %
  81       7.6832 ±    0.1394       0.10356 ±    0.00478       0.16113 ±    0.00366    11.389 ±  0.182 %    83.452 ±  0.259 %
  82       7.7009 ±    0.1389       0.10362 ±    0.00476       0.16141 ±    0.00362    11.380 ±  0.181 %    83.410 ±  0.257 %
  83       7.6995 ±    0.1378       0.10283 ±    0.00471       0.16115 ±    0.00358    11.372 ±  0.179 %    83.421 ±  0.256 %
  84       7.7302 ±    0.1378       0.10469 ±    0.00473       0.16321 ±    0.00362    11.419 ±  0.179 %    83.385 ±  0.254 %
  85       7.7679 ±    0.1377       0.10586 ±    0.00472       0.16373 ±    0.00359    11.407 ±  0.178 %    83.340 ±  0.253 %
  86       7.8003 ±    0.1377       0.10540 ±    0.00467       0.16305 ±    0.00355    11.372 ±  0.177 %    83.365 ±  0.251 %
  87       7.7863 ±    0.1365       0.10427 ±    0.00463       0.16237 ±    0.00351    11.336 ±  0.175 %    83.390 ±  0.250 %
  88       7.7866 ±    0.1357       0.10347 ±    0.00460       0.16223 ±    0.00347    11.360 ±  0.174 %    83.400 ±  0.248 %
  89       7.7392 ±    0.1340       0.10243 ±    0.00456       0.16145 ±    0.00344    11.339 ±  0.173 %    83.455 ±  0.247 %
  90       7.7111 ±    0.1326       0.10255 ±    0.00453       0.16107 ±    0.00341    11.328 ±  0.172 %    83.460 ±  0.245 %
  91       7.7024 ±    0.1315       0.10227 ±    0.00449       0.16048 ±    0.00337    11.307 ±  0.171 %    83.473 ±  0.244 %
  92       7.6984 ±    0.1308       0.10141 ±    0.00447       0.16184 ±    0.00343    11.311 ±  0.170 %    83.495 ±  0.242 %
  93       7.7308 ±    0.1307       0.10059 ±    0.00444       0.16206 ±    0.00341    11.306 ±  0.169 %    83.487 ±  0.241 %
  94       7.7416 ±    0.1302       0.10061 ±    0.00441       0.16180 ±    0.00337    11.279 ±  0.168 %    83.484 ±  0.240 %
  95       7.7444 ±    0.1294       0.09957 ±    0.00438       0.16124 ±    0.00334    11.247 ±  0.167 %    83.484 ±  0.239 %
  96       7.7359 ±    0.1285       0.09975 ±    0.00435       0.16083 ±    0.00331    11.228 ±  0.165 %    83.489 ±  0.237 %
  97       7.7150 ±    0.1274       0.09979 ±    0.00432       0.16024 ±    0.00328    11.208 ±  0.165 %    83.537 ±  0.236 %
  98       7.6924 ±    0.1262       0.09898 ±    0.00428       0.15972 ±    0.00325    11.173 ±  0.164 %    83.533 ±  0.235 %
  99       7.7209 ±    0.1263       0.10083 ±    0.00430       0.16071 ±    0.00324    11.206 ±  0.163 %    83.506 ±  0.234 %
 100       7.7349 ±    0.1259       0.10017 ±    0.00427       0.16033 ±    0.00320    11.186 ±  0.162 %    83.482 ±  0.233 %

====== Perplexity statistics ======
Mean PPL(Q)                   :   7.734929 ±   0.125900
Mean PPL(base)                :   6.997671 ±   0.109822
Cor(ln(PPL(Q)), ln(PPL(base))):  96.49%
Mean ln(PPL(Q)/PPL(base))     :   0.100169 ±   0.004272
Mean PPL(Q)/PPL(base)         :   1.105358 ±   0.004722
Mean PPL(Q)-PPL(base)         :   0.737258 ±   0.035044

====== KL divergence statistics ======
Mean    KLD:   0.160328 ±   0.003205
Maximum KLD:  20.451462
99.9%   KLD:   6.559473
99.0%   KLD:   1.640978
95.0%   KLD:   0.518497
90.0%   KLD:   0.311654
Median  KLD:   0.067802
10.0%   KLD:   0.001814
 5.0%   KLD:   0.000523
 1.0%   KLD:   0.000074
 0.1%   KLD:   0.000011
Minimum KLD:  -0.000015

====== Token probability statistics ======
Mean    Δp: -1.179 ± 0.070 %
Maximum Δp: 99.151%
99.9%   Δp: 61.637%
99.0%   Δp: 26.480%
95.0%   Δp: 12.100%
90.0%   Δp:  7.031%
75.0%   Δp:  1.214%
Median  Δp: -0.029%
25.0%   Δp: -2.428%
10.0%   Δp: -9.803%
 5.0%   Δp: -17.135%
 1.0%   Δp: -45.222%
 0.1%   Δp: -88.347%
Minimum Δp: -99.793%
RMS Δp    : 11.186 ± 0.162 %
Same top p: 83.482 ± 0.233 %

