0.00.543.187 W model has unused tensor blk.64.attn_norm.weight (size = 20480 bytes) -- ignoring
0.00.543.192 W model has unused tensor blk.64.post_attention_norm.weight (size = 20480 bytes) -- ignoring
0.00.543.195 W model has unused tensor blk.64.attn_q.weight (size = 43253760 bytes) -- ignoring
0.00.543.196 W model has unused tensor blk.64.attn_k.weight (size = 3604480 bytes) -- ignoring
0.00.543.197 W model has unused tensor blk.64.attn_v.weight (size = 3604480 bytes) -- ignoring
0.00.543.201 W model has unused tensor blk.64.attn_output.weight (size = 21626880 bytes) -- ignoring
0.00.543.203 W model has unused tensor blk.64.attn_q_norm.weight (size = 1024 bytes) -- ignoring
0.00.543.204 W model has unused tensor blk.64.attn_k_norm.weight (size = 1024 bytes) -- ignoring
0.00.543.205 W model has unused tensor blk.64.ffn_gate.weight (size = 61276160 bytes) -- ignoring
0.00.543.207 W model has unused tensor blk.64.ffn_down.weight (size = 61276160 bytes) -- ignoring
0.00.543.208 W model has unused tensor blk.64.ffn_up.weight (size = 61276160 bytes) -- ignoring
0.00.543.210 W model has unused tensor blk.64.nextn.eh_proj.weight (size = 36044800 bytes) -- ignoring
0.00.543.212 W model has unused tensor blk.64.nextn.enorm.weight (size = 20480 bytes) -- ignoring
0.00.543.213 W model has unused tensor blk.64.nextn.hnorm.weight (size = 20480 bytes) -- ignoring
0.00.543.217 W model has unused tensor blk.64.nextn.shared_head_norm.weight (size = 20480 bytes) -- ignoring
0.03.271.648 I 
0.03.271.724 I system_info: n_threads = 16 (n_threads_batch = 16) / 32 | CUDA : ARCHS = 1200 | USE_GRAPHS = 1 | BLACKWELL_NATIVE_FP4 = 1 | CPU : SSE3 = 1 | SSSE3 = 1 | AVX = 1 | AVX_VNNI = 1 | AVX2 = 1 | F16C = 1 | FMA = 1 | BMI2 = 1 | AVX512 = 1 | AVX512_VBMI = 1 | AVX512_VNNI = 1 | AVX512_BF16 = 1 | LLAMAFILE = 1 | OPENMP = 1 | REPACK = 1 | 
0.03.302.883 I kl_divergence: computing over 100 chunks, n_ctx=512, batch_size=2048, n_seq=4
0.04.059.523 I kl_divergence: 0.76 seconds per pass - ETA 0.30 minutes

chunk             PPL               ln(PPL(Q)/PPL(base))          KL Divergence              Δp RMS            Same top p
   1       4.4632 ±    0.6425       0.04528 ±    0.01496       0.05070 ±    0.00928     6.455 ±  1.103 %    88.235 ±  2.022 %
   2       6.5706 ±    0.7810       0.04062 ±    0.01723       0.06070 ±    0.00709     7.403 ±  0.899 %    88.235 ±  1.428 %
   3       6.1263 ±    0.5813       0.09751 ±    0.01950       0.10188 ±    0.01014    10.343 ±  0.758 %    87.320 ±  1.204 %
   4       6.0699 ±    0.4756       0.07939 ±    0.01586       0.09334 ±    0.00786     9.480 ±  0.628 %    87.843 ±  1.024 %
   5       6.0396 ±    0.4091       0.06796 ±    0.01342       0.08687 ±    0.00640     9.043 ±  0.544 %    88.078 ±  0.908 %
   6       6.3521 ±    0.3951       0.06262 ±    0.01194       0.08319 ±    0.00541     8.576 ±  0.481 %    88.170 ±  0.826 %
   7       6.5437 ±    0.3754       0.06781 ±    0.01101       0.08000 ±    0.00470     8.252 ±  0.431 %    88.403 ±  0.758 %
   8       6.9757 ±    0.3829       0.06411 ±    0.00994       0.07531 ±    0.00414     7.977 ±  0.395 %    88.922 ±  0.695 %
   9       7.3606 ±    0.3820       0.05843 ±    0.00909       0.07203 ±    0.00372     7.708 ±  0.366 %    88.889 ±  0.656 %
  10       7.7472 ±    0.3819       0.05906 ±    0.00849       0.06827 ±    0.00336     7.385 ±  0.345 %    89.020 ±  0.619 %
  11       7.6478 ±    0.3561       0.06158 ±    0.00797       0.06679 ±    0.00316     7.254 ±  0.325 %    88.877 ±  0.594 %
  12       7.7428 ±    0.3466       0.06126 ±    0.00753       0.06618 ±    0.00296     7.096 ±  0.305 %    88.954 ±  0.567 %
  13       8.2005 ±    0.3596       0.06086 ±    0.00718       0.06547 ±    0.00281     7.200 ±  0.318 %    89.140 ±  0.540 %
  14       7.7648 ±    0.3248       0.06114 ±    0.00697       0.06648 ±    0.00283     7.606 ±  0.354 %    89.300 ±  0.517 %
  15       7.7112 ±    0.3112       0.05967 ±    0.00663       0.06516 ±    0.00268     7.485 ±  0.337 %    89.386 ±  0.498 %
  16       7.9512 ±    0.3185       0.05681 ±    0.00646       0.06789 ±    0.00296     7.549 ±  0.337 %    89.240 ±  0.485 %
  17       7.4801 ±    0.2872       0.05539 ±    0.00616       0.06564 ±    0.00280     7.472 ±  0.323 %    89.412 ±  0.467 %
  18       7.4878 ±    0.2788       0.05383 ±    0.00598       0.06483 ±    0.00267     7.391 ±  0.310 %    89.521 ±  0.452 %
  19       7.4474 ±    0.2703       0.05756 ±    0.00594       0.06626 ±    0.00264     7.497 ±  0.297 %    89.370 ±  0.443 %
  20       7.3626 ±    0.2586       0.05419 ±    0.00579       0.06665 ±    0.00254     7.445 ±  0.287 %    89.353 ±  0.432 %
  21       7.1232 ±    0.2430       0.05513 ±    0.00566       0.06632 ±    0.00254     7.515 ±  0.294 %    89.374 ±  0.421 %
  22       7.0081 ±    0.2327       0.05470 ±    0.00555       0.06675 ±    0.00249     7.499 ±  0.283 %    89.412 ±  0.411 %
  23       6.7497 ±    0.2174       0.05207 ±    0.00539       0.06586 ±    0.00240     7.472 ±  0.273 %    89.531 ±  0.400 %
  24       6.4669 ±    0.2021       0.05187 ±    0.00533       0.06633 ±    0.00240     7.701 ±  0.285 %    89.706 ±  0.388 %
  25       6.3636 ±    0.1953       0.05227 ±    0.00523       0.06675 ±    0.00234     7.846 ±  0.279 %    89.694 ±  0.381 %
  26       6.1992 ±    0.1849       0.05144 ±    0.00512       0.06675 ±    0.00228     7.858 ±  0.271 %    89.849 ±  0.371 %
  27       6.1441 ±    0.1797       0.05249 ±    0.00516       0.06948 ±    0.00262     8.048 ±  0.285 %    89.891 ±  0.363 %
  28       6.0455 ±    0.1727       0.05290 ±    0.00504       0.06893 ±    0.00253     7.980 ±  0.278 %    90.000 ±  0.355 %
  29       6.0216 ±    0.1689       0.05140 ±    0.00491       0.06805 ±    0.00245     7.906 ±  0.271 %    89.926 ±  0.350 %
  30       5.9866 ±    0.1644       0.05306 ±    0.00484       0.06804 ±    0.00238     7.918 ±  0.264 %    89.869 ±  0.345 %
  31       5.9403 ±    0.1598       0.05332 ±    0.00474       0.06773 ±    0.00232     7.903 ±  0.257 %    89.817 ±  0.340 %
  32       5.9560 ±    0.1580       0.05544 ±    0.00470       0.06783 ±    0.00226     7.935 ±  0.252 %    89.730 ±  0.336 %
  33       5.9310 ±    0.1550       0.05378 ±    0.00464       0.06854 ±    0.00223     7.975 ±  0.246 %    89.638 ±  0.332 %
  34       5.9804 ±    0.1545       0.05293 ±    0.00455       0.06804 ±    0.00217     7.919 ±  0.241 %    89.700 ±  0.326 %
  35       6.0620 ±    0.1545       0.05320 ±    0.00450       0.06812 ±    0.00211     7.878 ±  0.236 %    89.714 ±  0.322 %
  36       6.1942 ±    0.1560       0.05120 ±    0.00445       0.06858 ±    0.00206     7.825 ±  0.231 %    89.575 ±  0.319 %
  37       6.2853 ±    0.1561       0.05021 ±    0.00439       0.06849 ±    0.00202     7.788 ±  0.227 %    89.507 ±  0.316 %
  38       6.2686 ±    0.1533       0.05163 ±    0.00432       0.06805 ±    0.00197     7.786 ±  0.224 %    89.515 ±  0.311 %
  39       6.2848 ±    0.1520       0.04959 ±    0.00425       0.06795 ±    0.00194     7.746 ±  0.220 %    89.512 ±  0.307 %
  40       6.3277 ±    0.1520       0.04955 ±    0.00422       0.06804 ±    0.00193     7.738 ±  0.216 %    89.529 ±  0.303 %
  41       6.3385 ±    0.1504       0.05034 ±    0.00416       0.06777 ±    0.00189     7.696 ±  0.213 %    89.603 ±  0.299 %
  42       6.4401 ±    0.1520       0.05171 ±    0.00416       0.07062 ±    0.00242     7.872 ±  0.222 %    89.552 ±  0.296 %
  43       6.4409 ±    0.1503       0.05167 ±    0.00412       0.07012 ±    0.00237     7.829 ±  0.218 %    89.539 ±  0.292 %
  44       6.4836 ±    0.1507       0.05202 ±    0.00425       0.07296 ±    0.00260     7.841 ±  0.214 %    89.492 ±  0.290 %
  45       6.5580 ±    0.1512       0.05301 ±    0.00420       0.07287 ±    0.00255     7.823 ±  0.211 %    89.481 ±  0.286 %
  46       6.5193 ±    0.1483       0.05211 ±    0.00416       0.07259 ±    0.00250     7.799 ±  0.208 %    89.488 ±  0.283 %
  47       6.6943 ±    0.1524       0.05164 ±    0.00414       0.07340 ±    0.00251     7.792 ±  0.204 %    89.412 ±  0.281 %
  48       6.7516 ±    0.1521       0.05140 ±    0.00407       0.07262 ±    0.00245     7.733 ±  0.202 %    89.551 ±  0.277 %
  49       6.7077 ±    0.1491       0.05066 ±    0.00401       0.07220 ±    0.00241     7.711 ±  0.199 %    89.556 ±  0.274 %
  50       6.7315 ±    0.1480       0.04939 ±    0.00396       0.07214 ±    0.00236     7.724 ±  0.195 %    89.569 ±  0.271 %
  51       6.7415 ±    0.1466       0.05020 ±    0.00394       0.07205 ±    0.00232     7.700 ±  0.192 %    89.558 ±  0.268 %
  52       6.7682 ±    0.1459       0.04923 ±    0.00389       0.07186 ±    0.00228     7.703 ±  0.189 %    89.555 ±  0.266 %
  53       6.8100 ±    0.1453       0.04965 ±    0.00384       0.07127 ±    0.00224     7.655 ±  0.187 %    89.538 ±  0.263 %
  54       6.8356 ±    0.1444       0.04903 ±    0.00379       0.07114 ±    0.00220     7.655 ±  0.185 %    89.542 ±  0.261 %
  55       6.8383 ±    0.1430       0.04854 ±    0.00374       0.07074 ±    0.00216     7.624 ±  0.182 %    89.447 ±  0.259 %
  56       6.8529 ±    0.1420       0.04867 ±    0.00370       0.07061 ±    0.00213     7.622 ±  0.180 %    89.391 ±  0.258 %
  57       6.8671 ±    0.1411       0.04890 ±    0.00366       0.07034 ±    0.00209     7.611 ±  0.177 %    89.377 ±  0.256 %
  58       6.8590 ±    0.1394       0.04857 ±    0.00361       0.06991 ±    0.00206     7.589 ±  0.175 %    89.432 ±  0.253 %
  59       6.8725 ±    0.1385       0.04866 ±    0.00358       0.07012 ±    0.00203     7.595 ±  0.173 %    89.392 ±  0.251 %
  60       6.9038 ±    0.1381       0.04884 ±    0.00355       0.06986 ±    0.00200     7.586 ±  0.170 %    89.405 ±  0.249 %
  61       6.9392 ±    0.1380       0.04775 ±    0.00355       0.07028 ±    0.00197     7.598 ±  0.168 %    89.322 ±  0.248 %
  62       6.9845 ±    0.1378       0.04776 ±    0.00352       0.07017 ±    0.00194     7.582 ±  0.167 %    89.292 ±  0.246 %
  63       7.0291 ±    0.1376       0.04766 ±    0.00348       0.06992 ±    0.00191     7.562 ±  0.165 %    89.262 ±  0.244 %
  64       7.0742 ±    0.1374       0.04783 ±    0.00344       0.06955 ±    0.00188     7.527 ±  0.163 %    89.259 ±  0.242 %
  65       7.1365 ±    0.1377       0.04746 ±    0.00340       0.06913 ±    0.00186     7.493 ±  0.161 %    89.237 ±  0.241 %
  66       7.1676 ±    0.1373       0.04757 ±    0.00337       0.06903 ±    0.00183     7.483 ±  0.159 %    89.204 ±  0.239 %
  67       7.2341 ±    0.1379       0.04689 ±    0.00334       0.06889 ±    0.00181     7.469 ±  0.158 %    89.213 ±  0.237 %
  68       7.2906 ±    0.1384       0.04811 ±    0.00334       0.06927 ±    0.00179     7.490 ±  0.157 %    89.193 ±  0.236 %
  69       7.2990 ±    0.1373       0.04787 ±    0.00331       0.06881 ±    0.00177     7.458 ±  0.156 %    89.184 ±  0.234 %
  70       7.2714 ±    0.1357       0.04776 ±    0.00328       0.06881 ±    0.00174     7.472 ±  0.154 %    89.115 ±  0.233 %
  71       7.3186 ±    0.1357       0.04659 ±    0.00325       0.06856 ±    0.00172     7.445 ±  0.152 %    89.075 ±  0.232 %
  72       7.3259 ±    0.1346       0.04617 ±    0.00322       0.06829 ±    0.00170     7.420 ±  0.151 %    89.047 ±  0.230 %
  73       7.3585 ±    0.1343       0.04535 ±    0.00320       0.06829 ±    0.00168     7.410 ±  0.149 %    88.998 ±  0.229 %
  74       7.3637 ±    0.1336       0.04511 ±    0.00318       0.06829 ±    0.00167     7.430 ±  0.150 %    89.036 ±  0.227 %
  75       7.3417 ±    0.1323       0.04487 ±    0.00315       0.06811 ±    0.00165     7.448 ±  0.150 %    89.067 ±  0.226 %
  76       7.3368 ±    0.1315       0.04431 ±    0.00312       0.06809 ±    0.00163     7.456 ±  0.150 %    89.030 ±  0.224 %
  77       7.3584 ±    0.1311       0.04345 ±    0.00310       0.06799 ±    0.00161     7.432 ±  0.148 %    89.045 ±  0.223 %
  78       7.4053 ±    0.1320       0.04475 ±    0.00331       0.07399 ±    0.00235     7.666 ±  0.161 %    88.949 ±  0.222 %
  79       7.3231 ±    0.1296       0.04574 ±    0.00332       0.07587 ±    0.00236     7.793 ±  0.160 %    88.891 ±  0.221 %
  80       7.2785 ±    0.1278       0.04620 ±    0.00330       0.07599 ±    0.00233     7.813 ±  0.158 %    88.873 ±  0.220 %
  81       7.2513 ±    0.1264       0.04571 ±    0.00328       0.07591 ±    0.00231     7.827 ±  0.158 %    88.899 ±  0.219 %
  82       7.2685 ±    0.1260       0.04584 ±    0.00325       0.07612 ±    0.00229     7.817 ±  0.157 %    88.833 ±  0.218 %
  83       7.2736 ±    0.1252       0.04593 ±    0.00322       0.07600 ±    0.00226     7.804 ±  0.155 %    88.788 ±  0.217 %
  84       7.2882 ±    0.1248       0.04582 ±    0.00321       0.07696 ±    0.00230     7.844 ±  0.155 %    88.754 ±  0.216 %
  85       7.3149 ±    0.1245       0.04576 ±    0.00320       0.07719 ±    0.00228     7.846 ±  0.154 %    88.747 ±  0.215 %
  86       7.3477 ±    0.1244       0.04563 ±    0.00317       0.07683 ±    0.00225     7.815 ±  0.153 %    88.741 ±  0.213 %
  87       7.3421 ±    0.1235       0.04553 ±    0.00314       0.07642 ±    0.00223     7.799 ±  0.152 %    88.763 ±  0.212 %
  88       7.3456 ±    0.1229       0.04517 ±    0.00312       0.07618 ±    0.00220     7.776 ±  0.151 %    88.792 ±  0.211 %
  89       7.3075 ±    0.1215       0.04502 ±    0.00309       0.07592 ±    0.00218     7.768 ±  0.149 %    88.826 ±  0.209 %
  90       7.2800 ±    0.1201       0.04502 ±    0.00306       0.07556 ±    0.00216     7.748 ±  0.148 %    88.841 ±  0.208 %
  91       7.2745 ±    0.1192       0.04512 ±    0.00304       0.07521 ±    0.00213     7.733 ±  0.147 %    88.843 ±  0.207 %
  92       7.2628 ±    0.1184       0.04317 ±    0.00304       0.07707 ±    0.00228     7.773 ±  0.148 %    88.836 ±  0.206 %
  93       7.2958 ±    0.1183       0.04268 ±    0.00303       0.07710 ±    0.00226     7.768 ±  0.147 %    88.859 ±  0.204 %
  94       7.3058 ±    0.1178       0.04267 ±    0.00302       0.07723 ±    0.00224     7.768 ±  0.147 %    88.849 ±  0.203 %
  95       7.3152 ±    0.1173       0.04255 ±    0.00299       0.07694 ±    0.00222     7.751 ±  0.145 %    88.850 ±  0.202 %
  96       7.3073 ±    0.1164       0.04274 ±    0.00298       0.07693 ±    0.00220     7.744 ±  0.145 %    88.836 ±  0.201 %
  97       7.2869 ±    0.1155       0.04270 ±    0.00295       0.07656 ±    0.00218     7.723 ±  0.144 %    88.866 ±  0.200 %
  98       7.2695 ±    0.1144       0.04243 ±    0.00293       0.07647 ±    0.00217     7.700 ±  0.143 %    88.876 ±  0.199 %
  99       7.2850 ±    0.1142       0.04272 ±    0.00292       0.07689 ±    0.00216     7.747 ±  0.142 %    88.861 ±  0.198 %
 100       7.3033 ±    0.1139       0.04275 ±    0.00290       0.07669 ±    0.00213     7.730 ±  0.141 %    88.831 ±  0.197 %

====== Perplexity statistics ======
Mean PPL(Q)                   :   7.303318 ±   0.113921
Mean PPL(base)                :   6.997671 ±   0.109822
Cor(ln(PPL(Q)), ln(PPL(base))):  98.28%
Mean ln(PPL(Q)/PPL(base))     :   0.042751 ±   0.002904
Mean PPL(Q)/PPL(base)         :   1.043678 ±   0.003030
Mean PPL(Q)-PPL(base)         :   0.305646 ±   0.021148

====== KL divergence statistics ======
Mean    KLD:   0.076691 ±   0.002135
Maximum KLD:  18.044516
99.9%   KLD:   4.281185
99.0%   KLD:   0.745609
95.0%   KLD:   0.229783
90.0%   KLD:   0.136535
Median  KLD:   0.031167
10.0%   KLD:   0.001090
 5.0%   KLD:   0.000326
 1.0%   KLD:   0.000042
 0.1%   KLD:   0.000006
Minimum KLD:  -0.000001

====== Token probability statistics ======
Mean    Δp: -1.559 ± 0.047 %
Maximum Δp: 99.817%
99.9%   Δp: 49.970%
99.0%   Δp: 17.011%
95.0%   Δp:  6.077%
90.0%   Δp:  2.892%
75.0%   Δp:  0.230%
Median  Δp: -0.193%
25.0%   Δp: -2.891%
10.0%   Δp: -8.195%
 5.0%   Δp: -12.261%
 1.0%   Δp: -26.336%
 0.1%   Δp: -69.097%
Minimum Δp: -99.655%
RMS Δp    :  7.730 ± 0.141 %
Same top p: 88.831 ± 0.197 %

