0.00.563.955 W model has unused tensor blk.64.attn_norm.weight (size = 20480 bytes) -- ignoring
0.00.563.961 W model has unused tensor blk.64.post_attention_norm.weight (size = 20480 bytes) -- ignoring
0.00.563.963 W model has unused tensor blk.64.attn_q.weight (size = 20643840 bytes) -- ignoring
0.00.563.965 W model has unused tensor blk.64.attn_k.weight (size = 1720320 bytes) -- ignoring
0.00.563.966 W model has unused tensor blk.64.attn_v.weight (size = 2949120 bytes) -- ignoring
0.00.563.970 W model has unused tensor blk.64.attn_output.weight (size = 13516800 bytes) -- ignoring
0.00.563.971 W model has unused tensor blk.64.attn_q_norm.weight (size = 1024 bytes) -- ignoring
0.00.563.973 W model has unused tensor blk.64.attn_k_norm.weight (size = 1024 bytes) -- ignoring
0.00.563.974 W model has unused tensor blk.64.ffn_gate.weight (size = 29245440 bytes) -- ignoring
0.00.563.975 W model has unused tensor blk.64.ffn_down.weight (size = 38297600 bytes) -- ignoring
0.00.563.976 W model has unused tensor blk.64.ffn_up.weight (size = 29245440 bytes) -- ignoring
0.00.563.979 W model has unused tensor blk.64.nextn.eh_proj.weight (size = 17203200 bytes) -- ignoring
0.00.563.980 W model has unused tensor blk.64.nextn.enorm.weight (size = 20480 bytes) -- ignoring
0.00.563.982 W model has unused tensor blk.64.nextn.hnorm.weight (size = 20480 bytes) -- ignoring
0.00.563.985 W model has unused tensor blk.64.nextn.shared_head_norm.weight (size = 20480 bytes) -- ignoring
0.03.322.356 I 
0.03.322.428 I system_info: n_threads = 16 (n_threads_batch = 16) / 32 | CUDA : ARCHS = 1200 | USE_GRAPHS = 1 | BLACKWELL_NATIVE_FP4 = 1 | CPU : SSE3 = 1 | SSSE3 = 1 | AVX = 1 | AVX_VNNI = 1 | AVX2 = 1 | F16C = 1 | FMA = 1 | BMI2 = 1 | AVX512 = 1 | AVX512_VBMI = 1 | AVX512_VNNI = 1 | AVX512_BF16 = 1 | LLAMAFILE = 1 | OPENMP = 1 | REPACK = 1 | 
0.03.339.549 I kl_divergence: computing over 100 chunks, n_ctx=512, batch_size=2048, n_seq=4
0.04.226.370 I kl_divergence: 0.89 seconds per pass - ETA 0.37 minutes

chunk             PPL               ln(PPL(Q)/PPL(base))          KL Divergence              Δp RMS            Same top p
   1       5.0082 ±    0.7646       0.16049 ±    0.05387       0.15000 ±    0.03621    10.777 ±  1.757 %    85.098 ±  2.234 %
   2       7.2437 ±    0.8987       0.13815 ±    0.03393       0.13403 ±    0.01967     9.887 ±  1.143 %    84.902 ±  1.587 %
   3       6.7166 ±    0.6587       0.18952 ±    0.03032       0.18650 ±    0.01791    13.736 ±  0.982 %    82.745 ±  1.367 %
   4       6.6061 ±    0.5373       0.16404 ±    0.02473       0.17838 ±    0.01417    13.263 ±  0.828 %    82.451 ±  1.192 %
   5       6.5764 ±    0.4630       0.15310 ±    0.02099       0.16941 ±    0.01169    12.886 ±  0.742 %    83.216 ±  1.047 %
   6       6.9643 ±    0.4490       0.15463 ±    0.01842       0.16841 ±    0.01020    12.658 ±  0.680 %    82.745 ±  0.966 %
   7       7.1284 ±    0.4235       0.15340 ±    0.01661       0.16152 ±    0.00893    12.212 ±  0.631 %    82.689 ±  0.896 %
   8       7.5712 ±    0.4294       0.14603 ±    0.01498       0.15401 ±    0.00789    11.934 ±  0.575 %    82.990 ±  0.832 %
   9       8.0156 ±    0.4315       0.14368 ±    0.01385       0.14774 ±    0.00709    11.532 ±  0.532 %    82.963 ±  0.785 %
  10       8.3478 ±    0.4247       0.13372 ±    0.01271       0.14022 ±    0.00642    11.071 ±  0.500 %    82.745 ±  0.748 %
  11       8.2432 ±    0.3961       0.13655 ±    0.01221       0.14376 ±    0.00659    11.380 ±  0.511 %    82.888 ±  0.711 %
  12       8.3071 ±    0.3830       0.13160 ±    0.01185       0.14588 ±    0.00641    11.385 ±  0.493 %    83.333 ±  0.674 %
  13       8.7789 ±    0.3961       0.12902 ±    0.01122       0.14366 ±    0.00600    11.324 ±  0.476 %    83.529 ±  0.644 %
  14       8.3132 ±    0.3583       0.12939 ±    0.01091       0.14233 ±    0.00585    11.485 ±  0.462 %    83.838 ±  0.616 %
  15       8.2591 ±    0.3440       0.12831 ±    0.01042       0.14013 ±    0.00555    11.400 ±  0.443 %    84.026 ±  0.592 %
  16       8.5934 ±    0.3572       0.13449 ±    0.01081       0.15711 ±    0.00811    11.703 ±  0.441 %    83.946 ±  0.575 %
  17       8.0681 ±    0.3216       0.13106 ±    0.01026       0.15150 ±    0.00765    11.545 ±  0.423 %    84.291 ±  0.553 %
  18       8.0707 ±    0.3118       0.12879 ±    0.00992       0.14996 ±    0.00729    11.460 ±  0.406 %    84.466 ±  0.535 %
  19       8.0257 ±    0.3020       0.13234 ±    0.00961       0.15013 ±    0.00699    11.667 ±  0.400 %    84.355 ±  0.522 %
  20       7.9523 ±    0.2900       0.13124 ±    0.00934       0.15082 ±    0.00670    11.684 ±  0.388 %    84.255 ±  0.510 %
  21       7.6716 ±    0.2715       0.12930 ±    0.00902       0.14882 ±    0.00641    11.750 ±  0.376 %    84.538 ±  0.494 %
  22       7.5209 ±    0.2590       0.12532 ±    0.00872       0.14656 ±    0.00613    11.699 ±  0.362 %    84.688 ±  0.481 %
  23       7.2325 ±    0.2416       0.12116 ±    0.00847       0.14396 ±    0.00591    11.648 ±  0.354 %    84.945 ±  0.467 %
  24       6.9076 ±    0.2237       0.11780 ±    0.00821       0.14377 ±    0.00581    11.723 ±  0.347 %    85.212 ±  0.454 %
  25       6.7825 ±    0.2153       0.11602 ±    0.00805       0.14330 ±    0.00566    11.739 ±  0.338 %    85.239 ±  0.444 %
  26       6.5974 ±    0.2036       0.11368 ±    0.00783       0.14155 ±    0.00546    11.692 ±  0.328 %    85.354 ±  0.434 %
  27       6.5113 ±    0.1968       0.11054 ±    0.00770       0.14177 ±    0.00531    11.736 ±  0.324 %    85.258 ±  0.427 %
  28       6.3935 ±    0.1886       0.10887 ±    0.00752       0.13976 ±    0.00513    11.643 ±  0.315 %    85.308 ±  0.419 %
  29       6.3602 ±    0.1839       0.10611 ±    0.00731       0.13784 ±    0.00496    11.555 ±  0.308 %    85.463 ±  0.410 %
  30       6.3070 ±    0.1784       0.10518 ±    0.00718       0.13768 ±    0.00482    11.556 ±  0.302 %    85.373 ±  0.404 %
  31       6.2602 ±    0.1735       0.10577 ±    0.00700       0.13644 ±    0.00468    11.514 ±  0.296 %    85.402 ±  0.397 %
  32       6.2631 ±    0.1711       0.10572 ±    0.00692       0.13730 ±    0.00464    11.613 ±  0.297 %    85.380 ±  0.391 %
  33       6.2623 ±    0.1688       0.10813 ±    0.00682       0.13720 ±    0.00453    11.608 ±  0.291 %    85.383 ±  0.385 %
  34       6.3225 ±    0.1684       0.10857 ±    0.00675       0.13742 ±    0.00450    11.627 ±  0.289 %    85.294 ±  0.380 %
  35       6.4235 ±    0.1690       0.11113 ±    0.00667       0.13867 ±    0.00445    11.667 ±  0.286 %    85.154 ±  0.376 %
  36       6.5717 ±    0.1711       0.11036 ±    0.00660       0.13862 ±    0.00435    11.554 ±  0.281 %    85.153 ±  0.371 %
  37       6.6675 ±    0.1710       0.10924 ±    0.00653       0.13832 ±    0.00427    11.454 ±  0.276 %    85.045 ±  0.367 %
  38       6.6376 ±    0.1677       0.10883 ±    0.00643       0.13762 ±    0.00420    11.376 ±  0.271 %    85.057 ±  0.362 %
  39       6.6591 ±    0.1666       0.10744 ±    0.00638       0.13768 ±    0.00416    11.367 ±  0.268 %    85.028 ±  0.358 %
  40       6.6925 ±    0.1662       0.10560 ±    0.00628       0.13743 ±    0.00419    11.296 ±  0.263 %    85.059 ±  0.353 %
  41       6.7004 ±    0.1643       0.10585 ±    0.00617       0.13684 ±    0.00411    11.246 ±  0.259 %    85.098 ±  0.348 %
  42       6.8057 ±    0.1658       0.10691 ±    0.00615       0.13919 ±    0.00414    11.327 ±  0.258 %    85.014 ±  0.345 %
  43       6.8056 ±    0.1639       0.10675 ±    0.00607       0.13926 ±    0.00407    11.331 ±  0.254 %    84.870 ±  0.342 %
  44       6.8637 ±    0.1651       0.10898 ±    0.00616       0.14199 ±    0.00416    11.357 ±  0.251 %    84.804 ±  0.339 %
  45       6.9294 ±    0.1651       0.10809 ±    0.00608       0.14166 ±    0.00408    11.330 ±  0.248 %    84.837 ±  0.335 %
  46       6.8981 ±    0.1624       0.10859 ±    0.00600       0.14144 ±    0.00401    11.371 ±  0.245 %    84.791 ±  0.332 %
  47       7.1024 ±    0.1676       0.11081 ±    0.00596       0.14276 ±    0.00396    11.364 ±  0.241 %    84.647 ±  0.329 %
  48       7.1479 ±    0.1668       0.10844 ±    0.00586       0.14140 ±    0.00388    11.283 ±  0.238 %    84.837 ±  0.324 %
  49       7.1039 ±    0.1636       0.10804 ±    0.00578       0.14102 ±    0.00381    11.237 ±  0.234 %    84.786 ±  0.321 %
  50       7.1333 ±    0.1625       0.10736 ±    0.00571       0.14099 ±    0.00375    11.231 ±  0.232 %    84.816 ±  0.318 %
  51       7.1353 ±    0.1607       0.10696 ±    0.00564       0.14069 ±    0.00369    11.219 ±  0.229 %    84.767 ±  0.315 %
  52       7.1673 ±    0.1601       0.10653 ±    0.00558       0.14093 ±    0.00364    11.204 ±  0.226 %    84.736 ±  0.312 %
  53       7.2052 ±    0.1592       0.10607 ±    0.00551       0.13995 ±    0.00358    11.138 ±  0.224 %    84.617 ±  0.310 %
  54       7.2372 ±    0.1585       0.10613 ±    0.00546       0.13945 ±    0.00352    11.142 ±  0.223 %    84.619 ±  0.307 %
  55       7.2351 ±    0.1568       0.10495 ±    0.00539       0.13853 ±    0.00346    11.093 ±  0.220 %    84.620 ±  0.305 %
  56       7.2468 ±    0.1557       0.10455 ±    0.00537       0.13852 ±    0.00342    11.071 ±  0.217 %    84.545 ±  0.303 %
  57       7.2631 ±    0.1547       0.10496 ±    0.00531       0.13805 ±    0.00337    11.060 ±  0.215 %    84.506 ±  0.300 %
  58       7.2489 ±    0.1526       0.10386 ±    0.00524       0.13714 ±    0.00332    11.014 ±  0.212 %    84.591 ±  0.297 %
  59       7.2546 ±    0.1513       0.10276 ±    0.00522       0.13733 ±    0.00330    11.003 ±  0.209 %    84.580 ±  0.294 %
  60       7.2873 ±    0.1509       0.10290 ±    0.00517       0.13680 ±    0.00324    10.976 ±  0.207 %    84.556 ±  0.292 %
  61       7.3370 ±    0.1514       0.10350 ±    0.00516       0.13796 ±    0.00322    11.000 ±  0.205 %    84.468 ±  0.290 %
  62       7.3805 ±    0.1509       0.10290 ±    0.00511       0.13770 ±    0.00318    10.975 ±  0.203 %    84.440 ±  0.288 %
  63       7.4203 ±    0.1505       0.10183 ±    0.00505       0.13710 ±    0.00313    10.933 ±  0.201 %    84.482 ±  0.286 %
  64       7.4606 ±    0.1500       0.10100 ±    0.00498       0.13627 ±    0.00308    10.879 ±  0.199 %    84.528 ±  0.283 %
  65       7.5273 ±    0.1504       0.10079 ±    0.00493       0.13545 ±    0.00304    10.824 ±  0.197 %    84.477 ±  0.281 %
  66       7.5570 ±    0.1499       0.10047 ±    0.00488       0.13518 ±    0.00300    10.821 ±  0.195 %    84.462 ±  0.279 %
  67       7.6274 ±    0.1506       0.09983 ±    0.00484       0.13489 ±    0.00296    10.798 ±  0.193 %    84.478 ±  0.277 %
  68       7.6706 ±    0.1506       0.09892 ±    0.00482       0.13497 ±    0.00293    10.781 ±  0.191 %    84.441 ±  0.275 %
  69       7.6715 ±    0.1492       0.09764 ±    0.00477       0.13414 ±    0.00289    10.742 ±  0.189 %    84.479 ±  0.273 %
  70       7.6426 ±    0.1474       0.09755 ±    0.00472       0.13427 ±    0.00286    10.767 ±  0.187 %    84.448 ±  0.271 %
  71       7.6890 ±    0.1472       0.09595 ±    0.00468       0.13363 ±    0.00282    10.724 ±  0.185 %    84.391 ±  0.270 %
  72       7.6934 ±    0.1460       0.09510 ±    0.00464       0.13328 ±    0.00279    10.709 ±  0.183 %    84.363 ±  0.268 %
  73       7.7398 ±    0.1460       0.09587 ±    0.00459       0.13300 ±    0.00275    10.670 ±  0.182 %    84.346 ±  0.266 %
  74       7.7501 ±    0.1454       0.09624 ±    0.00459       0.13352 ±    0.00280    10.693 ±  0.182 %    84.420 ±  0.264 %
  75       7.7189 ±    0.1438       0.09497 ±    0.00454       0.13308 ±    0.00278    10.670 ±  0.181 %    84.476 ±  0.262 %
  76       7.7220 ±    0.1431       0.09548 ±    0.00454       0.13336 ±    0.00276    10.671 ±  0.180 %    84.510 ±  0.260 %
  77       7.7409 ±    0.1427       0.09412 ±    0.00450       0.13326 ±    0.00273    10.635 ±  0.178 %    84.502 ±  0.258 %
  78       7.7768 ±    0.1431       0.09370 ±    0.00459       0.13932 ±    0.00341    10.734 ±  0.181 %    84.454 ±  0.257 %
  79       7.7224 ±    0.1411       0.09882 ±    0.00461       0.14341 ±    0.00342    11.128 ±  0.184 %    84.334 ±  0.256 %
  80       7.6689 ±    0.1389       0.09845 ±    0.00458       0.14366 ±    0.00339    11.149 ±  0.182 %    84.333 ±  0.254 %
  81       7.6402 ±    0.1374       0.09796 ±    0.00455       0.14360 ±    0.00337    11.153 ±  0.181 %    84.333 ±  0.253 %
  82       7.6573 ±    0.1370       0.09794 ±    0.00453       0.14343 ±    0.00333    11.117 ±  0.180 %    84.328 ±  0.251 %
  83       7.6562 ±    0.1360       0.09720 ±    0.00449       0.14305 ±    0.00329    11.104 ±  0.178 %    84.328 ±  0.250 %
  84       7.6726 ±    0.1355       0.09722 ±    0.00446       0.14353 ±    0.00329    11.093 ±  0.177 %    84.332 ±  0.248 %
  85       7.7063 ±    0.1354       0.09788 ±    0.00444       0.14383 ±    0.00326    11.091 ±  0.176 %    84.281 ±  0.247 %
  86       7.7395 ±    0.1353       0.09758 ±    0.00441       0.14343 ±    0.00324    11.085 ±  0.175 %    84.295 ±  0.246 %
  87       7.7260 ±    0.1341       0.09650 ±    0.00437       0.14264 ±    0.00320    11.050 ±  0.174 %    84.345 ±  0.244 %
  88       7.7280 ±    0.1334       0.09591 ±    0.00433       0.14206 ±    0.00317    11.023 ±  0.173 %    84.332 ±  0.243 %
  89       7.6834 ±    0.1317       0.09519 ±    0.00430       0.14133 ±    0.00313    11.005 ±  0.171 %    84.389 ±  0.241 %
  90       7.6588 ±    0.1304       0.09574 ±    0.00428       0.14111 ±    0.00313    11.001 ±  0.171 %    84.392 ±  0.240 %
  91       7.6527 ±    0.1294       0.09580 ±    0.00424       0.14059 ±    0.00309    10.992 ±  0.170 %    84.361 ±  0.238 %
  92       7.6590 ±    0.1291       0.09628 ±    0.00423       0.14100 ±    0.00310    10.966 ±  0.168 %    84.412 ±  0.237 %
  93       7.6938 ±    0.1291       0.09580 ±    0.00422       0.14124 ±    0.00308    10.957 ±  0.168 %    84.411 ±  0.236 %
  94       7.7081 ±    0.1286       0.09627 ±    0.00420       0.14120 ±    0.00305    10.941 ±  0.166 %    84.422 ±  0.234 %
  95       7.7145 ±    0.1279       0.09571 ±    0.00417       0.14073 ±    0.00302    10.912 ±  0.165 %    84.425 ±  0.233 %
  96       7.7042 ±    0.1269       0.09564 ±    0.00414       0.14016 ±    0.00299    10.875 ±  0.164 %    84.461 ±  0.232 %
  97       7.6854 ±    0.1259       0.09595 ±    0.00411       0.13970 ±    0.00296    10.857 ±  0.163 %    84.492 ±  0.230 %
  98       7.6649 ±    0.1247       0.09539 ±    0.00407       0.13913 ±    0.00294    10.821 ±  0.162 %    84.530 ±  0.229 %
  99       7.6814 ±    0.1245       0.09570 ±    0.00406       0.13939 ±    0.00292    10.832 ±  0.161 %    84.528 ±  0.228 %
 100       7.6963 ±    0.1241       0.09516 ±    0.00403       0.13904 ±    0.00289    10.820 ±  0.160 %    84.553 ±  0.226 %

====== Perplexity statistics ======
Mean PPL(Q)                   :   7.696277 ±   0.124129
Mean PPL(base)                :   6.997671 ±   0.109822
Cor(ln(PPL(Q)), ln(PPL(base))):  96.83%
Mean ln(PPL(Q)/PPL(base))     :   0.095159 ±   0.004031
Mean PPL(Q)/PPL(base)         :   1.099834 ±   0.004433
Mean PPL(Q)-PPL(base)         :   0.698606 ±   0.032704

====== KL divergence statistics ======
Mean    KLD:   0.139041 ±   0.002889
Maximum KLD:  22.596910
99.9%   KLD:   6.152354
99.0%   KLD:   1.420734
95.0%   KLD:   0.451203
90.0%   KLD:   0.265645
Median  KLD:   0.056131
10.0%   KLD:   0.001450
 5.0%   KLD:   0.000389
 1.0%   KLD:   0.000063
 0.1%   KLD:   0.000008
Minimum KLD:  -0.000006

====== Token probability statistics ======
Mean    Δp: -1.599 ± 0.067 %
Maximum Δp: 98.026%
99.9%   Δp: 58.897%
99.0%   Δp: 24.596%
95.0%   Δp: 10.892%
90.0%   Δp:  5.788%
75.0%   Δp:  0.782%
Median  Δp: -0.068%
25.0%   Δp: -2.831%
10.0%   Δp: -10.178%
 5.0%   Δp: -17.287%
 1.0%   Δp: -42.864%
 0.1%   Δp: -89.128%
Minimum Δp: -99.793%
RMS Δp    : 10.820 ± 0.160 %
Same top p: 84.553 ± 0.226 %

