0.00.536.729 W model has unused tensor blk.64.attn_norm.weight (size = 20480 bytes) -- ignoring
0.00.536.734 W model has unused tensor blk.64.post_attention_norm.weight (size = 20480 bytes) -- ignoring
0.00.536.737 W model has unused tensor blk.64.attn_q.weight (size = 43253760 bytes) -- ignoring
0.00.536.738 W model has unused tensor blk.64.attn_k.weight (size = 3604480 bytes) -- ignoring
0.00.536.740 W model has unused tensor blk.64.attn_v.weight (size = 3604480 bytes) -- ignoring
0.00.536.744 W model has unused tensor blk.64.attn_output.weight (size = 21626880 bytes) -- ignoring
0.00.536.745 W model has unused tensor blk.64.attn_q_norm.weight (size = 1024 bytes) -- ignoring
0.00.536.746 W model has unused tensor blk.64.attn_k_norm.weight (size = 1024 bytes) -- ignoring
0.00.536.747 W model has unused tensor blk.64.ffn_gate.weight (size = 61276160 bytes) -- ignoring
0.00.536.749 W model has unused tensor blk.64.ffn_down.weight (size = 61276160 bytes) -- ignoring
0.00.536.750 W model has unused tensor blk.64.ffn_up.weight (size = 61276160 bytes) -- ignoring
0.00.536.752 W model has unused tensor blk.64.nextn.eh_proj.weight (size = 36044800 bytes) -- ignoring
0.00.536.753 W model has unused tensor blk.64.nextn.enorm.weight (size = 20480 bytes) -- ignoring
0.00.536.754 W model has unused tensor blk.64.nextn.hnorm.weight (size = 20480 bytes) -- ignoring
0.00.536.758 W model has unused tensor blk.64.nextn.shared_head_norm.weight (size = 20480 bytes) -- ignoring
0.01.401.172 I 
0.01.401.249 I system_info: n_threads = 16 (n_threads_batch = 16) / 32 | CUDA : ARCHS = 1200 | USE_GRAPHS = 1 | BLACKWELL_NATIVE_FP4 = 1 | CPU : SSE3 = 1 | SSSE3 = 1 | AVX = 1 | AVX_VNNI = 1 | AVX2 = 1 | F16C = 1 | FMA = 1 | BMI2 = 1 | AVX512 = 1 | AVX512_VBMI = 1 | AVX512_VNNI = 1 | AVX512_BF16 = 1 | LLAMAFILE = 1 | OPENMP = 1 | REPACK = 1 | 
0.01.429.349 I kl_divergence: computing over 100 chunks, n_ctx=512, batch_size=2048, n_seq=4
0.02.267.812 I kl_divergence: 0.84 seconds per pass - ETA 0.33 minutes

chunk             PPL               ln(PPL(Q)/PPL(base))          KL Divergence              Δp RMS            Same top p
   1       4.6939 ±    0.6858       0.09567 ±    0.02934       0.09315 ±    0.01983    11.561 ±  2.058 %    89.804 ±  1.899 %
   2       6.6646 ±    0.8007       0.05482 ±    0.02385       0.09001 ±    0.01176     9.607 ±  1.279 %    88.235 ±  1.428 %
   3       5.9510 ±    0.5616       0.06849 ±    0.02231       0.11849 ±    0.01123    11.228 ±  0.912 %    87.451 ±  1.199 %
   4       5.9800 ±    0.4734       0.06446 ±    0.01785       0.10842 ±    0.00882    10.627 ±  0.775 %    87.059 ±  1.051 %
   5       5.9986 ±    0.4135       0.06114 ±    0.01544       0.10162 ±    0.00722     9.934 ±  0.671 %    87.373 ±  0.931 %
   6       6.3375 ±    0.3999       0.06032 ±    0.01351       0.09776 ±    0.00609     9.436 ±  0.592 %    87.386 ±  0.849 %
   7       6.4991 ±    0.3787       0.06098 ±    0.01246       0.09745 ±    0.00543     9.383 ±  0.546 %    86.947 ±  0.798 %
   8       6.9444 ±    0.3871       0.05961 ±    0.01133       0.09220 ±    0.00479     8.981 ±  0.501 %    87.157 ±  0.741 %
   9       7.3592 ±    0.3891       0.05825 ±    0.01037       0.08912 ±    0.00433     8.759 ±  0.462 %    87.059 ±  0.701 %
  10       7.6952 ±    0.3847       0.05232 ±    0.00957       0.08503 ±    0.00392     8.465 ±  0.432 %    86.980 ±  0.667 %
  11       7.5791 ±    0.3571       0.05256 ±    0.00897       0.08383 ±    0.00372     8.514 ±  0.432 %    87.237 ±  0.630 %
  12       7.6702 ±    0.3479       0.05183 ±    0.00877       0.08633 ±    0.00390     8.796 ±  0.448 %    87.386 ±  0.600 %
  13       8.1065 ±    0.3591       0.04933 ±    0.00853       0.08638 ±    0.00374     8.651 ±  0.430 %    87.360 ±  0.577 %
  14       7.6869 ±    0.3256       0.05106 ±    0.00807       0.08518 ±    0.00354     8.628 ±  0.404 %    87.675 ±  0.550 %
  15       7.6130 ±    0.3113       0.04685 ±    0.00770       0.08513 ±    0.00349     8.493 ±  0.385 %    87.843 ±  0.528 %
  16       7.8066 ±    0.3151       0.03847 ±    0.00795       0.09693 ±    0.00738     8.580 ±  0.377 %    87.843 ±  0.512 %
  17       7.3482 ±    0.2843       0.03760 ±    0.00757       0.09463 ±    0.00703     8.497 ±  0.362 %    88.143 ±  0.491 %
  18       7.3750 ±    0.2767       0.03865 ±    0.00730       0.09311 ±    0.00665     8.381 ±  0.347 %    88.431 ±  0.472 %
  19       7.3099 ±    0.2667       0.03892 ±    0.00708       0.09376 ±    0.00636     8.531 ±  0.340 %    88.132 ±  0.465 %
  20       7.2479 ±    0.2564       0.03849 ±    0.00696       0.09443 ±    0.00607     8.527 ±  0.329 %    88.000 ±  0.455 %
  21       7.0104 ±    0.2409       0.03917 ±    0.00677       0.09389 ±    0.00582     8.699 ±  0.334 %    88.198 ±  0.441 %
  22       6.9145 ±    0.2317       0.04125 ±    0.00659       0.09324 ±    0.00557     8.710 ±  0.325 %    88.289 ±  0.429 %
  23       6.6680 ±    0.2168       0.03990 ±    0.00642       0.09251 ±    0.00536     8.758 ±  0.315 %    88.355 ±  0.419 %
  24       6.3836 ±    0.2012       0.03891 ±    0.00624       0.09179 ±    0.00519     8.872 ±  0.312 %    88.546 ±  0.407 %
  25       6.2975 ±    0.1947       0.04183 ±    0.00617       0.09335 ±    0.00504     9.147 ±  0.312 %    88.361 ±  0.402 %
  26       6.1467 ±    0.1849       0.04293 ±    0.00603       0.09297 ±    0.00485     9.155 ±  0.301 %    88.401 ±  0.393 %
  27       6.0546 ±    0.1782       0.03781 ±    0.00605       0.09403 ±    0.00478     9.262 ±  0.301 %    88.366 ±  0.386 %
  28       5.9562 ±    0.1711       0.03801 ±    0.00591       0.09315 ±    0.00461     9.222 ±  0.292 %    88.459 ±  0.378 %
  29       5.9422 ±    0.1676       0.03813 ±    0.00576       0.09247 ±    0.00447     9.182 ±  0.287 %    88.506 ±  0.371 %
  30       5.9047 ±    0.1630       0.03928 ±    0.00565       0.09209 ±    0.00433     9.181 ±  0.282 %    88.471 ±  0.365 %
  31       5.8683 ±    0.1589       0.04113 ±    0.00554       0.09148 ±    0.00420     9.161 ±  0.275 %    88.450 ±  0.360 %
  32       5.8773 ±    0.1569       0.04214 ±    0.00544       0.09138 ±    0.00408     9.181 ±  0.273 %    88.456 ±  0.354 %
  33       5.8583 ±    0.1540       0.04144 ±    0.00536       0.09181 ±    0.00401     9.188 ±  0.266 %    88.295 ±  0.350 %
  34       5.9079 ±    0.1535       0.04073 ±    0.00526       0.09125 ±    0.00389     9.170 ±  0.261 %    88.258 ±  0.346 %
  35       5.9891 ±    0.1538       0.04111 ±    0.00519       0.09156 ±    0.00380     9.175 ±  0.256 %    88.134 ±  0.342 %
  36       6.1414 ±    0.1562       0.04263 ±    0.00516       0.09199 ±    0.00371     9.141 ±  0.251 %    88.017 ±  0.339 %
  37       6.2385 ±    0.1565       0.04273 ±    0.00515       0.09210 ±    0.00363     9.118 ±  0.247 %    87.928 ±  0.335 %
  38       6.2124 ±    0.1534       0.04261 ±    0.00508       0.09182 ±    0.00359     9.064 ±  0.243 %    87.936 ±  0.331 %
  39       6.2302 ±    0.1521       0.04086 ±    0.00500       0.09140 ±    0.00351     9.051 ±  0.238 %    87.853 ±  0.328 %
  40       6.2723 ±    0.1521       0.04075 ±    0.00494       0.09242 ±    0.00373     8.996 ±  0.234 %    87.853 ±  0.323 %
  41       6.2774 ±    0.1502       0.04066 ±    0.00487       0.09218 ±    0.00365     8.982 ±  0.230 %    87.814 ±  0.320 %
  42       6.3539 ±    0.1507       0.03823 ±    0.00487       0.09459 ±    0.00372     9.043 ±  0.230 %    87.684 ±  0.318 %
  43       6.3529 ±    0.1490       0.03791 ±    0.00479       0.09394 ±    0.00364     9.002 ±  0.226 %    87.633 ±  0.314 %
  44       6.3976 ±    0.1497       0.03866 ±    0.00484       0.09769 ±    0.00387     9.079 ±  0.224 %    87.513 ±  0.312 %
  45       6.4622 ±    0.1499       0.03830 ±    0.00478       0.09721 ±    0.00379     9.022 ±  0.221 %    87.521 ±  0.309 %
  46       6.4243 ±    0.1472       0.03743 ±    0.00471       0.09674 ±    0.00371     9.012 ±  0.217 %    87.511 ±  0.305 %
  47       6.5799 ±    0.1505       0.03441 ±    0.00471       0.09752 ±    0.00366     9.050 ±  0.215 %    87.409 ±  0.303 %
  48       6.6297 ±    0.1501       0.03317 ±    0.00464       0.09658 ±    0.00359     8.984 ±  0.212 %    87.525 ±  0.299 %
  49       6.5849 ±    0.1471       0.03218 ±    0.00457       0.09581 ±    0.00351     8.942 ±  0.209 %    87.523 ±  0.296 %
  50       6.6172 ±    0.1463       0.03226 ±    0.00453       0.09588 ±    0.00345     8.942 ±  0.207 %    87.490 ±  0.293 %
  51       6.6150 ±    0.1446       0.03125 ±    0.00447       0.09599 ±    0.00340     8.919 ±  0.204 %    87.466 ±  0.290 %
  52       6.6509 ±    0.1443       0.03175 ±    0.00441       0.09603 ±    0.00334     8.905 ±  0.201 %    87.496 ±  0.287 %
  53       6.6938 ±    0.1437       0.03246 ±    0.00435       0.09527 ±    0.00328     8.848 ±  0.198 %    87.488 ±  0.285 %
  54       6.7234 ±    0.1430       0.03248 ±    0.00431       0.09511 ±    0.00323     8.877 ±  0.198 %    87.473 ±  0.282 %
  55       6.7330 ±    0.1419       0.03302 ±    0.00426       0.09459 ±    0.00317     8.836 ±  0.195 %    87.415 ±  0.280 %
  56       6.7426 ±    0.1408       0.03244 ±    0.00421       0.09442 ±    0.00312     8.838 ±  0.194 %    87.381 ±  0.278 %
  57       6.7564 ±    0.1399       0.03264 ±    0.00416       0.09407 ±    0.00307     8.829 ±  0.192 %    87.341 ±  0.276 %
  58       6.7501 ±    0.1382       0.03257 ±    0.00411       0.09355 ±    0.00302     8.799 ±  0.190 %    87.424 ±  0.273 %
  59       6.7640 ±    0.1374       0.03274 ±    0.00407       0.09373 ±    0.00298     8.791 ±  0.187 %    87.404 ±  0.271 %
  60       6.7938 ±    0.1370       0.03278 ±    0.00404       0.09340 ±    0.00293     8.778 ±  0.185 %    87.366 ±  0.269 %
  61       6.8350 ±    0.1373       0.03262 ±    0.00403       0.09375 ±    0.00289     8.767 ±  0.182 %    87.252 ±  0.267 %
  62       6.8827 ±    0.1371       0.03307 ±    0.00399       0.09363 ±    0.00285     8.751 ±  0.180 %    87.192 ±  0.266 %
  63       6.9231 ±    0.1368       0.03247 ±    0.00394       0.09318 ±    0.00280     8.728 ±  0.178 %    87.221 ±  0.263 %
  64       6.9692 ±    0.1367       0.03287 ±    0.00391       0.09275 ±    0.00276     8.687 ±  0.176 %    87.212 ±  0.261 %
  65       7.0361 ±    0.1372       0.03331 ±    0.00386       0.09214 ±    0.00272     8.646 ±  0.175 %    87.204 ±  0.259 %
  66       7.0699 ±    0.1369       0.03384 ±    0.00384       0.09193 ±    0.00268     8.619 ±  0.173 %    87.148 ±  0.258 %
  67       7.1404 ±    0.1378       0.03385 ±    0.00382       0.09193 ±    0.00265     8.598 ±  0.171 %    87.135 ±  0.256 %
  68       7.1803 ±    0.1376       0.03288 ±    0.00382       0.09227 ±    0.00266     8.592 ±  0.171 %    87.099 ±  0.255 %
  69       7.1869 ±    0.1365       0.03239 ±    0.00378       0.09161 ±    0.00262     8.554 ±  0.169 %    87.138 ±  0.252 %
  70       7.1633 ±    0.1350       0.03279 ±    0.00375       0.09152 ±    0.00258     8.548 ±  0.167 %    87.176 ±  0.250 %
  71       7.2161 ±    0.1351       0.03248 ±    0.00371       0.09106 ±    0.00255     8.509 ±  0.165 %    87.125 ±  0.249 %
  72       7.2246 ±    0.1341       0.03224 ±    0.00368       0.09066 ±    0.00252     8.477 ±  0.164 %    87.124 ±  0.247 %
  73       7.2649 ±    0.1341       0.03254 ±    0.00365       0.09059 ±    0.00249     8.444 ±  0.162 %    87.037 ±  0.246 %
  74       7.2722 ±    0.1334       0.03260 ±    0.00362       0.09043 ±    0.00246     8.456 ±  0.162 %    87.107 ±  0.244 %
  75       7.2487 ±    0.1321       0.03212 ±    0.00358       0.09016 ±    0.00243     8.450 ±  0.161 %    87.142 ±  0.242 %
  76       7.2459 ±    0.1314       0.03184 ±    0.00355       0.09014 ±    0.00241     8.451 ±  0.160 %    87.116 ±  0.241 %
  77       7.2723 ±    0.1311       0.03168 ±    0.00352       0.09005 ±    0.00238     8.425 ±  0.159 %    87.140 ±  0.239 %
  78       7.2936 ±    0.1313       0.02955 ±    0.00359       0.09474 ±    0.00281     8.590 ±  0.165 %    87.114 ±  0.238 %
  79       7.2295 ±    0.1292       0.03287 ±    0.00360       0.09724 ±    0.00281     8.838 ±  0.166 %    87.084 ±  0.236 %
  80       7.1895 ±    0.1275       0.03389 ±    0.00358       0.09785 ±    0.00278     8.903 ±  0.164 %    87.039 ±  0.235 %
  81       7.1651 ±    0.1261       0.03375 ±    0.00355       0.09747 ±    0.00275     8.878 ±  0.163 %    87.044 ±  0.234 %
  82       7.1851 ±    0.1258       0.03429 ±    0.00354       0.09761 ±    0.00272     8.873 ±  0.161 %    87.006 ±  0.233 %
  83       7.1890 ±    0.1250       0.03423 ±    0.00351       0.09740 ±    0.00269     8.857 ±  0.160 %    86.993 ±  0.231 %
  84       7.2114 ±    0.1248       0.03523 ±    0.00351       0.09849 ±    0.00270     8.921 ±  0.161 %    86.979 ±  0.230 %
  85       7.2468 ±    0.1247       0.03640 ±    0.00351       0.09858 ±    0.00267     8.904 ±  0.160 %    86.980 ±  0.229 %
  86       7.2838 ±    0.1249       0.03689 ±    0.00348       0.09824 ±    0.00264     8.875 ±  0.159 %    86.986 ±  0.227 %
  87       7.2761 ±    0.1239       0.03650 ±    0.00345       0.09775 ±    0.00261     8.842 ±  0.158 %    87.032 ±  0.226 %
  88       7.2846 ±    0.1234       0.03682 ±    0.00342       0.09736 ±    0.00259     8.838 ±  0.157 %    87.045 ±  0.224 %
  89       7.2459 ±    0.1220       0.03656 ±    0.00340       0.09714 ±    0.00256     8.831 ±  0.155 %    87.076 ±  0.223 %
  90       7.2175 ±    0.1206       0.03639 ±    0.00337       0.09685 ±    0.00254     8.817 ±  0.154 %    87.098 ±  0.221 %
  91       7.2132 ±    0.1197       0.03665 ±    0.00334       0.09641 ±    0.00251     8.803 ±  0.153 %    87.089 ±  0.220 %
  92       7.1984 ±    0.1187       0.03425 ±    0.00337       0.09782 ±    0.00258     8.849 ±  0.155 %    87.114 ±  0.219 %
  93       7.2258 ±    0.1185       0.03304 ±    0.00336       0.09798 ±    0.00256     8.835 ±  0.153 %    87.118 ±  0.218 %
  94       7.2365 ±    0.1181       0.03313 ±    0.00334       0.09801 ±    0.00253     8.824 ±  0.152 %    87.126 ±  0.216 %
  95       7.2468 ±    0.1176       0.03316 ±    0.00331       0.09761 ±    0.00251     8.791 ±  0.151 %    87.125 ±  0.215 %
  96       7.2399 ±    0.1168       0.03349 ±    0.00329       0.09730 ±    0.00248     8.764 ±  0.150 %    87.161 ±  0.214 %
  97       7.2200 ±    0.1158       0.03348 ±    0.00326       0.09689 ±    0.00246     8.746 ±  0.149 %    87.212 ±  0.212 %
  98       7.2029 ±    0.1147       0.03323 ±    0.00324       0.09658 ±    0.00244     8.715 ±  0.148 %    87.227 ±  0.211 %
  99       7.2180 ±    0.1145       0.03347 ±    0.00323       0.09685 ±    0.00243     8.717 ±  0.147 %    87.209 ±  0.210 %
 100       7.2354 ±    0.1142       0.03341 ±    0.00321       0.09666 ±    0.00240     8.701 ±  0.146 %    87.231 ±  0.209 %

====== Perplexity statistics ======
Mean PPL(Q)                   :   7.235402 ±   0.114218
Mean PPL(base)                :   6.997671 ±   0.109822
Cor(ln(PPL(Q)), ln(PPL(base))):  97.93%
Mean ln(PPL(Q)/PPL(base))     :   0.033408 ±   0.003207
Mean PPL(Q)/PPL(base)         :   1.033973 ±   0.003316
Mean PPL(Q)-PPL(base)         :   0.237731 ±   0.023230

====== KL divergence statistics ======
Mean    KLD:   0.096662 ±   0.002404
Maximum KLD:  20.981438
99.9%   KLD:   4.517918
99.0%   KLD:   0.924908
95.0%   KLD:   0.304877
90.0%   KLD:   0.182429
Median  KLD:   0.038927
10.0%   KLD:   0.001085
 5.0%   KLD:   0.000327
 1.0%   KLD:   0.000041
 0.1%   KLD:   0.000007
Minimum KLD:   0.000001

====== Token probability statistics ======
Mean    Δp: -0.699 ± 0.054 %
Maximum Δp: 98.913%
99.9%   Δp: 60.114%
99.0%   Δp: 21.460%
95.0%   Δp:  9.606%
90.0%   Δp:  5.399%
75.0%   Δp:  0.986%
Median  Δp: -0.019%
25.0%   Δp: -1.785%
10.0%   Δp: -7.162%
 5.0%   Δp: -12.535%
 1.0%   Δp: -30.942%
 0.1%   Δp: -75.518%
Minimum Δp: -97.649%
RMS Δp    :  8.701 ± 0.146 %
Same top p: 87.231 ± 0.209 %

