0.00.590.031 W model has unused tensor blk.64.attn_norm.weight (size = 20480 bytes) -- ignoring
0.00.590.035 W model has unused tensor blk.64.post_attention_norm.weight (size = 20480 bytes) -- ignoring
0.00.590.038 W model has unused tensor blk.64.attn_q.weight (size = 43253760 bytes) -- ignoring
0.00.590.040 W model has unused tensor blk.64.attn_k.weight (size = 3604480 bytes) -- ignoring
0.00.590.041 W model has unused tensor blk.64.attn_v.weight (size = 3604480 bytes) -- ignoring
0.00.590.045 W model has unused tensor blk.64.attn_output.weight (size = 21626880 bytes) -- ignoring
0.00.590.046 W model has unused tensor blk.64.attn_q_norm.weight (size = 1024 bytes) -- ignoring
0.00.590.047 W model has unused tensor blk.64.attn_k_norm.weight (size = 1024 bytes) -- ignoring
0.00.590.049 W model has unused tensor blk.64.ffn_gate.weight (size = 61276160 bytes) -- ignoring
0.00.590.050 W model has unused tensor blk.64.ffn_down.weight (size = 61276160 bytes) -- ignoring
0.00.590.051 W model has unused tensor blk.64.ffn_up.weight (size = 61276160 bytes) -- ignoring
0.00.590.053 W model has unused tensor blk.64.nextn.eh_proj.weight (size = 36044800 bytes) -- ignoring
0.00.590.054 W model has unused tensor blk.64.nextn.enorm.weight (size = 20480 bytes) -- ignoring
0.00.590.056 W model has unused tensor blk.64.nextn.hnorm.weight (size = 20480 bytes) -- ignoring
0.00.590.059 W model has unused tensor blk.64.nextn.shared_head_norm.weight (size = 20480 bytes) -- ignoring
0.01.889.085 I 
0.01.889.164 I system_info: n_threads = 16 (n_threads_batch = 16) / 32 | CUDA : ARCHS = 1200 | USE_GRAPHS = 1 | BLACKWELL_NATIVE_FP4 = 1 | CPU : SSE3 = 1 | SSSE3 = 1 | AVX = 1 | AVX_VNNI = 1 | AVX2 = 1 | F16C = 1 | FMA = 1 | BMI2 = 1 | AVX512 = 1 | AVX512_VBMI = 1 | AVX512_VNNI = 1 | AVX512_BF16 = 1 | LLAMAFILE = 1 | OPENMP = 1 | REPACK = 1 | 
0.01.906.651 I kl_divergence: computing over 100 chunks, n_ctx=512, batch_size=2048, n_seq=4
0.03.403.272 I kl_divergence: 1.50 seconds per pass - ETA 0.62 minutes

chunk             PPL               ln(PPL(Q)/PPL(base))          KL Divergence              Δp RMS            Same top p
   1       4.5470 ±    0.6571       0.06388 ±    0.02496       0.08024 ±    0.01675    10.906 ±  1.929 %    89.412 ±  1.931 %
   2       6.6469 ±    0.8034       0.05216 ±    0.01993       0.07965 ±    0.01005     9.300 ±  1.202 %    88.235 ±  1.428 %
   3       5.9417 ±    0.5632       0.06692 ±    0.01991       0.10717 ±    0.01035    11.104 ±  0.875 %    87.190 ±  1.209 %
   4       5.9532 ±    0.4721       0.05998 ±    0.01625       0.09922 ±    0.00836    10.730 ±  0.792 %    87.843 ±  1.024 %
   5       5.9860 ±    0.4137       0.05903 ±    0.01405       0.09333 ±    0.00683    10.037 ±  0.686 %    88.235 ±  0.903 %
   6       6.3188 ±    0.3990       0.05737 ±    0.01226       0.09034 ±    0.00578     9.562 ±  0.604 %    88.039 ±  0.830 %
   7       6.4797 ±    0.3779       0.05798 ±    0.01140       0.08920 ±    0.00514     9.401 ±  0.556 %    87.675 ±  0.778 %
   8       6.9042 ±    0.3846       0.05381 ±    0.01027       0.08450 ±    0.00454     8.968 ±  0.512 %    87.843 ±  0.724 %
   9       7.3178 ±    0.3868       0.05259 ±    0.00938       0.08072 ±    0.00407     8.656 ±  0.474 %    87.712 ±  0.685 %
  10       7.6552 ±    0.3826       0.04711 ±    0.00869       0.07689 ±    0.00369     8.329 ±  0.444 %    87.608 ±  0.653 %
  11       7.5417 ±    0.3553       0.04761 ±    0.00814       0.07573 ±    0.00349     8.348 ±  0.440 %    87.807 ±  0.618 %
  12       7.6400 ±    0.3469       0.04789 ±    0.00796       0.07803 ±    0.00370     8.592 ±  0.446 %    88.170 ±  0.584 %
  13       8.1007 ±    0.3608       0.04862 ±    0.00770       0.07739 ±    0.00349     8.447 ±  0.428 %    88.205 ±  0.560 %
  14       7.6652 ±    0.3261       0.04823 ±    0.00735       0.07654 ±    0.00330     8.474 ±  0.401 %    88.487 ±  0.534 %
  15       7.5887 ±    0.3115       0.04365 ±    0.00704       0.07618 ±    0.00318     8.410 ±  0.384 %    88.627 ±  0.513 %
  16       7.8109 ±    0.3176       0.03901 ±    0.00739       0.08956 ±    0.00687     8.561 ±  0.379 %    88.578 ±  0.498 %
  17       7.3404 ±    0.2859       0.03654 ±    0.00702       0.08737 ±    0.00653     8.461 ±  0.365 %    88.812 ±  0.479 %
  18       7.3686 ±    0.2783       0.03779 ±    0.00680       0.08606 ±    0.00619     8.345 ±  0.350 %    89.085 ±  0.460 %
  19       7.3040 ±    0.2682       0.03812 ±    0.00658       0.08661 ±    0.00592     8.423 ±  0.342 %    88.834 ±  0.453 %
  20       7.2404 ±    0.2576       0.03746 ±    0.00648       0.08711 ±    0.00566     8.401 ±  0.332 %    88.804 ±  0.442 %
  21       6.9938 ±    0.2417       0.03679 ±    0.00628       0.08566 ±    0.00541     8.394 ±  0.324 %    89.057 ±  0.427 %
  22       6.8922 ±    0.2320       0.03803 ±    0.00612       0.08499 ±    0.00517     8.450 ±  0.315 %    89.091 ±  0.416 %
  23       6.6445 ±    0.2170       0.03636 ±    0.00600       0.08415 ±    0.00498     8.441 ±  0.305 %    89.173 ±  0.406 %
  24       6.3662 ±    0.2016       0.03618 ±    0.00586       0.08355 ±    0.00484     8.512 ±  0.302 %    89.330 ±  0.395 %
  25       6.2598 ±    0.1941       0.03582 ±    0.00579       0.08418 ±    0.00468     8.679 ±  0.296 %    89.192 ±  0.389 %
  26       6.1091 ±    0.1843       0.03680 ±    0.00566       0.08357 ±    0.00450     8.685 ±  0.287 %    89.201 ±  0.381 %
  27       6.0174 ±    0.1776       0.03165 ±    0.00567       0.08380 ±    0.00437     8.742 ±  0.280 %    89.049 ±  0.376 %
  28       5.9179 ±    0.1704       0.03156 ±    0.00553       0.08297 ±    0.00422     8.695 ±  0.273 %    89.090 ±  0.369 %
  29       5.9037 ±    0.1669       0.03164 ±    0.00538       0.08225 ±    0.00408     8.640 ±  0.266 %    89.182 ±  0.361 %
  30       5.8645 ±    0.1623       0.03245 ±    0.00528       0.08172 ±    0.00395     8.617 ±  0.261 %    89.137 ±  0.356 %
  31       5.8275 ±    0.1581       0.03414 ±    0.00517       0.08130 ±    0.00383     8.615 ±  0.255 %    89.121 ±  0.350 %
  32       5.8352 ±    0.1560       0.03496 ±    0.00507       0.08126 ±    0.00373     8.650 ±  0.256 %    89.093 ±  0.345 %
  33       5.8175 ±    0.1531       0.03444 ±    0.00501       0.08177 ±    0.00366     8.696 ±  0.251 %    88.936 ±  0.342 %
  34       5.8696 ±    0.1528       0.03424 ±    0.00492       0.08124 ±    0.00355     8.677 ±  0.246 %    88.893 ±  0.337 %
  35       5.9532 ±    0.1531       0.03510 ±    0.00486       0.08172 ±    0.00348     8.724 ±  0.246 %    88.829 ±  0.333 %
  36       6.0965 ±    0.1552       0.03531 ±    0.00482       0.08185 ±    0.00339     8.686 ±  0.241 %    88.725 ±  0.330 %
  37       6.1967 ±    0.1556       0.03601 ±    0.00477       0.08174 ±    0.00332     8.641 ±  0.236 %    88.596 ±  0.327 %
  38       6.1706 ±    0.1525       0.03587 ±    0.00471       0.08142 ±    0.00328     8.598 ±  0.232 %    88.576 ±  0.323 %
  39       6.1846 ±    0.1511       0.03353 ±    0.00466       0.08183 ±    0.00329     8.637 ±  0.233 %    88.527 ±  0.320 %
  40       6.2230 ±    0.1511       0.03287 ±    0.00463       0.08301 ±    0.00362     8.639 ±  0.233 %    88.500 ±  0.316 %
  41       6.2253 ±    0.1491       0.03231 ±    0.00456       0.08255 ±    0.00354     8.598 ±  0.229 %    88.484 ±  0.312 %
  42       6.3060 ±    0.1498       0.03065 ±    0.00460       0.08612 ±    0.00383     8.663 ±  0.231 %    88.366 ±  0.310 %
  43       6.3041 ±    0.1480       0.03020 ±    0.00452       0.08551 ±    0.00375     8.620 ±  0.227 %    88.299 ±  0.307 %
  44       6.3470 ±    0.1487       0.03073 ±    0.00455       0.08915 ±    0.00402     8.678 ±  0.223 %    88.226 ±  0.304 %
  45       6.4091 ±    0.1489       0.03005 ±    0.00449       0.08864 ±    0.00393     8.618 ±  0.220 %    88.244 ±  0.301 %
  46       6.3718 ±    0.1461       0.02922 ±    0.00442       0.08818 ±    0.00385     8.628 ±  0.216 %    88.295 ±  0.297 %
  47       6.5303 ±    0.1496       0.02684 ±    0.00441       0.08891 ±    0.00381     8.657 ±  0.216 %    88.244 ±  0.294 %
  48       6.5825 ±    0.1493       0.02603 ±    0.00434       0.08790 ±    0.00373     8.586 ±  0.213 %    88.366 ±  0.290 %
  49       6.5411 ±    0.1464       0.02551 ±    0.00427       0.08717 ±    0.00366     8.546 ±  0.210 %    88.395 ±  0.287 %
  50       6.5736 ±    0.1456       0.02565 ±    0.00422       0.08721 ±    0.00359     8.561 ±  0.209 %    88.369 ±  0.284 %
  51       6.5712 ±    0.1438       0.02460 ±    0.00417       0.08733 ±    0.00353     8.544 ±  0.206 %    88.335 ±  0.281 %
  52       6.6057 ±    0.1435       0.02494 ±    0.00413       0.08733 ±    0.00347     8.521 ±  0.203 %    88.341 ±  0.279 %
  53       6.6493 ±    0.1429       0.02578 ±    0.00407       0.08656 ±    0.00341     8.464 ±  0.201 %    88.317 ±  0.276 %
  54       6.6805 ±    0.1423       0.02609 ±    0.00404       0.08633 ±    0.00335     8.487 ±  0.200 %    88.308 ±  0.274 %
  55       6.6913 ±    0.1412       0.02681 ±    0.00398       0.08574 ±    0.00329     8.440 ±  0.198 %    88.257 ±  0.272 %
  56       6.7026 ±    0.1402       0.02648 ±    0.00394       0.08541 ±    0.00324     8.425 ±  0.196 %    88.263 ±  0.269 %
  57       6.7137 ±    0.1392       0.02631 ±    0.00389       0.08502 ±    0.00318     8.410 ±  0.194 %    88.277 ±  0.267 %
  58       6.7058 ±    0.1375       0.02599 ±    0.00384       0.08446 ±    0.00313     8.376 ±  0.192 %    88.343 ±  0.264 %
  59       6.7157 ±    0.1365       0.02558 ±    0.00381       0.08441 ±    0.00308     8.368 ±  0.189 %    88.315 ±  0.262 %
  60       6.7454 ±    0.1361       0.02564 ±    0.00378       0.08415 ±    0.00303     8.359 ±  0.187 %    88.268 ±  0.260 %
  61       6.7907 ±    0.1364       0.02612 ±    0.00378       0.08480 ±    0.00301     8.364 ±  0.185 %    88.145 ±  0.259 %
  62       6.8382 ±    0.1363       0.02658 ±    0.00374       0.08461 ±    0.00296     8.344 ±  0.184 %    88.140 ±  0.257 %
  63       6.8790 ±    0.1360       0.02608 ±    0.00370       0.08417 ±    0.00291     8.319 ±  0.181 %    88.148 ±  0.255 %
  64       6.9238 ±    0.1358       0.02634 ±    0.00366       0.08374 ±    0.00287     8.279 ±  0.179 %    88.168 ±  0.253 %
  65       6.9912 ±    0.1363       0.02690 ±    0.00362       0.08315 ±    0.00283     8.242 ±  0.178 %    88.151 ±  0.251 %
  66       7.0238 ±    0.1361       0.02731 ±    0.00359       0.08293 ±    0.00279     8.221 ±  0.176 %    88.111 ±  0.249 %
  67       7.0923 ±    0.1369       0.02709 ±    0.00357       0.08273 ±    0.00275     8.194 ±  0.174 %    88.083 ±  0.248 %
  68       7.1330 ±    0.1368       0.02627 ±    0.00357       0.08281 ±    0.00271     8.191 ±  0.173 %    88.045 ±  0.246 %
  69       7.1394 ±    0.1357       0.02576 ±    0.00353       0.08221 ±    0.00267     8.157 ±  0.172 %    88.065 ±  0.244 %
  70       7.1155 ±    0.1341       0.02610 ±    0.00350       0.08216 ±    0.00264     8.157 ±  0.170 %    88.067 ±  0.243 %
  71       7.1690 ±    0.1343       0.02593 ±    0.00346       0.08175 ±    0.00260     8.122 ±  0.168 %    88.020 ±  0.241 %
  72       7.1758 ±    0.1333       0.02547 ±    0.00343       0.08140 ±    0.00257     8.094 ±  0.166 %    88.007 ±  0.240 %
  73       7.2192 ±    0.1333       0.02624 ±    0.00341       0.08142 ±    0.00254     8.072 ±  0.165 %    87.902 ±  0.239 %
  74       7.2272 ±    0.1327       0.02639 ±    0.00338       0.08133 ±    0.00251     8.088 ±  0.165 %    87.965 ±  0.237 %
  75       7.2016 ±    0.1313       0.02560 ±    0.00336       0.08125 ±    0.00249     8.087 ±  0.164 %    87.974 ±  0.235 %
  76       7.2005 ±    0.1306       0.02556 ±    0.00333       0.08118 ±    0.00246     8.103 ±  0.163 %    87.977 ±  0.234 %
  77       7.2280 ±    0.1304       0.02557 ±    0.00330       0.08115 ±    0.00243     8.075 ±  0.162 %    87.981 ±  0.232 %
  78       7.2501 ±    0.1306       0.02357 ±    0.00337       0.08553 ±    0.00282     8.240 ±  0.168 %    87.924 ±  0.231 %
  79       7.1846 ±    0.1285       0.02664 ±    0.00338       0.08784 ±    0.00282     8.472 ±  0.169 %    87.868 ±  0.230 %
  80       7.1421 ±    0.1267       0.02729 ±    0.00337       0.08843 ±    0.00279     8.525 ±  0.167 %    87.804 ±  0.229 %
  81       7.1185 ±    0.1254       0.02723 ±    0.00334       0.08815 ±    0.00276     8.509 ±  0.166 %    87.800 ±  0.228 %
  82       7.1391 ±    0.1250       0.02787 ±    0.00333       0.08825 ±    0.00273     8.504 ±  0.164 %    87.757 ±  0.227 %
  83       7.1427 ±    0.1243       0.02778 ±    0.00330       0.08806 ±    0.00270     8.484 ±  0.162 %    87.716 ±  0.226 %
  84       7.1695 ±    0.1242       0.02940 ±    0.00332       0.08935 ±    0.00273     8.564 ±  0.165 %    87.698 ±  0.224 %
  85       7.2023 ±    0.1240       0.03025 ±    0.00331       0.08937 ±    0.00270     8.543 ±  0.164 %    87.732 ±  0.223 %
  86       7.2371 ±    0.1241       0.03046 ±    0.00328       0.08901 ±    0.00267     8.514 ±  0.162 %    87.734 ±  0.222 %
  87       7.2302 ±    0.1231       0.03018 ±    0.00325       0.08852 ±    0.00264     8.479 ±  0.161 %    87.762 ±  0.220 %
  88       7.2383 ±    0.1227       0.03044 ±    0.00323       0.08809 ±    0.00261     8.457 ±  0.160 %    87.785 ±  0.219 %
  89       7.2014 ±    0.1212       0.03040 ±    0.00321       0.08778 ±    0.00258     8.443 ±  0.159 %    87.839 ±  0.217 %
  90       7.1746 ±    0.1199       0.03043 ±    0.00318       0.08755 ±    0.00256     8.426 ±  0.157 %    87.869 ±  0.216 %
  91       7.1699 ±    0.1190       0.03063 ±    0.00316       0.08720 ±    0.00253     8.421 ±  0.157 %    87.856 ±  0.214 %
  92       7.1617 ±    0.1182       0.02914 ±    0.00316       0.08830 ±    0.00260     8.472 ±  0.158 %    87.886 ±  0.213 %
  93       7.1889 ±    0.1181       0.02792 ±    0.00315       0.08845 ±    0.00257     8.458 ±  0.157 %    87.890 ±  0.212 %
  94       7.2017 ±    0.1177       0.02831 ±    0.00313       0.08847 ±    0.00255     8.447 ±  0.156 %    87.872 ±  0.211 %
  95       7.2126 ±    0.1172       0.02843 ±    0.00311       0.08810 ±    0.00253     8.415 ±  0.155 %    87.860 ±  0.210 %
  96       7.2063 ±    0.1164       0.02883 ±    0.00309       0.08776 ±    0.00250     8.395 ±  0.154 %    87.880 ±  0.209 %
  97       7.1863 ±    0.1154       0.02880 ±    0.00306       0.08737 ±    0.00247     8.371 ±  0.153 %    87.924 ±  0.207 %
  98       7.1694 ±    0.1143       0.02856 ±    0.00304       0.08706 ±    0.00246     8.342 ±  0.152 %    87.943 ±  0.206 %
  99       7.1828 ±    0.1141       0.02859 ±    0.00303       0.08732 ±    0.00244     8.338 ±  0.151 %    87.934 ±  0.205 %
 100       7.2011 ±    0.1138       0.02866 ±    0.00301       0.08711 ±    0.00241     8.323 ±  0.150 %    87.957 ±  0.204 %

====== Perplexity statistics ======
Mean PPL(Q)                   :   7.201119 ±   0.113841
Mean PPL(base)                :   6.997671 ±   0.109822
Cor(ln(PPL(Q)), ln(PPL(base))):  98.17%
Mean ln(PPL(Q)/PPL(base))     :   0.028659 ±   0.003012
Mean PPL(Q)/PPL(base)         :   1.029074 ±   0.003100
Mean PPL(Q)-PPL(base)         :   0.203447 ±   0.021742

====== KL divergence statistics ======
Mean    KLD:   0.087113 ±   0.002413
Maximum KLD:  18.815666
99.9%   KLD:   4.716879
99.0%   KLD:   0.863890
95.0%   KLD:   0.268900
90.0%   KLD:   0.159873
Median  KLD:   0.033079
10.0%   KLD:   0.000884
 5.0%   KLD:   0.000259
 1.0%   KLD:   0.000036
 0.1%   KLD:   0.000004
Minimum KLD:  -0.000010

====== Token probability statistics ======
Mean    Δp: -0.515 ± 0.052 %
Maximum Δp: 98.520%
99.9%   Δp: 58.870%
99.0%   Δp: 20.478%
95.0%   Δp:  9.258%
90.0%   Δp:  5.244%
75.0%   Δp:  1.020%
Median  Δp: -0.006%
25.0%   Δp: -1.504%
10.0%   Δp: -6.513%
 5.0%   Δp: -11.412%
 1.0%   Δp: -28.866%
 0.1%   Δp: -72.624%
Minimum Δp: -99.408%
RMS Δp    :  8.323 ± 0.150 %
Same top p: 87.957 ± 0.204 %

