0.00.564.388 W model has unused tensor blk.64.attn_norm.weight (size = 20480 bytes) -- ignoring
0.00.564.393 W model has unused tensor blk.64.post_attention_norm.weight (size = 20480 bytes) -- ignoring
0.00.564.396 W model has unused tensor blk.64.attn_q.weight (size = 43253760 bytes) -- ignoring
0.00.564.397 W model has unused tensor blk.64.attn_k.weight (size = 3604480 bytes) -- ignoring
0.00.564.398 W model has unused tensor blk.64.attn_v.weight (size = 3604480 bytes) -- ignoring
0.00.564.402 W model has unused tensor blk.64.attn_output.weight (size = 21626880 bytes) -- ignoring
0.00.564.403 W model has unused tensor blk.64.attn_q_norm.weight (size = 1024 bytes) -- ignoring
0.00.564.405 W model has unused tensor blk.64.attn_k_norm.weight (size = 1024 bytes) -- ignoring
0.00.564.407 W model has unused tensor blk.64.ffn_gate.weight (size = 61276160 bytes) -- ignoring
0.00.564.408 W model has unused tensor blk.64.ffn_down.weight (size = 61276160 bytes) -- ignoring
0.00.564.409 W model has unused tensor blk.64.ffn_up.weight (size = 61276160 bytes) -- ignoring
0.00.564.412 W model has unused tensor blk.64.nextn.eh_proj.weight (size = 36044800 bytes) -- ignoring
0.00.564.413 W model has unused tensor blk.64.nextn.enorm.weight (size = 20480 bytes) -- ignoring
0.00.564.414 W model has unused tensor blk.64.nextn.hnorm.weight (size = 20480 bytes) -- ignoring
0.00.564.418 W model has unused tensor blk.64.nextn.shared_head_norm.weight (size = 20480 bytes) -- ignoring
0.03.026.219 I 
0.03.026.289 I system_info: n_threads = 16 (n_threads_batch = 16) / 32 | CUDA : ARCHS = 1200 | USE_GRAPHS = 1 | BLACKWELL_NATIVE_FP4 = 1 | CPU : SSE3 = 1 | SSSE3 = 1 | AVX = 1 | AVX_VNNI = 1 | AVX2 = 1 | F16C = 1 | FMA = 1 | BMI2 = 1 | AVX512 = 1 | AVX512_VBMI = 1 | AVX512_VNNI = 1 | AVX512_BF16 = 1 | LLAMAFILE = 1 | OPENMP = 1 | REPACK = 1 | 
0.03.044.622 I kl_divergence: computing over 100 chunks, n_ctx=512, batch_size=2048, n_seq=4
0.03.884.613 I kl_divergence: 0.84 seconds per pass - ETA 0.33 minutes

chunk             PPL               ln(PPL(Q)/PPL(base))          KL Divergence              Δp RMS            Same top p
   1       4.6761 ±    0.6874       0.09187 ±    0.02364       0.07189 ±    0.01302    10.480 ±  1.867 %    90.980 ±  1.797 %
   2       6.7627 ±    0.8208       0.06944 ±    0.01964       0.07435 ±    0.00830     9.476 ±  1.246 %    87.647 ±  1.458 %
   3       5.9814 ±    0.5656       0.07359 ±    0.01817       0.09798 ±    0.00923    11.138 ±  1.012 %    86.928 ±  1.220 %
   4       5.9651 ±    0.4698       0.06197 ±    0.01548       0.09207 ±    0.00741    10.646 ±  0.879 %    87.353 ±  1.041 %
   5       6.0008 ±    0.4104       0.06152 ±    0.01337       0.08723 ±    0.00605    10.018 ±  0.754 %    87.608 ±  0.923 %
   6       6.3378 ±    0.3961       0.06036 ±    0.01190       0.08634 ±    0.00520     9.609 ±  0.661 %    87.582 ±  0.843 %
   7       6.5314 ±    0.3783       0.06593 ±    0.01135       0.08706 ±    0.00467     9.251 ±  0.591 %    87.115 ±  0.793 %
   8       6.9631 ±    0.3859       0.06230 ±    0.01017       0.08258 ±    0.00412     8.842 ±  0.543 %    87.206 ±  0.740 %
   9       7.3693 ±    0.3876       0.05961 ±    0.00940       0.08070 ±    0.00377     8.606 ±  0.505 %    86.972 ±  0.703 %
  10       7.7252 ±    0.3850       0.05621 ±    0.00872       0.07734 ±    0.00343     8.297 ±  0.472 %    87.137 ±  0.663 %
  11       7.6220 ±    0.3586       0.05821 ±    0.00828       0.07535 ±    0.00316     8.075 ±  0.444 %    87.594 ±  0.623 %
  12       7.7055 ±    0.3491       0.05642 ±    0.00814       0.07702 ±    0.00317     8.268 ±  0.434 %    87.876 ±  0.590 %
  13       8.2250 ±    0.3666       0.06384 ±    0.00792       0.07694 ±    0.00300     8.172 ±  0.416 %    87.903 ±  0.566 %
  14       7.7922 ±    0.3318       0.06466 ±    0.00757       0.07736 ±    0.00293     8.340 ±  0.396 %    88.039 ±  0.543 %
  15       7.7295 ±    0.3176       0.06203 ±    0.00719       0.07747 ±    0.00294     8.225 ±  0.376 %    88.000 ±  0.526 %
  16       8.0399 ±    0.3310       0.06791 ±    0.00859       0.08700 ±    0.00538     8.276 ±  0.362 %    87.966 ±  0.509 %
  17       7.5406 ±    0.2972       0.06345 ±    0.00819       0.08472 ±    0.00509     8.215 ±  0.346 %    88.235 ±  0.489 %
  18       7.5651 ±    0.2889       0.06410 ±    0.00786       0.08358 ±    0.00482     8.108 ±  0.332 %    88.366 ±  0.473 %
  19       7.4870 ±    0.2778       0.06287 ±    0.00761       0.08416 ±    0.00464     8.126 ±  0.318 %    88.235 ±  0.463 %
  20       7.4272 ±    0.2673       0.06293 ±    0.00742       0.08451 ±    0.00443     8.157 ±  0.307 %    88.235 ±  0.451 %
  21       7.1713 ±    0.2505       0.06186 ±    0.00715       0.08328 ±    0.00424     8.139 ±  0.301 %    88.385 ±  0.438 %
  22       7.0575 ±    0.2403       0.06173 ±    0.00695       0.08282 ±    0.00407     8.131 ±  0.290 %    88.360 ±  0.428 %
  23       6.8068 ±    0.2250       0.06049 ±    0.00672       0.08193 ±    0.00393     8.164 ±  0.290 %    88.457 ±  0.417 %
  24       6.5061 ±    0.2085       0.05792 ±    0.00650       0.08164 ±    0.00381     8.295 ±  0.289 %    88.627 ±  0.406 %
  25       6.3967 ±    0.2008       0.05746 ±    0.00637       0.08242 ±    0.00369     8.429 ±  0.280 %    88.659 ±  0.397 %
  26       6.2399 ±    0.1904       0.05797 ±    0.00620       0.08216 ±    0.00357     8.441 ±  0.273 %    88.703 ±  0.389 %
  27       6.1532 ±    0.1839       0.05397 ±    0.00615       0.08251 ±    0.00347     8.489 ±  0.267 %    88.758 ±  0.381 %
  28       6.0514 ±    0.1765       0.05386 ±    0.00601       0.08217 ±    0.00336     8.458 ±  0.260 %    88.824 ±  0.373 %
  29       6.0315 ±    0.1727       0.05305 ±    0.00586       0.08152 ±    0.00326     8.439 ±  0.258 %    88.871 ±  0.366 %
  30       5.9916 ±    0.1679       0.05390 ±    0.00575       0.08147 ±    0.00317     8.475 ±  0.256 %    88.824 ±  0.360 %
  31       5.9494 ±    0.1634       0.05484 ±    0.00562       0.08102 ±    0.00308     8.458 ±  0.249 %    88.805 ±  0.355 %
  32       5.9494 ±    0.1611       0.05432 ±    0.00550       0.08085 ±    0.00299     8.461 ±  0.246 %    88.775 ±  0.349 %
  33       5.9449 ±    0.1587       0.05612 ±    0.00547       0.08168 ±    0.00294     8.526 ±  0.243 %    88.627 ±  0.346 %
  34       5.9962 ±    0.1582       0.05557 ±    0.00540       0.08176 ±    0.00287     8.525 ±  0.239 %    88.547 ±  0.342 %
  35       6.0816 ±    0.1585       0.05643 ±    0.00534       0.08248 ±    0.00281     8.584 ±  0.237 %    88.448 ±  0.338 %
  36       6.2293 ±    0.1606       0.05686 ±    0.00526       0.08298 ±    0.00274     8.536 ±  0.232 %    88.290 ±  0.336 %
  37       6.3254 ±    0.1608       0.05657 ±    0.00520       0.08290 ±    0.00268     8.522 ±  0.228 %    88.182 ±  0.332 %
  38       6.2929 ±    0.1574       0.05549 ±    0.00510       0.08212 ±    0.00261     8.478 ±  0.224 %    88.163 ±  0.328 %
  39       6.3145 ±    0.1563       0.05431 ±    0.00502       0.08261 ±    0.00268     8.507 ±  0.225 %    88.115 ±  0.325 %
  40       6.3520 ±    0.1562       0.05338 ±    0.00497       0.08319 ±    0.00286     8.469 ±  0.221 %    88.118 ±  0.320 %
  41       6.3563 ±    0.1542       0.05314 ±    0.00490       0.08295 ±    0.00280     8.442 ±  0.217 %    88.063 ±  0.317 %
  42       6.4406 ±    0.1549       0.05178 ±    0.00497       0.08625 ±    0.00304     8.550 ±  0.223 %    87.993 ±  0.314 %
  43       6.4398 ±    0.1531       0.05149 ±    0.00489       0.08552 ±    0.00297     8.514 ±  0.220 %    87.907 ±  0.311 %
  44       6.5133 ±    0.1552       0.05659 ±    0.00506       0.09023 ±    0.00347     8.531 ±  0.216 %    87.834 ±  0.309 %
  45       6.5780 ±    0.1552       0.05605 ±    0.00498       0.08980 ±    0.00340     8.508 ±  0.213 %    87.930 ±  0.304 %
  46       6.5435 ±    0.1525       0.05582 ±    0.00490       0.08945 ±    0.00333     8.523 ±  0.210 %    87.937 ±  0.301 %
  47       6.6966 ±    0.1556       0.05198 ±    0.00490       0.09144 ±    0.00338     8.590 ±  0.212 %    87.793 ±  0.299 %
  48       6.7487 ±    0.1552       0.05097 ±    0.00482       0.09050 ±    0.00331     8.532 ±  0.209 %    87.892 ±  0.295 %
  49       6.7027 ±    0.1521       0.04991 ±    0.00476       0.08996 ±    0.00324     8.500 ±  0.206 %    87.875 ±  0.292 %
  50       6.7318 ±    0.1512       0.04943 ±    0.00470       0.09008 ±    0.00319     8.530 ±  0.203 %    87.898 ±  0.289 %
  51       6.7274 ±    0.1493       0.04810 ±    0.00463       0.09021 ±    0.00314     8.516 ±  0.201 %    87.866 ±  0.286 %
  52       6.7603 ±    0.1489       0.04807 ±    0.00458       0.09012 ±    0.00308     8.480 ±  0.198 %    87.903 ±  0.283 %
  53       6.8029 ±    0.1483       0.04861 ±    0.00452       0.08947 ±    0.00303     8.428 ±  0.195 %    87.880 ±  0.281 %
  54       6.8361 ±    0.1476       0.04911 ±    0.00447       0.08912 ±    0.00297     8.439 ±  0.193 %    87.872 ±  0.278 %
  55       6.8437 ±    0.1464       0.04932 ±    0.00440       0.08862 ±    0.00292     8.392 ±  0.191 %    87.786 ±  0.277 %
  56       6.8595 ±    0.1454       0.04962 ±    0.00436       0.08860 ±    0.00288     8.405 ±  0.190 %    87.829 ±  0.274 %
  57       6.8718 ±    0.1444       0.04958 ±    0.00431       0.08831 ±    0.00283     8.396 ±  0.187 %    87.829 ±  0.271 %
  58       6.8582 ±    0.1424       0.04846 ±    0.00426       0.08777 ±    0.00279     8.359 ±  0.185 %    87.890 ±  0.268 %
  59       6.8742 ±    0.1416       0.04890 ±    0.00425       0.08825 ±    0.00276     8.384 ±  0.186 %    87.856 ±  0.266 %
  60       6.9010 ±    0.1411       0.04844 ±    0.00421       0.08810 ±    0.00271     8.394 ±  0.183 %    87.791 ±  0.265 %
  61       6.9313 ±    0.1409       0.04662 ±    0.00421       0.08875 ±    0.00268     8.392 ±  0.181 %    87.740 ±  0.263 %
  62       6.9786 ±    0.1407       0.04691 ±    0.00416       0.08844 ±    0.00264     8.357 ±  0.179 %    87.679 ±  0.261 %
  63       7.0243 ±    0.1406       0.04698 ±    0.00412       0.08812 ±    0.00260     8.353 ±  0.176 %    87.706 ±  0.259 %
  64       7.0699 ±    0.1404       0.04721 ±    0.00408       0.08773 ±    0.00256     8.319 ±  0.174 %    87.708 ±  0.257 %
  65       7.1367 ±    0.1409       0.04749 ±    0.00403       0.08712 ±    0.00253     8.276 ±  0.173 %    87.729 ±  0.255 %
  66       7.1690 ±    0.1405       0.04777 ±    0.00400       0.08694 ±    0.00249     8.264 ±  0.171 %    87.724 ±  0.253 %
  67       7.2400 ±    0.1414       0.04771 ±    0.00397       0.08704 ±    0.00246     8.249 ±  0.169 %    87.714 ±  0.251 %
  68       7.2850 ±    0.1414       0.04734 ±    0.00396       0.08709 ±    0.00243     8.225 ±  0.167 %    87.734 ±  0.249 %
  69       7.2934 ±    0.1403       0.04710 ±    0.00392       0.08656 ±    0.00239     8.196 ±  0.165 %    87.695 ±  0.248 %
  70       7.2690 ±    0.1387       0.04743 ±    0.00389       0.08650 ±    0.00236     8.206 ±  0.163 %    87.703 ±  0.246 %
  71       7.3246 ±    0.1389       0.04740 ±    0.00386       0.08628 ±    0.00233     8.181 ±  0.161 %    87.650 ±  0.245 %
  72       7.3376 ±    0.1380       0.04776 ±    0.00382       0.08602 ±    0.00230     8.153 ±  0.160 %    87.614 ±  0.243 %
  73       7.3789 ±    0.1379       0.04812 ±    0.00379       0.08601 ±    0.00227     8.136 ±  0.158 %    87.521 ±  0.242 %
  74       7.3864 ±    0.1372       0.04818 ±    0.00376       0.08589 ±    0.00225     8.150 ±  0.159 %    87.568 ±  0.240 %
  75       7.3640 ±    0.1359       0.04790 ±    0.00373       0.08562 ±    0.00222     8.137 ±  0.158 %    87.582 ±  0.238 %
  76       7.3607 ±    0.1351       0.04755 ±    0.00370       0.08566 ±    0.00220     8.151 ±  0.157 %    87.590 ±  0.237 %
  77       7.3869 ±    0.1348       0.04732 ±    0.00367       0.08562 ±    0.00218     8.121 ±  0.156 %    87.563 ±  0.236 %
  78       7.4217 ±    0.1353       0.04697 ±    0.00375       0.09107 ±    0.00280     8.229 ±  0.161 %    87.511 ±  0.234 %
  79       7.3517 ±    0.1330       0.04963 ±    0.00374       0.09287 ±    0.00278     8.432 ±  0.161 %    87.496 ±  0.233 %
  80       7.3074 ±    0.1311       0.05016 ±    0.00372       0.09322 ±    0.00275     8.481 ±  0.159 %    87.485 ±  0.232 %
  81       7.2812 ±    0.1297       0.04982 ±    0.00370       0.09302 ±    0.00272     8.481 ±  0.157 %    87.485 ±  0.230 %
  82       7.3015 ±    0.1293       0.05037 ±    0.00368       0.09324 ±    0.00269     8.477 ±  0.156 %    87.441 ±  0.229 %
  83       7.3024 ±    0.1285       0.04989 ±    0.00364       0.09316 ±    0.00267     8.471 ±  0.155 %    87.390 ±  0.228 %
  84       7.3211 ±    0.1281       0.05032 ±    0.00365       0.09438 ±    0.00273     8.507 ±  0.156 %    87.381 ±  0.227 %
  85       7.3552 ±    0.1280       0.05126 ±    0.00363       0.09465 ±    0.00270     8.500 ±  0.154 %    87.396 ±  0.225 %
  86       7.3904 ±    0.1281       0.05143 ±    0.00361       0.09432 ±    0.00267     8.480 ±  0.153 %    87.392 ±  0.224 %
  87       7.3836 ±    0.1271       0.05117 ±    0.00357       0.09387 ±    0.00264     8.453 ±  0.152 %    87.433 ±  0.223 %
  88       7.3928 ±    0.1266       0.05156 ±    0.00355       0.09355 ±    0.00261     8.445 ±  0.151 %    87.447 ±  0.221 %
  89       7.3564 ±    0.1252       0.05169 ±    0.00352       0.09337 ±    0.00259     8.444 ±  0.149 %    87.473 ±  0.220 %
  90       7.3278 ±    0.1238       0.05157 ±    0.00349       0.09298 ±    0.00256     8.430 ±  0.148 %    87.521 ±  0.218 %
  91       7.3247 ±    0.1229       0.05199 ±    0.00346       0.09259 ±    0.00253     8.422 ±  0.147 %    87.503 ±  0.217 %
  92       7.3243 ±    0.1223       0.05160 ±    0.00345       0.09310 ±    0.00253     8.439 ±  0.147 %    87.532 ±  0.216 %
  93       7.3585 ±    0.1223       0.05124 ±    0.00343       0.09315 ±    0.00251     8.433 ±  0.146 %    87.527 ±  0.215 %
  94       7.3712 ±    0.1219       0.05158 ±    0.00342       0.09327 ±    0.00248     8.430 ±  0.145 %    87.489 ±  0.214 %
  95       7.3813 ±    0.1214       0.05155 ±    0.00339       0.09289 ±    0.00246     8.398 ±  0.144 %    87.484 ±  0.213 %
  96       7.3740 ±    0.1205       0.05184 ±    0.00337       0.09262 ±    0.00243     8.373 ±  0.143 %    87.504 ±  0.211 %
  97       7.3525 ±    0.1194       0.05167 ±    0.00334       0.09223 ±    0.00241     8.351 ±  0.142 %    87.540 ±  0.210 %
  98       7.3369 ±    0.1184       0.05166 ±    0.00331       0.09186 ±    0.00239     8.321 ±  0.141 %    87.563 ±  0.209 %
  99       7.3581 ±    0.1183       0.05270 ±    0.00333       0.09252 ±    0.00239     8.366 ±  0.142 %    87.558 ±  0.208 %
 100       7.3776 ±    0.1181       0.05288 ±    0.00331       0.09237 ±    0.00237     8.358 ±  0.141 %    87.545 ±  0.207 %

====== Perplexity statistics ======
Mean PPL(Q)                   :   7.377643 ±   0.118051
Mean PPL(base)                :   6.997671 ±   0.109822
Cor(ln(PPL(Q)), ln(PPL(base))):  97.84%
Mean ln(PPL(Q)/PPL(base))     :   0.052877 ±   0.003308
Mean PPL(Q)/PPL(base)         :   1.054300 ±   0.003488
Mean PPL(Q)-PPL(base)         :   0.379972 ±   0.025057

====== KL divergence statistics ======
Mean    KLD:   0.092368 ±   0.002366
Maximum KLD:  18.211912
99.9%   KLD:   4.472761
99.0%   KLD:   0.906421
95.0%   KLD:   0.293352
90.0%   KLD:   0.176518
Median  KLD:   0.036967
10.0%   KLD:   0.001040
 5.0%   KLD:   0.000294
 1.0%   KLD:   0.000041
 0.1%   KLD:   0.000007
Minimum KLD:   0.000002

====== Token probability statistics ======
Mean    Δp: -0.810 ± 0.052 %
Maximum Δp: 99.775%
99.9%   Δp: 48.824%
99.0%   Δp: 19.920%
95.0%   Δp:  9.302%
90.0%   Δp:  5.145%
75.0%   Δp:  0.871%
Median  Δp: -0.030%
25.0%   Δp: -1.870%
10.0%   Δp: -7.240%
 5.0%   Δp: -12.719%
 1.0%   Δp: -29.939%
 0.1%   Δp: -70.568%
Minimum Δp: -99.781%
RMS Δp    :  8.358 ± 0.141 %
Same top p: 87.545 ± 0.207 %

