0.00.740.768 W model has unused tensor blk.64.attn_norm.weight (size = 20480 bytes) -- ignoring
0.00.740.772 W model has unused tensor blk.64.post_attention_norm.weight (size = 20480 bytes) -- ignoring
0.00.740.774 W model has unused tensor blk.64.attn_q.weight (size = 43253760 bytes) -- ignoring
0.00.740.776 W model has unused tensor blk.64.attn_k.weight (size = 3604480 bytes) -- ignoring
0.00.740.777 W model has unused tensor blk.64.attn_v.weight (size = 3604480 bytes) -- ignoring
0.00.740.781 W model has unused tensor blk.64.attn_output.weight (size = 21626880 bytes) -- ignoring
0.00.740.782 W model has unused tensor blk.64.attn_q_norm.weight (size = 1024 bytes) -- ignoring
0.00.740.784 W model has unused tensor blk.64.attn_k_norm.weight (size = 1024 bytes) -- ignoring
0.00.740.785 W model has unused tensor blk.64.ffn_gate.weight (size = 61276160 bytes) -- ignoring
0.00.740.787 W model has unused tensor blk.64.ffn_down.weight (size = 61276160 bytes) -- ignoring
0.00.740.788 W model has unused tensor blk.64.ffn_up.weight (size = 61276160 bytes) -- ignoring
0.00.740.790 W model has unused tensor blk.64.nextn.eh_proj.weight (size = 36044800 bytes) -- ignoring
0.00.740.792 W model has unused tensor blk.64.nextn.enorm.weight (size = 20480 bytes) -- ignoring
0.00.740.793 W model has unused tensor blk.64.nextn.hnorm.weight (size = 20480 bytes) -- ignoring
0.00.740.797 W model has unused tensor blk.64.nextn.shared_head_norm.weight (size = 20480 bytes) -- ignoring
0.02.568.324 I 
0.02.568.390 I system_info: n_threads = 16 (n_threads_batch = 16) / 32 | CUDA : ARCHS = 1200 | USE_GRAPHS = 1 | BLACKWELL_NATIVE_FP4 = 1 | CPU : SSE3 = 1 | SSSE3 = 1 | AVX = 1 | AVX_VNNI = 1 | AVX2 = 1 | F16C = 1 | FMA = 1 | BMI2 = 1 | AVX512 = 1 | AVX512_VBMI = 1 | AVX512_VNNI = 1 | AVX512_BF16 = 1 | LLAMAFILE = 1 | OPENMP = 1 | REPACK = 1 | 
0.02.594.672 I kl_divergence: computing over 100 chunks, n_ctx=512, batch_size=2048, n_seq=4
0.04.139.944 I kl_divergence: 1.55 seconds per pass - ETA 0.63 minutes

chunk             PPL               ln(PPL(Q)/PPL(base))          KL Divergence              Δp RMS            Same top p
   1       4.5435 ±    0.6560       0.06310 ±    0.02543       0.08063 ±    0.01650    10.960 ±  1.859 %    89.412 ±  1.931 %
   2       6.6448 ±    0.8036       0.05184 ±    0.02033       0.07854 ±    0.00977     9.310 ±  1.155 %    89.216 ±  1.375 %
   3       5.9380 ±    0.5629       0.06631 ±    0.01988       0.10509 ±    0.00996    11.052 ±  0.851 %    88.235 ±  1.166 %
   4       5.9556 ±    0.4725       0.06037 ±    0.01633       0.09744 ±    0.00797    10.650 ±  0.760 %    88.333 ±  1.006 %
   5       5.9852 ±    0.4135       0.05890 ±    0.01408       0.09134 ±    0.00652     9.916 ±  0.659 %    88.314 ±  0.900 %
   6       6.3199 ±    0.3988       0.05753 ±    0.01231       0.08897 ±    0.00553     9.464 ±  0.580 %    87.908 ±  0.834 %
   7       6.4825 ±    0.3779       0.05842 ±    0.01143       0.08831 ±    0.00494     9.325 ±  0.533 %    87.563 ±  0.781 %
   8       6.9035 ±    0.3842       0.05370 ±    0.01030       0.08365 ±    0.00437     8.898 ±  0.490 %    87.794 ±  0.725 %
   9       7.3200 ±    0.3866       0.05290 ±    0.00940       0.08008 ±    0.00392     8.609 ±  0.454 %    87.669 ±  0.686 %
  10       7.6595 ±    0.3827       0.04767 ±    0.00871       0.07625 ±    0.00356     8.283 ±  0.426 %    87.647 ±  0.652 %
  11       7.5453 ±    0.3554       0.04809 ±    0.00815       0.07518 ±    0.00336     8.302 ±  0.421 %    87.807 ±  0.618 %
  12       7.6450 ±    0.3470       0.04855 ±    0.00798       0.07732 ±    0.00355     8.501 ±  0.424 %    88.137 ±  0.585 %
  13       8.0989 ±    0.3603       0.04839 ±    0.00771       0.07663 ±    0.00335     8.361 ±  0.408 %    88.235 ±  0.560 %
  14       7.6646 ±    0.3257       0.04815 ±    0.00732       0.07571 ±    0.00317     8.375 ±  0.384 %    88.431 ±  0.535 %
  15       7.5935 ±    0.3115       0.04429 ±    0.00707       0.07522 ±    0.00303     8.321 ±  0.369 %    88.549 ±  0.515 %
  16       7.8035 ±    0.3166       0.03806 ±    0.00728       0.08739 ±    0.00651     8.462 ±  0.366 %    88.529 ±  0.499 %
  17       7.3343 ±    0.2851       0.03571 ±    0.00692       0.08534 ±    0.00619     8.370 ±  0.352 %    88.812 ±  0.479 %
  18       7.3611 ±    0.2774       0.03677 ±    0.00670       0.08413 ±    0.00587     8.261 ±  0.338 %    89.085 ±  0.460 %
  19       7.2945 ±    0.2673       0.03682 ±    0.00648       0.08458 ±    0.00562     8.283 ±  0.326 %    88.793 ±  0.453 %
  20       7.2330 ±    0.2569       0.03643 ±    0.00638       0.08520 ±    0.00537     8.276 ±  0.318 %    88.745 ±  0.443 %
  21       6.9871 ±    0.2410       0.03583 ±    0.00619       0.08394 ±    0.00513     8.285 ±  0.310 %    88.982 ±  0.428 %
  22       6.8855 ±    0.2314       0.03705 ±    0.00602       0.08323 ±    0.00491     8.317 ±  0.300 %    89.002 ±  0.418 %
  23       6.6403 ±    0.2165       0.03573 ±    0.00591       0.08256 ±    0.00473     8.312 ±  0.290 %    89.020 ±  0.408 %
  24       6.3643 ±    0.2012       0.03589 ±    0.00584       0.08293 ±    0.00467     8.448 ±  0.295 %    89.167 ±  0.397 %
  25       6.2564 ±    0.1937       0.03528 ±    0.00575       0.08357 ±    0.00451     8.605 ±  0.291 %    89.035 ±  0.391 %
  26       6.1066 ±    0.1839       0.03637 ±    0.00562       0.08305 ±    0.00435     8.611 ±  0.282 %    89.050 ±  0.384 %
  27       6.0135 ±    0.1772       0.03100 ±    0.00564       0.08324 ±    0.00421     8.672 ±  0.275 %    88.918 ±  0.378 %
  28       5.9149 ±    0.1701       0.03105 ±    0.00550       0.08244 ±    0.00407     8.625 ±  0.268 %    89.006 ±  0.370 %
  29       5.9008 ±    0.1666       0.03114 ±    0.00535       0.08179 ±    0.00394     8.583 ±  0.262 %    89.087 ±  0.363 %
  30       5.8621 ±    0.1620       0.03204 ±    0.00525       0.08126 ±    0.00382     8.556 ±  0.257 %    89.033 ±  0.357 %
  31       5.8259 ±    0.1579       0.03388 ±    0.00515       0.08091 ±    0.00370     8.558 ±  0.252 %    88.994 ±  0.352 %
  32       5.8338 ±    0.1558       0.03471 ±    0.00506       0.08093 ±    0.00361     8.602 ±  0.253 %    88.958 ±  0.347 %
  33       5.8160 ±    0.1529       0.03419 ±    0.00499       0.08126 ±    0.00352     8.642 ±  0.247 %    88.853 ±  0.343 %
  34       5.8680 ±    0.1525       0.03396 ±    0.00490       0.08074 ±    0.00342     8.617 ±  0.243 %    88.824 ±  0.338 %
  35       5.9528 ±    0.1529       0.03504 ±    0.00485       0.08113 ±    0.00335     8.659 ±  0.242 %    88.728 ±  0.335 %
  36       6.0944 ±    0.1550       0.03495 ±    0.00481       0.08129 ±    0.00326     8.623 ±  0.237 %    88.627 ±  0.331 %
  37       6.1959 ±    0.1555       0.03588 ±    0.00477       0.08128 ±    0.00320     8.583 ±  0.232 %    88.532 ±  0.328 %
  38       6.1698 ±    0.1524       0.03574 ±    0.00470       0.08095 ±    0.00316     8.534 ±  0.228 %    88.524 ±  0.324 %
  39       6.1855 ±    0.1510       0.03368 ±    0.00465       0.08147 ±    0.00319     8.581 ±  0.229 %    88.467 ±  0.320 %
  40       6.2241 ±    0.1510       0.03304 ±    0.00461       0.08256 ±    0.00353     8.579 ±  0.230 %    88.451 ±  0.316 %
  41       6.2267 ±    0.1490       0.03254 ±    0.00454       0.08213 ±    0.00345     8.538 ±  0.226 %    88.407 ±  0.313 %
  42       6.3077 ±    0.1497       0.03093 ±    0.00456       0.08561 ±    0.00370     8.603 ±  0.228 %    88.329 ±  0.310 %
  43       6.3071 ±    0.1481       0.03068 ±    0.00449       0.08501 ±    0.00362     8.562 ±  0.224 %    88.235 ±  0.308 %
  44       6.3509 ±    0.1488       0.03133 ±    0.00452       0.08861 ±    0.00389     8.610 ±  0.220 %    88.191 ±  0.305 %
  45       6.4141 ±    0.1489       0.03081 ±    0.00446       0.08811 ±    0.00381     8.551 ±  0.217 %    88.200 ±  0.301 %
  46       6.3763 ±    0.1462       0.02993 ±    0.00439       0.08768 ±    0.00373     8.565 ±  0.213 %    88.218 ±  0.298 %
  47       6.5319 ±    0.1496       0.02708 ±    0.00438       0.08841 ±    0.00369     8.603 ±  0.212 %    88.118 ±  0.296 %
  48       6.5847 ±    0.1493       0.02636 ±    0.00431       0.08742 ±    0.00361     8.533 ±  0.209 %    88.252 ±  0.291 %
  49       6.5431 ±    0.1464       0.02581 ±    0.00424       0.08674 ±    0.00354     8.496 ±  0.206 %    88.267 ±  0.288 %
  50       6.5747 ±    0.1456       0.02582 ±    0.00420       0.08683 ±    0.00348     8.513 ±  0.206 %    88.235 ±  0.285 %
  51       6.5723 ±    0.1438       0.02477 ±    0.00415       0.08700 ±    0.00343     8.497 ±  0.203 %    88.212 ±  0.283 %
  52       6.6063 ±    0.1434       0.02502 ±    0.00411       0.08706 ±    0.00337     8.476 ±  0.200 %    88.213 ±  0.280 %
  53       6.6498 ±    0.1429       0.02585 ±    0.00405       0.08629 ±    0.00330     8.421 ±  0.197 %    88.191 ±  0.278 %
  54       6.6804 ±    0.1422       0.02607 ±    0.00401       0.08605 ±    0.00325     8.444 ±  0.197 %    88.184 ±  0.275 %
  55       6.6908 ±    0.1411       0.02673 ±    0.00396       0.08547 ±    0.00319     8.399 ±  0.195 %    88.121 ±  0.273 %
  56       6.7022 ±    0.1401       0.02642 ±    0.00392       0.08527 ±    0.00314     8.395 ±  0.194 %    88.123 ±  0.271 %
  57       6.7138 ±    0.1392       0.02631 ±    0.00387       0.08487 ±    0.00309     8.381 ±  0.191 %    88.111 ±  0.268 %
  58       6.7064 ±    0.1374       0.02607 ±    0.00382       0.08433 ±    0.00304     8.347 ±  0.189 %    88.195 ±  0.265 %
  59       6.7162 ±    0.1364       0.02565 ±    0.00380       0.08431 ±    0.00299     8.336 ±  0.187 %    88.162 ±  0.263 %
  60       6.7468 ±    0.1360       0.02584 ±    0.00376       0.08401 ±    0.00294     8.327 ±  0.184 %    88.111 ±  0.262 %
  61       6.7896 ±    0.1364       0.02596 ±    0.00375       0.08450 ±    0.00291     8.331 ±  0.183 %    87.997 ±  0.261 %
  62       6.8374 ±    0.1362       0.02646 ±    0.00372       0.08435 ±    0.00287     8.313 ±  0.181 %    87.963 ±  0.259 %
  63       6.8789 ±    0.1360       0.02606 ±    0.00368       0.08393 ±    0.00282     8.288 ±  0.179 %    87.968 ±  0.257 %
  64       6.9232 ±    0.1357       0.02624 ±    0.00364       0.08350 ±    0.00278     8.248 ±  0.177 %    87.978 ±  0.255 %
  65       6.9904 ±    0.1363       0.02679 ±    0.00360       0.08292 ±    0.00274     8.211 ±  0.175 %    87.958 ±  0.253 %
  66       7.0237 ±    0.1360       0.02728 ±    0.00357       0.08271 ±    0.00270     8.192 ±  0.173 %    87.926 ±  0.251 %
  67       7.0921 ±    0.1368       0.02706 ±    0.00354       0.08251 ±    0.00266     8.164 ±  0.171 %    87.902 ±  0.249 %
  68       7.1328 ±    0.1367       0.02624 ±    0.00355       0.08263 ±    0.00263     8.161 ±  0.171 %    87.860 ±  0.248 %
  69       7.1400 ±    0.1356       0.02585 ±    0.00351       0.08203 ±    0.00259     8.127 ±  0.169 %    87.889 ±  0.246 %
  70       7.1175 ±    0.1341       0.02638 ±    0.00348       0.08197 ±    0.00256     8.124 ±  0.167 %    87.905 ±  0.244 %
  71       7.1703 ±    0.1343       0.02611 ±    0.00345       0.08157 ±    0.00252     8.089 ±  0.166 %    87.860 ±  0.243 %
  72       7.1776 ±    0.1332       0.02571 ±    0.00342       0.08123 ±    0.00249     8.059 ±  0.164 %    87.876 ±  0.241 %
  73       7.2212 ±    0.1332       0.02652 ±    0.00339       0.08128 ±    0.00246     8.037 ±  0.162 %    87.779 ±  0.240 %
  74       7.2288 ±    0.1326       0.02661 ±    0.00337       0.08119 ±    0.00244     8.053 ±  0.162 %    87.838 ±  0.238 %
  75       7.2037 ±    0.1313       0.02589 ±    0.00335       0.08114 ±    0.00241     8.054 ±  0.162 %    87.843 ±  0.236 %
  76       7.2027 ±    0.1306       0.02586 ±    0.00332       0.08110 ±    0.00239     8.072 ±  0.161 %    87.833 ±  0.235 %
  77       7.2314 ±    0.1304       0.02605 ±    0.00329       0.08105 ±    0.00236     8.043 ±  0.160 %    87.828 ±  0.233 %
  78       7.2525 ±    0.1306       0.02390 ±    0.00335       0.08540 ±    0.00271     8.191 ±  0.166 %    87.773 ±  0.232 %
  79       7.1859 ±    0.1285       0.02682 ±    0.00336       0.08766 ±    0.00270     8.421 ±  0.167 %    87.729 ±  0.231 %
  80       7.1429 ±    0.1266       0.02739 ±    0.00335       0.08825 ±    0.00268     8.473 ±  0.165 %    87.667 ±  0.230 %
  81       7.1188 ±    0.1253       0.02727 ±    0.00332       0.08800 ±    0.00265     8.461 ±  0.163 %    87.654 ±  0.229 %
  82       7.1394 ±    0.1250       0.02792 ±    0.00331       0.08810 ±    0.00262     8.453 ±  0.162 %    87.628 ±  0.228 %
  83       7.1433 ±    0.1242       0.02785 ±    0.00329       0.08789 ±    0.00259     8.434 ±  0.160 %    87.593 ±  0.227 %
  84       7.1674 ±    0.1241       0.02911 ±    0.00329       0.08897 ±    0.00261     8.509 ±  0.163 %    87.563 ±  0.225 %
  85       7.2020 ±    0.1240       0.03020 ±    0.00328       0.08903 ±    0.00258     8.494 ±  0.162 %    87.580 ±  0.224 %
  86       7.2372 ±    0.1241       0.03047 ±    0.00326       0.08870 ±    0.00255     8.466 ±  0.160 %    87.565 ±  0.223 %
  87       7.2301 ±    0.1231       0.03016 ±    0.00323       0.08821 ±    0.00253     8.432 ±  0.159 %    87.604 ±  0.221 %
  88       7.2383 ±    0.1226       0.03045 ±    0.00320       0.08781 ±    0.00250     8.413 ±  0.158 %    87.634 ±  0.220 %
  89       7.2025 ±    0.1212       0.03055 ±    0.00318       0.08751 ±    0.00247     8.401 ±  0.156 %    87.685 ±  0.218 %
  90       7.1755 ±    0.1199       0.03057 ±    0.00316       0.08728 ±    0.00245     8.385 ±  0.155 %    87.725 ±  0.217 %
  91       7.1711 ±    0.1190       0.03080 ±    0.00313       0.08691 ±    0.00242     8.379 ±  0.154 %    87.710 ±  0.216 %
  92       7.1625 ±    0.1182       0.02925 ±    0.00314       0.08799 ±    0.00249     8.431 ±  0.156 %    87.741 ±  0.214 %
  93       7.1901 ±    0.1181       0.02808 ±    0.00313       0.08818 ±    0.00247     8.419 ±  0.155 %    87.729 ±  0.213 %
  94       7.2026 ±    0.1177       0.02844 ±    0.00311       0.08819 ±    0.00244     8.409 ±  0.154 %    87.722 ±  0.212 %
  95       7.2136 ±    0.1172       0.02857 ±    0.00309       0.08784 ±    0.00242     8.377 ±  0.153 %    87.715 ±  0.211 %
  96       7.2067 ±    0.1164       0.02888 ±    0.00307       0.08752 ±    0.00239     8.357 ±  0.152 %    87.745 ±  0.210 %
  97       7.1871 ±    0.1154       0.02892 ±    0.00304       0.08715 ±    0.00237     8.335 ±  0.151 %    87.795 ±  0.208 %
  98       7.1708 ±    0.1144       0.02876 ±    0.00302       0.08679 ±    0.00235     8.305 ±  0.150 %    87.811 ±  0.207 %
  99       7.1850 ±    0.1141       0.02890 ±    0.00301       0.08700 ±    0.00233     8.304 ±  0.149 %    87.796 ±  0.206 %
 100       7.2030 ±    0.1139       0.02892 ±    0.00299       0.08679 ±    0.00231     8.289 ±  0.148 %    87.824 ±  0.205 %

====== Perplexity statistics ======
Mean PPL(Q)                   :   7.203009 ±   0.113853
Mean PPL(base)                :   6.997671 ±   0.109822
Cor(ln(PPL(Q)), ln(PPL(base))):  98.20%
Mean ln(PPL(Q)/PPL(base))     :   0.028921 ±   0.002992
Mean PPL(Q)/PPL(base)         :   1.029344 ±   0.003080
Mean PPL(Q)-PPL(base)         :   0.205338 ±   0.021609

====== KL divergence statistics ======
Mean    KLD:   0.086787 ±   0.002308
Maximum KLD:  18.600533
99.9%   KLD:   4.677938
99.0%   KLD:   0.836628
95.0%   KLD:   0.270719
90.0%   KLD:   0.160526
Median  KLD:   0.033454
10.0%   KLD:   0.000890
 5.0%   KLD:   0.000263
 1.0%   KLD:   0.000035
 0.1%   KLD:   0.000004
Minimum KLD:  -0.000006

====== Token probability statistics ======
Mean    Δp: -0.542 ± 0.052 %
Maximum Δp: 98.413%
99.9%   Δp: 56.880%
99.0%   Δp: 20.851%
95.0%   Δp:  9.327%
90.0%   Δp:  5.181%
75.0%   Δp:  1.002%
Median  Δp: -0.009%
25.0%   Δp: -1.538%
10.0%   Δp: -6.588%
 5.0%   Δp: -11.598%
 1.0%   Δp: -28.702%
 0.1%   Δp: -70.736%
Minimum Δp: -97.728%
RMS Δp    :  8.289 ± 0.148 %
Same top p: 87.824 ± 0.205 %

