0.00.560.669 W model has unused tensor blk.64.attn_norm.weight (size = 20480 bytes) -- ignoring
0.00.560.674 W model has unused tensor blk.64.post_attention_norm.weight (size = 20480 bytes) -- ignoring
0.00.560.677 W model has unused tensor blk.64.attn_q.weight (size = 43253760 bytes) -- ignoring
0.00.560.678 W model has unused tensor blk.64.attn_k.weight (size = 3604480 bytes) -- ignoring
0.00.560.679 W model has unused tensor blk.64.attn_v.weight (size = 3604480 bytes) -- ignoring
0.00.560.684 W model has unused tensor blk.64.attn_output.weight (size = 21626880 bytes) -- ignoring
0.00.560.685 W model has unused tensor blk.64.attn_q_norm.weight (size = 1024 bytes) -- ignoring
0.00.560.686 W model has unused tensor blk.64.attn_k_norm.weight (size = 1024 bytes) -- ignoring
0.00.560.687 W model has unused tensor blk.64.ffn_gate.weight (size = 61276160 bytes) -- ignoring
0.00.560.689 W model has unused tensor blk.64.ffn_down.weight (size = 61276160 bytes) -- ignoring
0.00.560.691 W model has unused tensor blk.64.ffn_up.weight (size = 61276160 bytes) -- ignoring
0.00.560.694 W model has unused tensor blk.64.nextn.eh_proj.weight (size = 36044800 bytes) -- ignoring
0.00.560.695 W model has unused tensor blk.64.nextn.enorm.weight (size = 20480 bytes) -- ignoring
0.00.560.697 W model has unused tensor blk.64.nextn.hnorm.weight (size = 20480 bytes) -- ignoring
0.00.560.700 W model has unused tensor blk.64.nextn.shared_head_norm.weight (size = 20480 bytes) -- ignoring
0.02.345.788 I 
0.02.345.864 I system_info: n_threads = 16 (n_threads_batch = 16) / 32 | CUDA : ARCHS = 1200 | USE_GRAPHS = 1 | BLACKWELL_NATIVE_FP4 = 1 | CPU : SSE3 = 1 | SSSE3 = 1 | AVX = 1 | AVX_VNNI = 1 | AVX2 = 1 | F16C = 1 | FMA = 1 | BMI2 = 1 | AVX512 = 1 | AVX512_VBMI = 1 | AVX512_VNNI = 1 | AVX512_BF16 = 1 | LLAMAFILE = 1 | OPENMP = 1 | REPACK = 1 | 
0.02.365.902 I kl_divergence: computing over 100 chunks, n_ctx=512, batch_size=2048, n_seq=4
0.03.824.634 I kl_divergence: 1.46 seconds per pass - ETA 0.60 minutes

chunk             PPL               ln(PPL(Q)/PPL(base))          KL Divergence              Δp RMS            Same top p
   1       4.4681 ±    0.6460       0.04638 ±    0.02118       0.06984 ±    0.01163     9.735 ±  1.636 %    89.804 ±  1.899 %
   2       6.4044 ±    0.7638       0.01500 ±    0.02055       0.07850 ±    0.00900     9.572 ±  1.130 %    85.882 ±  1.543 %
   3       5.8519 ±    0.5532       0.05170 ±    0.01930       0.10371 ±    0.00922    10.922 ±  0.839 %    85.621 ±  1.269 %
   4       5.8729 ±    0.4629       0.04639 ±    0.01624       0.09921 ±    0.00795    10.648 ±  0.781 %    86.176 ±  1.081 %
   5       5.9116 ±    0.4078       0.04654 ±    0.01476       0.09604 ±    0.00675     9.931 ±  0.675 %    86.667 ±  0.952 %
   6       6.2892 ±    0.3975       0.05266 ±    0.01283       0.09391 ±    0.00573     9.536 ±  0.593 %    86.405 ±  0.877 %
   7       6.4935 ±    0.3796       0.06011 ±    0.01182       0.09074 ±    0.00499     9.172 ±  0.533 %    86.275 ±  0.815 %
   8       6.9235 ±    0.3866       0.05660 ±    0.01066       0.08606 ±    0.00441     8.731 ±  0.491 %    86.471 ±  0.757 %
   9       7.3380 ±    0.3890       0.05536 ±    0.00977       0.08239 ±    0.00397     8.385 ±  0.456 %    86.492 ±  0.714 %
  10       7.6840 ±    0.3857       0.05086 ±    0.00902       0.07847 ±    0.00360     8.093 ±  0.427 %    86.706 ±  0.672 %
  11       7.5691 ±    0.3582       0.05124 ±    0.00841       0.07762 ±    0.00355     8.066 ±  0.430 %    86.774 ±  0.640 %
  12       7.6558 ±    0.3488       0.04995 ±    0.00816       0.07946 ±    0.00365     8.325 ±  0.434 %    87.320 ±  0.602 %
  13       8.1279 ±    0.3625       0.05197 ±    0.00776       0.07818 ±    0.00340     8.184 ±  0.413 %    87.391 ±  0.577 %
  14       7.6935 ±    0.3281       0.05192 ±    0.00740       0.07720 ±    0.00323     8.154 ±  0.389 %    87.619 ±  0.551 %
  15       7.6356 ±    0.3144       0.04982 ±    0.00708       0.07706 ±    0.00322     8.027 ±  0.370 %    87.712 ±  0.531 %
  16       7.8988 ±    0.3236       0.05021 ±    0.00759       0.08280 ±    0.00414     8.091 ±  0.361 %    87.623 ±  0.516 %
  17       7.4185 ±    0.2911       0.04713 ±    0.00725       0.08075 ±    0.00392     8.015 ±  0.346 %    87.797 ±  0.497 %
  18       7.4468 ±    0.2833       0.04834 ±    0.00703       0.08065 ±    0.00377     8.067 ±  0.347 %    87.974 ±  0.480 %
  19       7.3535 ±    0.2717       0.04487 ±    0.00680       0.08142 ±    0.00366     8.079 ±  0.333 %    87.905 ±  0.468 %
  20       7.3070 ±    0.2620       0.04661 ±    0.00669       0.08291 ±    0.00353     8.191 ±  0.332 %    87.784 ±  0.459 %
  21       7.0603 ±    0.2459       0.04625 ±    0.00648       0.08189 ±    0.00339     8.245 ±  0.325 %    88.030 ±  0.444 %
  22       6.9571 ±    0.2361       0.04739 ±    0.00637       0.08206 ±    0.00328     8.294 ±  0.318 %    88.111 ±  0.432 %
  23       6.7060 ±    0.2208       0.04558 ±    0.00617       0.08077 ±    0.00315     8.266 ±  0.307 %    88.201 ±  0.421 %
  24       6.4109 ±    0.2046       0.04318 ±    0.00605       0.08082 ±    0.00315     8.447 ±  0.314 %    88.301 ±  0.411 %
  25       6.3060 ±    0.1972       0.04317 ±    0.00604       0.08169 ±    0.00312     8.591 ±  0.311 %    88.392 ±  0.401 %
  26       6.1502 ±    0.1869       0.04350 ±    0.00590       0.08148 ±    0.00302     8.615 ±  0.301 %    88.492 ±  0.392 %
  27       6.0622 ±    0.1804       0.03908 ±    0.00586       0.08209 ±    0.00296     8.699 ±  0.293 %    88.497 ±  0.385 %
  28       5.9658 ±    0.1733       0.03962 ±    0.00576       0.08168 ±    0.00287     8.637 ±  0.285 %    88.557 ±  0.377 %
  29       5.9534 ±    0.1698       0.04002 ±    0.00561       0.08105 ±    0.00278     8.628 ±  0.279 %    88.695 ±  0.368 %
  30       5.9147 ±    0.1652       0.04098 ±    0.00558       0.08108 ±    0.00283     8.622 ±  0.275 %    88.614 ±  0.363 %
  31       5.8739 ±    0.1608       0.04208 ±    0.00546       0.08058 ±    0.00274     8.602 ±  0.269 %    88.615 ±  0.357 %
  32       5.8773 ±    0.1586       0.04214 ±    0.00538       0.08082 ±    0.00269     8.645 ±  0.268 %    88.640 ±  0.351 %
  33       5.8602 ±    0.1557       0.04177 ±    0.00529       0.08113 ±    0.00263     8.655 ±  0.261 %    88.520 ±  0.348 %
  34       5.9094 ±    0.1551       0.04099 ±    0.00519       0.08092 ±    0.00257     8.669 ±  0.257 %    88.454 ±  0.343 %
  35       5.9992 ±    0.1556       0.04280 ±    0.00516       0.08159 ±    0.00254     8.709 ±  0.257 %    88.392 ±  0.339 %
  36       6.1403 ±    0.1575       0.04246 ±    0.00509       0.08171 ±    0.00248     8.658 ±  0.251 %    88.366 ±  0.335 %
  37       6.2360 ±    0.1577       0.04234 ±    0.00503       0.08149 ±    0.00242     8.636 ±  0.247 %    88.341 ±  0.330 %
  38       6.2062 ±    0.1544       0.04163 ±    0.00493       0.08079 ±    0.00236     8.589 ±  0.242 %    88.318 ±  0.326 %
  39       6.2237 ±    0.1531       0.03983 ±    0.00485       0.08060 ±    0.00231     8.564 ±  0.237 %    88.255 ±  0.323 %
  40       6.2627 ±    0.1531       0.03922 ±    0.00483       0.08174 ±    0.00267     8.517 ±  0.233 %    88.284 ±  0.318 %
  41       6.2663 ±    0.1512       0.03887 ±    0.00476       0.08146 ±    0.00261     8.484 ±  0.229 %    88.293 ±  0.314 %
  42       6.3419 ±    0.1516       0.03633 ±    0.00476       0.08481 ±    0.00293     8.555 ±  0.231 %    88.189 ±  0.312 %
  43       6.3404 ±    0.1499       0.03594 ±    0.00470       0.08459 ±    0.00287     8.548 ±  0.227 %    88.071 ±  0.310 %
  44       6.3795 ±    0.1504       0.03582 ±    0.00471       0.08856 ±    0.00329     8.570 ±  0.223 %    87.995 ±  0.307 %
  45       6.4388 ±    0.1504       0.03466 ±    0.00465       0.08818 ±    0.00322     8.515 ±  0.219 %    88.009 ±  0.303 %
  46       6.3976 ±    0.1475       0.03327 ±    0.00459       0.08815 ±    0.00316     8.544 ±  0.215 %    88.048 ±  0.300 %
  47       6.5718 ±    0.1517       0.03317 ±    0.00462       0.08918 ±    0.00314     8.557 ±  0.214 %    87.943 ±  0.297 %
  48       6.6289 ±    0.1515       0.03305 ±    0.00454       0.08830 ±    0.00308     8.499 ±  0.211 %    88.031 ±  0.293 %
  49       6.5906 ±    0.1487       0.03304 ±    0.00448       0.08760 ±    0.00302     8.458 ±  0.208 %    88.011 ±  0.291 %
  50       6.6216 ±    0.1479       0.03292 ±    0.00442       0.08781 ±    0.00297     8.501 ±  0.205 %    88.000 ±  0.288 %
  51       6.6185 ±    0.1461       0.03178 ±    0.00437       0.08795 ±    0.00292     8.485 ±  0.202 %    87.935 ±  0.286 %
  52       6.6526 ±    0.1457       0.03201 ±    0.00432       0.08807 ±    0.00287     8.468 ±  0.199 %    87.964 ±  0.283 %
  53       6.6963 ±    0.1452       0.03283 ±    0.00427       0.08734 ±    0.00282     8.421 ±  0.196 %    87.932 ±  0.280 %
  54       6.7332 ±    0.1447       0.03395 ±    0.00422       0.08725 ±    0.00278     8.455 ±  0.196 %    87.923 ±  0.278 %
  55       6.7402 ±    0.1435       0.03409 ±    0.00416       0.08678 ±    0.00273     8.420 ±  0.193 %    87.886 ±  0.276 %
  56       6.7507 ±    0.1424       0.03365 ±    0.00411       0.08672 ±    0.00269     8.429 ±  0.192 %    87.836 ±  0.274 %
  57       6.7632 ±    0.1414       0.03365 ±    0.00406       0.08643 ±    0.00265     8.413 ±  0.190 %    87.802 ±  0.271 %
  58       6.7606 ±    0.1398       0.03412 ±    0.00401       0.08585 ±    0.00260     8.372 ±  0.188 %    87.850 ±  0.269 %
  59       6.7747 ±    0.1389       0.03433 ±    0.00399       0.08598 ±    0.00257     8.355 ±  0.185 %    87.843 ±  0.266 %
  60       6.8038 ±    0.1384       0.03425 ±    0.00396       0.08562 ±    0.00253     8.343 ±  0.183 %    87.791 ±  0.265 %
  61       6.8462 ±    0.1387       0.03426 ±    0.00394       0.08604 ±    0.00250     8.341 ±  0.180 %    87.708 ±  0.263 %
  62       6.8920 ±    0.1384       0.03441 ±    0.00390       0.08585 ±    0.00246     8.329 ±  0.178 %    87.672 ±  0.261 %
  63       6.9363 ±    0.1383       0.03437 ±    0.00386       0.08547 ±    0.00242     8.300 ±  0.176 %    87.675 ±  0.259 %
  64       6.9793 ±    0.1380       0.03431 ±    0.00382       0.08506 ±    0.00239     8.268 ±  0.174 %    87.721 ±  0.257 %
  65       7.0454 ±    0.1385       0.03462 ±    0.00378       0.08458 ±    0.00235     8.237 ±  0.172 %    87.674 ±  0.255 %
  66       7.0757 ±    0.1381       0.03466 ±    0.00375       0.08437 ±    0.00232     8.220 ±  0.170 %    87.647 ±  0.254 %
  67       7.1493 ±    0.1390       0.03510 ±    0.00373       0.08438 ±    0.00229     8.191 ±  0.169 %    87.638 ±  0.252 %
  68       7.1965 ±    0.1391       0.03512 ±    0.00371       0.08435 ±    0.00226     8.184 ±  0.167 %    87.641 ±  0.250 %
  69       7.2048 ±    0.1381       0.03488 ±    0.00366       0.08380 ±    0.00223     8.150 ±  0.165 %    87.644 ±  0.248 %
  70       7.1820 ±    0.1366       0.03539 ±    0.00364       0.08380 ±    0.00220     8.156 ±  0.163 %    87.675 ±  0.246 %
  71       7.2316 ±    0.1366       0.03462 ±    0.00361       0.08347 ±    0.00217     8.123 ±  0.162 %    87.677 ±  0.244 %
  72       7.2397 ±    0.1355       0.03432 ±    0.00358       0.08319 ±    0.00214     8.102 ±  0.160 %    87.636 ±  0.243 %
  73       7.2793 ±    0.1354       0.03453 ±    0.00355       0.08310 ±    0.00212     8.077 ±  0.158 %    87.575 ±  0.242 %
  74       7.2834 ±    0.1347       0.03413 ±    0.00353       0.08300 ±    0.00210     8.088 ±  0.158 %    87.610 ±  0.240 %
  75       7.2572 ±    0.1333       0.03329 ±    0.00351       0.08308 ±    0.00209     8.098 ±  0.159 %    87.613 ±  0.238 %
  76       7.2529 ±    0.1324       0.03281 ±    0.00348       0.08325 ±    0.00207     8.110 ±  0.157 %    87.606 ±  0.237 %
  77       7.2787 ±    0.1322       0.03256 ±    0.00345       0.08346 ±    0.00205     8.088 ±  0.156 %    87.568 ±  0.235 %
  78       7.2961 ±    0.1322       0.02990 ±    0.00357       0.08809 ±    0.00243     8.304 ±  0.166 %    87.541 ±  0.234 %
  79       7.2292 ±    0.1301       0.03283 ±    0.00358       0.09040 ±    0.00243     8.538 ±  0.167 %    87.506 ±  0.233 %
  80       7.1810 ±    0.1281       0.03271 ±    0.00357       0.09077 ±    0.00241     8.560 ±  0.165 %    87.451 ±  0.232 %
  81       7.1539 ±    0.1268       0.03219 ±    0.00355       0.09058 ±    0.00238     8.561 ±  0.164 %    87.446 ±  0.231 %
  82       7.1748 ±    0.1264       0.03287 ±    0.00354       0.09086 ±    0.00237     8.558 ±  0.162 %    87.461 ±  0.229 %
  83       7.1755 ±    0.1256       0.03236 ±    0.00350       0.09061 ±    0.00234     8.532 ±  0.161 %    87.451 ±  0.228 %
  84       7.1973 ±    0.1254       0.03328 ±    0.00349       0.09151 ±    0.00238     8.578 ±  0.162 %    87.423 ±  0.227 %
  85       7.2232 ±    0.1250       0.03315 ±    0.00347       0.09147 ±    0.00236     8.554 ±  0.160 %    87.451 ±  0.225 %
  86       7.2597 ±    0.1251       0.03358 ±    0.00344       0.09109 ±    0.00233     8.524 ±  0.159 %    87.442 ±  0.224 %
  87       7.2519 ±    0.1241       0.03317 ±    0.00341       0.09058 ±    0.00230     8.492 ±  0.158 %    87.474 ±  0.222 %
  88       7.2595 ±    0.1236       0.03337 ±    0.00339       0.09021 ±    0.00228     8.478 ±  0.157 %    87.487 ±  0.221 %
  89       7.2204 ±    0.1222       0.03304 ±    0.00336       0.08992 ±    0.00225     8.461 ±  0.155 %    87.526 ±  0.219 %
  90       7.1929 ±    0.1208       0.03299 ±    0.00333       0.08954 ±    0.00223     8.443 ±  0.154 %    87.569 ±  0.218 %
  91       7.1886 ±    0.1199       0.03324 ±    0.00330       0.08914 ±    0.00221     8.438 ±  0.153 %    87.554 ±  0.217 %
  92       7.1803 ±    0.1191       0.03174 ±    0.00330       0.08967 ±    0.00223     8.481 ±  0.155 %    87.583 ±  0.215 %
  93       7.2114 ±    0.1190       0.03105 ±    0.00329       0.08996 ±    0.00222     8.493 ±  0.154 %    87.544 ±  0.214 %
  94       7.2257 ±    0.1187       0.03164 ±    0.00328       0.09010 ±    0.00220     8.492 ±  0.153 %    87.530 ±  0.213 %
  95       7.2363 ±    0.1182       0.03171 ±    0.00325       0.08971 ±    0.00218     8.459 ±  0.152 %    87.542 ±  0.212 %
  96       7.2298 ±    0.1174       0.03208 ±    0.00324       0.08949 ±    0.00216     8.442 ±  0.151 %    87.569 ±  0.211 %
  97       7.2074 ±    0.1163       0.03173 ±    0.00321       0.08909 ±    0.00213     8.418 ±  0.150 %    87.617 ±  0.209 %
  98       7.1918 ±    0.1153       0.03169 ±    0.00319       0.08893 ±    0.00213     8.386 ±  0.149 %    87.631 ±  0.208 %
  99       7.2036 ±    0.1150       0.03147 ±    0.00318       0.08953 ±    0.00212     8.406 ±  0.148 %    87.609 ±  0.207 %
 100       7.2228 ±    0.1147       0.03167 ±    0.00316       0.08929 ±    0.00210     8.388 ±  0.147 %    87.627 ±  0.206 %

====== Perplexity statistics ======
Mean PPL(Q)                   :   7.222814 ±   0.114734
Mean PPL(base)                :   6.997671 ±   0.109822
Cor(ln(PPL(Q)), ln(PPL(base))):  98.01%
Mean ln(PPL(Q)/PPL(base))     :   0.031667 ±   0.003158
Mean PPL(Q)/PPL(base)         :   1.032174 ±   0.003260
Mean PPL(Q)-PPL(base)         :   0.225143 ±   0.022943

====== KL divergence statistics ======
Mean    KLD:   0.089287 ±   0.002101
Maximum KLD:  15.126357
99.9%   KLD:   4.410371
99.0%   KLD:   0.886584
95.0%   KLD:   0.284359
90.0%   KLD:   0.168150
Median  KLD:   0.035343
10.0%   KLD:   0.000970
 5.0%   KLD:   0.000275
 1.0%   KLD:   0.000036
 0.1%   KLD:   0.000005
Minimum KLD:  -0.000017

====== Token probability statistics ======
Mean    Δp: -0.475 ± 0.052 %
Maximum Δp: 98.451%
99.9%   Δp: 61.857%
99.0%   Δp: 21.156%
95.0%   Δp:  9.710%
90.0%   Δp:  5.501%
75.0%   Δp:  1.073%
Median  Δp: -0.006%
25.0%   Δp: -1.545%
10.0%   Δp: -6.665%
 5.0%   Δp: -11.828%
 1.0%   Δp: -28.921%
 0.1%   Δp: -72.162%
Minimum Δp: -99.791%
RMS Δp    :  8.388 ± 0.147 %
Same top p: 87.627 ± 0.206 %

