0.00.878.037 W model has unused tensor blk.64.attn_norm.weight (size = 20480 bytes) -- ignoring
0.00.878.044 W model has unused tensor blk.64.post_attention_norm.weight (size = 20480 bytes) -- ignoring
0.00.878.048 W model has unused tensor blk.64.attn_q.weight (size = 43253760 bytes) -- ignoring
0.00.878.050 W model has unused tensor blk.64.attn_k.weight (size = 3604480 bytes) -- ignoring
0.00.878.052 W model has unused tensor blk.64.attn_v.weight (size = 3604480 bytes) -- ignoring
0.00.878.060 W model has unused tensor blk.64.attn_output.weight (size = 21626880 bytes) -- ignoring
0.00.878.062 W model has unused tensor blk.64.attn_q_norm.weight (size = 1024 bytes) -- ignoring
0.00.878.064 W model has unused tensor blk.64.attn_k_norm.weight (size = 1024 bytes) -- ignoring
0.00.878.066 W model has unused tensor blk.64.ffn_gate.weight (size = 61276160 bytes) -- ignoring
0.00.878.068 W model has unused tensor blk.64.ffn_down.weight (size = 61276160 bytes) -- ignoring
0.00.878.070 W model has unused tensor blk.64.ffn_up.weight (size = 61276160 bytes) -- ignoring
0.00.878.073 W model has unused tensor blk.64.nextn.eh_proj.weight (size = 36044800 bytes) -- ignoring
0.00.878.076 W model has unused tensor blk.64.nextn.enorm.weight (size = 20480 bytes) -- ignoring
0.00.878.078 W model has unused tensor blk.64.nextn.hnorm.weight (size = 20480 bytes) -- ignoring
0.00.878.084 W model has unused tensor blk.64.nextn.shared_head_norm.weight (size = 20480 bytes) -- ignoring
0.03.825.445 I 
0.03.825.525 I system_info: n_threads = 16 (n_threads_batch = 16) / 32 | CUDA : ARCHS = 1200 | USE_GRAPHS = 1 | BLACKWELL_NATIVE_FP4 = 1 | CPU : SSE3 = 1 | SSSE3 = 1 | AVX = 1 | AVX_VNNI = 1 | AVX2 = 1 | F16C = 1 | FMA = 1 | BMI2 = 1 | AVX512 = 1 | AVX512_VBMI = 1 | AVX512_VNNI = 1 | AVX512_BF16 = 1 | LLAMAFILE = 1 | OPENMP = 1 | REPACK = 1 | 
0.03.844.303 I kl_divergence: computing over 100 chunks, n_ctx=512, batch_size=2048, n_seq=4
0.04.833.713 I kl_divergence: 0.99 seconds per pass - ETA 0.40 minutes

chunk             PPL               ln(PPL(Q)/PPL(base))          KL Divergence              Δp RMS            Same top p
   1       4.5133 ±    0.6520       0.05644 ±    0.02442       0.07728 ±    0.01583    10.641 ±  1.866 %    89.412 ±  1.931 %
   2       6.5738 ±    0.7923       0.04111 ±    0.01995       0.07759 ±    0.00947     9.331 ±  1.161 %    88.431 ±  1.418 %
   3       5.9158 ±    0.5604       0.06256 ±    0.01983       0.10503 ±    0.01010    11.082 ±  0.859 %    87.320 ±  1.204 %
   4       5.9343 ±    0.4705       0.05679 ±    0.01628       0.09755 ±    0.00815    10.695 ±  0.771 %    87.647 ±  1.031 %
   5       5.9652 ±    0.4120       0.05556 ±    0.01408       0.09170 ±    0.00667     9.983 ±  0.669 %    87.922 ±  0.913 %
   6       6.2986 ±    0.3972       0.05416 ±    0.01225       0.08919 ±    0.00565     9.526 ±  0.589 %    87.778 ±  0.838 %
   7       6.4669 ±    0.3767       0.05601 ±    0.01137       0.08870 ±    0.00507     9.406 ±  0.548 %    87.283 ±  0.789 %
   8       6.8896 ±    0.3832       0.05168 ±    0.01024       0.08368 ±    0.00447     8.967 ±  0.505 %    87.500 ±  0.732 %
   9       7.3053 ±    0.3855       0.05089 ±    0.00935       0.08014 ±    0.00402     8.669 ±  0.468 %    87.538 ±  0.690 %
  10       7.6477 ±    0.3818       0.04613 ±    0.00867       0.07631 ±    0.00364     8.344 ±  0.438 %    87.490 ±  0.655 %
  11       7.5344 ±    0.3546       0.04665 ±    0.00812       0.07521 ±    0.00344     8.364 ±  0.434 %    87.629 ±  0.622 %
  12       7.6330 ±    0.3463       0.04697 ±    0.00800       0.07749 ±    0.00363     8.570 ±  0.439 %    87.974 ±  0.588 %
  13       8.0844 ±    0.3597       0.04660 ±    0.00780       0.07711 ±    0.00345     8.451 ±  0.421 %    87.934 ±  0.566 %
  14       7.6468 ±    0.3251       0.04583 ±    0.00746       0.07655 ±    0.00327     8.521 ±  0.398 %    88.179 ±  0.540 %
  15       7.5811 ±    0.3111       0.04265 ±    0.00719       0.07577 ±    0.00311     8.428 ±  0.380 %    88.340 ±  0.519 %
  16       7.8047 ±    0.3172       0.03821 ±    0.00748       0.08861 ±    0.00649     8.567 ±  0.376 %    88.260 ±  0.504 %
  17       7.3370 ±    0.2857       0.03608 ±    0.00711       0.08646 ±    0.00617     8.472 ±  0.361 %    88.604 ±  0.483 %
  18       7.3639 ±    0.2780       0.03715 ±    0.00687       0.08521 ±    0.00584     8.358 ±  0.347 %    88.911 ±  0.464 %
  19       7.2966 ±    0.2678       0.03711 ±    0.00664       0.08566 ±    0.00560     8.383 ±  0.335 %    88.648 ±  0.456 %
  20       7.2330 ±    0.2572       0.03643 ±    0.00654       0.08630 ±    0.00536     8.372 ±  0.326 %    88.647 ±  0.444 %
  21       6.9866 ±    0.2413       0.03577 ±    0.00633       0.08500 ±    0.00512     8.378 ±  0.319 %    88.908 ±  0.429 %
  22       6.8858 ±    0.2317       0.03710 ±    0.00616       0.08428 ±    0.00490     8.423 ±  0.309 %    88.930 ±  0.419 %
  23       6.6403 ±    0.2168       0.03573 ±    0.00604       0.08359 ±    0.00472     8.439 ±  0.299 %    88.968 ±  0.409 %
  24       6.3687 ±    0.2017       0.03658 ±    0.00597       0.08378 ±    0.00466     8.581 ±  0.304 %    89.118 ±  0.398 %
  25       6.2598 ±    0.1941       0.03582 ±    0.00588       0.08440 ±    0.00451     8.734 ±  0.299 %    89.020 ±  0.392 %
  26       6.1074 ±    0.1842       0.03651 ±    0.00574       0.08377 ±    0.00434     8.732 ±  0.289 %    89.065 ±  0.383 %
  27       6.0160 ±    0.1775       0.03142 ±    0.00576       0.08462 ±    0.00431     8.824 ±  0.289 %    88.991 ±  0.377 %
  28       5.9166 ±    0.1704       0.03135 ±    0.00562       0.08377 ±    0.00416     8.774 ±  0.281 %    89.062 ±  0.369 %
  29       5.9020 ±    0.1669       0.03134 ±    0.00547       0.08302 ±    0.00403     8.717 ±  0.275 %    89.168 ±  0.361 %
  30       5.8636 ±    0.1623       0.03230 ±    0.00536       0.08245 ±    0.00390     8.686 ±  0.269 %    89.137 ±  0.356 %
  31       5.8250 ±    0.1581       0.03372 ±    0.00525       0.08200 ±    0.00378     8.677 ±  0.263 %    89.083 ±  0.351 %
  32       5.8319 ±    0.1560       0.03439 ±    0.00515       0.08192 ±    0.00368     8.702 ±  0.261 %    89.081 ±  0.345 %
  33       5.8154 ±    0.1531       0.03408 ±    0.00507       0.08209 ±    0.00358     8.748 ±  0.256 %    88.996 ±  0.341 %
  34       5.8678 ±    0.1528       0.03392 ±    0.00498       0.08164 ±    0.00348     8.722 ±  0.251 %    88.939 ±  0.337 %
  35       5.9517 ±    0.1531       0.03485 ±    0.00492       0.08195 ±    0.00341     8.767 ±  0.250 %    88.874 ±  0.333 %
  36       6.0952 ±    0.1552       0.03509 ±    0.00489       0.08215 ±    0.00332     8.733 ±  0.245 %    88.769 ±  0.330 %
  37       6.1948 ±    0.1556       0.03571 ±    0.00485       0.08203 ±    0.00324     8.680 ±  0.240 %    88.691 ±  0.326 %
  38       6.1677 ±    0.1525       0.03539 ±    0.00477       0.08163 ±    0.00320     8.632 ±  0.236 %    88.679 ±  0.322 %
  39       6.1817 ±    0.1511       0.03305 ±    0.00472       0.08210 ±    0.00324     8.669 ±  0.237 %    88.617 ±  0.318 %
  40       6.2208 ±    0.1510       0.03250 ±    0.00468       0.08311 ±    0.00352     8.666 ±  0.237 %    88.618 ±  0.314 %
  41       6.2232 ±    0.1491       0.03198 ±    0.00461       0.08264 ±    0.00344     8.622 ±  0.233 %    88.589 ±  0.311 %
  42       6.3076 ±    0.1499       0.03092 ±    0.00463       0.08640 ±    0.00379     8.682 ±  0.234 %    88.478 ±  0.309 %
  43       6.3066 ±    0.1483       0.03060 ±    0.00455       0.08577 ±    0.00371     8.642 ±  0.230 %    88.409 ±  0.306 %
  44       6.3594 ±    0.1495       0.03267 ±    0.00471       0.09034 ±    0.00412     8.687 ±  0.226 %    88.342 ±  0.303 %
  45       6.4230 ±    0.1496       0.03220 ±    0.00465       0.08984 ±    0.00403     8.630 ±  0.223 %    88.322 ±  0.300 %
  46       6.3854 ±    0.1469       0.03135 ±    0.00457       0.08935 ±    0.00395     8.640 ±  0.219 %    88.363 ±  0.296 %
  47       6.5399 ±    0.1502       0.02830 ±    0.00456       0.09015 ±    0.00390     8.683 ±  0.218 %    88.294 ±  0.294 %
  48       6.5913 ±    0.1498       0.02736 ±    0.00449       0.08911 ±    0.00382     8.612 ±  0.215 %    88.382 ±  0.290 %
  49       6.5494 ±    0.1469       0.02677 ±    0.00442       0.08838 ±    0.00375     8.573 ±  0.212 %    88.419 ±  0.286 %
  50       6.5810 ±    0.1461       0.02678 ±    0.00436       0.08839 ±    0.00368     8.588 ±  0.211 %    88.408 ±  0.284 %
  51       6.5781 ±    0.1443       0.02565 ±    0.00431       0.08853 ±    0.00362     8.567 ±  0.208 %    88.381 ±  0.281 %
  52       6.6113 ±    0.1439       0.02579 ±    0.00426       0.08856 ±    0.00356     8.544 ±  0.205 %    88.371 ±  0.278 %
  53       6.6538 ±    0.1433       0.02646 ±    0.00420       0.08775 ±    0.00349     8.487 ±  0.202 %    88.354 ±  0.276 %
  54       6.6848 ±    0.1426       0.02674 ±    0.00416       0.08747 ±    0.00343     8.509 ±  0.201 %    88.330 ±  0.274 %
  55       6.6947 ±    0.1415       0.02731 ±    0.00410       0.08688 ±    0.00337     8.463 ±  0.199 %    88.278 ±  0.272 %
  56       6.7057 ±    0.1405       0.02695 ±    0.00406       0.08654 ±    0.00331     8.448 ±  0.197 %    88.277 ±  0.269 %
  57       6.7171 ±    0.1395       0.02681 ±    0.00401       0.08611 ±    0.00326     8.427 ±  0.194 %    88.270 ±  0.267 %
  58       6.7092 ±    0.1378       0.02650 ±    0.00396       0.08554 ±    0.00320     8.394 ±  0.192 %    88.350 ±  0.264 %
  59       6.7194 ±    0.1368       0.02613 ±    0.00392       0.08556 ±    0.00315     8.387 ±  0.190 %    88.308 ±  0.262 %
  60       6.7500 ±    0.1364       0.02631 ±    0.00389       0.08527 ±    0.00310     8.380 ±  0.187 %    88.275 ±  0.260 %
  61       6.7941 ±    0.1368       0.02662 ±    0.00388       0.08585 ±    0.00307     8.379 ±  0.186 %    88.177 ±  0.259 %
  62       6.8417 ±    0.1366       0.02709 ±    0.00384       0.08564 ±    0.00302     8.360 ±  0.184 %    88.153 ±  0.257 %
  63       6.8831 ±    0.1364       0.02668 ±    0.00380       0.08520 ±    0.00298     8.335 ±  0.182 %    88.173 ±  0.255 %
  64       6.9270 ±    0.1361       0.02680 ±    0.00375       0.08473 ±    0.00293     8.292 ±  0.180 %    88.174 ±  0.253 %
  65       6.9940 ±    0.1366       0.02731 ±    0.00371       0.08415 ±    0.00289     8.256 ±  0.178 %    88.151 ±  0.251 %
  66       7.0270 ±    0.1364       0.02775 ±    0.00368       0.08390 ±    0.00285     8.235 ±  0.176 %    88.099 ±  0.250 %
  67       7.0949 ±    0.1371       0.02746 ±    0.00365       0.08370 ±    0.00281     8.210 ±  0.174 %    88.077 ±  0.248 %
  68       7.1348 ±    0.1370       0.02651 ±    0.00365       0.08376 ±    0.00277     8.207 ±  0.174 %    88.033 ±  0.246 %
  69       7.1419 ±    0.1359       0.02611 ±    0.00361       0.08316 ±    0.00273     8.174 ±  0.172 %    88.042 ±  0.245 %
  70       7.1178 ±    0.1344       0.02642 ±    0.00358       0.08308 ±    0.00269     8.176 ±  0.170 %    88.045 ±  0.243 %
  71       7.1710 ±    0.1345       0.02622 ±    0.00354       0.08263 ±    0.00266     8.138 ±  0.168 %    88.014 ±  0.241 %
  72       7.1780 ±    0.1335       0.02577 ±    0.00351       0.08227 ±    0.00262     8.111 ±  0.166 %    88.012 ±  0.240 %
  73       7.2220 ±    0.1335       0.02662 ±    0.00348       0.08230 ±    0.00259     8.089 ±  0.165 %    87.908 ±  0.239 %
  74       7.2300 ±    0.1329       0.02677 ±    0.00346       0.08218 ±    0.00256     8.102 ±  0.165 %    87.965 ±  0.237 %
  75       7.2037 ±    0.1315       0.02590 ±    0.00343       0.08207 ±    0.00254     8.095 ±  0.164 %    87.990 ±  0.235 %
  76       7.2023 ±    0.1308       0.02580 ±    0.00340       0.08200 ±    0.00251     8.102 ±  0.163 %    87.982 ±  0.234 %
  77       7.2303 ±    0.1306       0.02589 ±    0.00337       0.08188 ±    0.00248     8.071 ±  0.162 %    87.981 ±  0.232 %
  78       7.2565 ±    0.1309       0.02445 ±    0.00344       0.08628 ±    0.00283     8.247 ±  0.168 %    87.898 ±  0.231 %
  79       7.1916 ±    0.1288       0.02761 ±    0.00345       0.08858 ±    0.00283     8.487 ±  0.169 %    87.833 ±  0.230 %
  80       7.1483 ±    0.1270       0.02815 ±    0.00343       0.08912 ±    0.00280     8.535 ±  0.167 %    87.775 ±  0.229 %
  81       7.1242 ±    0.1257       0.02802 ±    0.00341       0.08884 ±    0.00277     8.519 ±  0.165 %    87.771 ±  0.228 %
  82       7.1448 ±    0.1253       0.02868 ±    0.00340       0.08895 ±    0.00274     8.514 ±  0.164 %    87.747 ±  0.227 %
  83       7.1487 ±    0.1245       0.02862 ±    0.00337       0.08874 ±    0.00271     8.493 ±  0.162 %    87.720 ±  0.226 %
  84       7.1742 ±    0.1244       0.03005 ±    0.00338       0.08996 ±    0.00274     8.578 ±  0.165 %    87.680 ±  0.225 %
  85       7.2079 ±    0.1243       0.03102 ±    0.00337       0.09000 ±    0.00271     8.561 ±  0.164 %    87.696 ±  0.223 %
  86       7.2431 ±    0.1244       0.03129 ±    0.00334       0.08964 ±    0.00268     8.532 ±  0.163 %    87.693 ±  0.222 %
  87       7.2363 ±    0.1234       0.03101 ±    0.00331       0.08912 ±    0.00265     8.496 ±  0.162 %    87.744 ±  0.220 %
  88       7.2440 ±    0.1229       0.03123 ±    0.00329       0.08869 ±    0.00262     8.473 ±  0.160 %    87.767 ±  0.219 %
  89       7.2076 ±    0.1215       0.03127 ±    0.00326       0.08839 ±    0.00260     8.458 ±  0.159 %    87.826 ±  0.217 %
  90       7.1807 ±    0.1202       0.03129 ±    0.00324       0.08818 ±    0.00257     8.442 ±  0.158 %    87.856 ±  0.216 %
  91       7.1759 ±    0.1193       0.03148 ±    0.00321       0.08779 ±    0.00255     8.434 ±  0.157 %    87.847 ±  0.214 %
  92       7.1659 ±    0.1184       0.02973 ±    0.00322       0.08894 ±    0.00261     8.479 ±  0.158 %    87.869 ±  0.213 %
  93       7.1934 ±    0.1183       0.02855 ±    0.00321       0.08909 ±    0.00259     8.467 ±  0.157 %    87.860 ±  0.212 %
  94       7.2060 ±    0.1179       0.02891 ±    0.00319       0.08909 ±    0.00257     8.457 ±  0.156 %    87.851 ±  0.211 %
  95       7.2169 ±    0.1174       0.02902 ±    0.00317       0.08872 ±    0.00254     8.425 ±  0.155 %    87.835 ±  0.210 %
  96       7.2102 ±    0.1166       0.02938 ±    0.00314       0.08839 ±    0.00251     8.405 ±  0.154 %    87.851 ±  0.209 %
  97       7.1901 ±    0.1156       0.02933 ±    0.00312       0.08799 ±    0.00249     8.381 ±  0.153 %    87.900 ±  0.207 %
  98       7.1733 ±    0.1145       0.02911 ±    0.00310       0.08761 ±    0.00247     8.350 ±  0.152 %    87.915 ±  0.206 %
  99       7.1862 ±    0.1143       0.02906 ±    0.00308       0.08783 ±    0.00245     8.347 ±  0.151 %    87.910 ±  0.205 %
 100       7.2042 ±    0.1140       0.02909 ±    0.00306       0.08762 ±    0.00242     8.332 ±  0.150 %    87.925 ±  0.204 %

====== Perplexity statistics ======
Mean PPL(Q)                   :   7.204196 ±   0.114009
Mean PPL(base)                :   6.997671 ±   0.109822
Cor(ln(PPL(Q)), ln(PPL(base))):  98.11%
Mean ln(PPL(Q)/PPL(base))     :   0.029086 ±   0.003064
Mean PPL(Q)/PPL(base)         :   1.029513 ±   0.003154
Mean PPL(Q)-PPL(base)         :   0.206525 ±   0.022133

====== KL divergence statistics ======
Mean    KLD:   0.087622 ±   0.002422
Maximum KLD:  18.333652
99.9%   KLD:   4.889694
99.0%   KLD:   0.869826
95.0%   KLD:   0.267741
90.0%   KLD:   0.160297
Median  KLD:   0.033117
10.0%   KLD:   0.000873
 5.0%   KLD:   0.000258
 1.0%   KLD:   0.000035
 0.1%   KLD:   0.000004
Minimum KLD:  -0.000009

====== Token probability statistics ======
Mean    Δp: -0.526 ± 0.052 %
Maximum Δp: 98.535%
99.9%   Δp: 57.847%
99.0%   Δp: 20.582%
95.0%   Δp:  9.372%
90.0%   Δp:  5.207%
75.0%   Δp:  0.978%
Median  Δp: -0.007%
25.0%   Δp: -1.510%
10.0%   Δp: -6.501%
 5.0%   Δp: -11.505%
 1.0%   Δp: -29.190%
 0.1%   Δp: -71.773%
Minimum Δp: -99.473%
RMS Δp    :  8.332 ± 0.150 %
Same top p: 87.925 ± 0.204 %

