0.00.548.934 W model has unused tensor blk.64.attn_norm.weight (size = 20480 bytes) -- ignoring
0.00.548.940 W model has unused tensor blk.64.post_attention_norm.weight (size = 20480 bytes) -- ignoring
0.00.548.943 W model has unused tensor blk.64.attn_q.weight (size = 43253760 bytes) -- ignoring
0.00.548.944 W model has unused tensor blk.64.attn_k.weight (size = 3604480 bytes) -- ignoring
0.00.548.945 W model has unused tensor blk.64.attn_v.weight (size = 3604480 bytes) -- ignoring
0.00.548.949 W model has unused tensor blk.64.attn_output.weight (size = 21626880 bytes) -- ignoring
0.00.548.950 W model has unused tensor blk.64.attn_q_norm.weight (size = 1024 bytes) -- ignoring
0.00.548.952 W model has unused tensor blk.64.attn_k_norm.weight (size = 1024 bytes) -- ignoring
0.00.548.953 W model has unused tensor blk.64.ffn_gate.weight (size = 61276160 bytes) -- ignoring
0.00.548.954 W model has unused tensor blk.64.ffn_down.weight (size = 61276160 bytes) -- ignoring
0.00.548.955 W model has unused tensor blk.64.ffn_up.weight (size = 61276160 bytes) -- ignoring
0.00.548.957 W model has unused tensor blk.64.nextn.eh_proj.weight (size = 36044800 bytes) -- ignoring
0.00.548.959 W model has unused tensor blk.64.nextn.enorm.weight (size = 20480 bytes) -- ignoring
0.00.548.960 W model has unused tensor blk.64.nextn.hnorm.weight (size = 20480 bytes) -- ignoring
0.00.548.964 W model has unused tensor blk.64.nextn.shared_head_norm.weight (size = 20480 bytes) -- ignoring
0.03.640.185 I 
0.03.640.258 I system_info: n_threads = 16 (n_threads_batch = 16) / 32 | CUDA : ARCHS = 1200 | USE_GRAPHS = 1 | BLACKWELL_NATIVE_FP4 = 1 | CPU : SSE3 = 1 | SSSE3 = 1 | AVX = 1 | AVX_VNNI = 1 | AVX2 = 1 | F16C = 1 | FMA = 1 | BMI2 = 1 | AVX512 = 1 | AVX512_VBMI = 1 | AVX512_VNNI = 1 | AVX512_BF16 = 1 | LLAMAFILE = 1 | OPENMP = 1 | REPACK = 1 | 
0.03.657.712 I kl_divergence: computing over 100 chunks, n_ctx=512, batch_size=2048, n_seq=4
0.04.483.281 I kl_divergence: 0.83 seconds per pass - ETA 0.33 minutes

chunk             PPL               ln(PPL(Q)/PPL(base))          KL Divergence              Δp RMS            Same top p
   1       4.4228 ±    0.6492       0.03617 ±    0.01674       0.03817 ±    0.00577     6.918 ±  0.904 %    87.843 ±  2.050 %
   2       6.4397 ±    0.7781       0.02049 ±    0.01609       0.04251 ±    0.00381     6.127 ±  0.560 %    88.039 ±  1.438 %
   3       5.6758 ±    0.5367       0.02114 ±    0.01573       0.06326 ±    0.00581     7.809 ±  0.644 %    87.712 ±  1.188 %
   4       5.7087 ±    0.4504       0.01805 ±    0.01306       0.06035 ±    0.00464     7.517 ±  0.580 %    88.627 ±  0.995 %
   5       5.7407 ±    0.3922       0.01720 ±    0.01113       0.05770 ±    0.00383     7.235 ±  0.495 %    89.098 ±  0.873 %
   6       6.1005 ±    0.3828       0.02220 ±    0.00984       0.05725 ±    0.00328     7.053 ±  0.429 %    88.562 ±  0.814 %
   7       6.2899 ±    0.3652       0.02826 ±    0.00942       0.05640 ±    0.00289     6.881 ±  0.385 %    88.515 ±  0.755 %
   8       6.7106 ±    0.3716       0.02537 ±    0.00846       0.05450 ±    0.00261     6.608 ±  0.352 %    88.480 ±  0.707 %
   9       7.1233 ±    0.3745       0.02566 ±    0.00778       0.05266 ±    0.00237     6.458 ±  0.333 %    88.627 ±  0.663 %
  10       7.4701 ±    0.3722       0.02262 ±    0.00719       0.05026 ±    0.00215     6.239 ±  0.311 %    88.902 ±  0.622 %
  11       7.3687 ±    0.3464       0.02441 ±    0.00677       0.04919 ±    0.00201     6.097 ±  0.291 %    89.055 ±  0.590 %
  12       7.4589 ±    0.3373       0.02389 ±    0.00646       0.04975 ±    0.00207     6.070 ±  0.273 %    89.314 ±  0.559 %
  13       7.9523 ±    0.3542       0.03013 ±    0.00623       0.04966 ±    0.00196     5.937 ±  0.258 %    89.412 ±  0.534 %
  14       7.5406 ±    0.3211       0.03185 ±    0.00603       0.04946 ±    0.00192     5.944 ±  0.248 %    89.664 ±  0.510 %
  15       7.4798 ±    0.3074       0.02920 ±    0.00578       0.04910 ±    0.00184     5.881 ±  0.235 %    89.961 ±  0.486 %
  16       7.6556 ±    0.3102       0.01893 ±    0.00598       0.05405 ±    0.00266     6.167 ±  0.268 %    89.877 ±  0.472 %
  17       7.1952 ±    0.2792       0.01656 ±    0.00573       0.05274 ±    0.00252     6.121 ±  0.256 %    90.104 ±  0.454 %
  18       7.2212 ±    0.2717       0.01758 ±    0.00554       0.05214 ±    0.00239     6.069 ±  0.245 %    90.174 ±  0.439 %
  19       7.1576 ±    0.2619       0.01788 ±    0.00543       0.05343 ±    0.00236     6.223 ±  0.242 %    90.114 ±  0.429 %
  20       7.1186 ±    0.2532       0.02050 ±    0.00536       0.05395 ±    0.00226     6.224 ±  0.232 %    90.314 ±  0.414 %
  21       6.8873 ±    0.2380       0.02145 ±    0.00524       0.05346 ±    0.00219     6.275 ±  0.239 %    90.495 ±  0.401 %
  22       6.7900 ±    0.2287       0.02308 ±    0.00517       0.05407 ±    0.00212     6.414 ±  0.236 %    90.588 ±  0.390 %
  23       6.5466 ±    0.2140       0.02152 ±    0.00501       0.05369 ±    0.00207     6.392 ±  0.230 %    90.622 ±  0.381 %
  24       6.2744 ±    0.1989       0.02165 ±    0.00493       0.05405 ±    0.00209     6.645 ±  0.258 %    90.703 ±  0.371 %
  25       6.1743 ±    0.1919       0.02208 ±    0.00491       0.05439 ±    0.00204     6.727 ±  0.250 %    90.745 ±  0.363 %
  26       6.0265 ±    0.1822       0.02318 ±    0.00480       0.05441 ±    0.00198     6.755 ±  0.242 %    90.769 ±  0.356 %
  27       5.9463 ±    0.1760       0.01977 ±    0.00487       0.05719 ±    0.00272     6.941 ±  0.258 %    90.763 ±  0.349 %
  28       5.8491 ±    0.1690       0.01986 ±    0.00477       0.05680 ±    0.00263     6.902 ±  0.251 %    90.798 ±  0.342 %
  29       5.8353 ±    0.1656       0.01998 ±    0.00464       0.05621 ±    0.00254     6.855 ±  0.245 %    90.899 ±  0.334 %
  30       5.8022 ±    0.1613       0.02177 ±    0.00457       0.05599 ±    0.00247     6.872 ±  0.239 %    90.837 ±  0.330 %
  31       5.7562 ±    0.1567       0.02184 ±    0.00445       0.05547 ±    0.00239     6.838 ±  0.233 %    90.904 ±  0.323 %
  32       5.7614 ±    0.1547       0.02222 ±    0.00437       0.05505 ±    0.00232     6.800 ±  0.227 %    90.870 ±  0.319 %
  33       5.7465 ±    0.1519       0.02216 ±    0.00431       0.05552 ±    0.00226     6.879 ±  0.223 %    90.743 ±  0.316 %
  34       5.7974 ±    0.1515       0.02186 ±    0.00423       0.05514 ±    0.00220     6.845 ±  0.219 %    90.646 ±  0.313 %
  35       5.8780 ±    0.1517       0.02238 ±    0.00418       0.05548 ±    0.00215     6.922 ±  0.222 %    90.633 ±  0.308 %
  36       6.0159 ±    0.1536       0.02200 ±    0.00413       0.05571 ±    0.00210     6.886 ±  0.217 %    90.545 ±  0.305 %
  37       6.1165 ±    0.1541       0.02299 ±    0.00409       0.05594 ±    0.00206     6.886 ±  0.215 %    90.493 ±  0.302 %
  38       6.0881 ±    0.1510       0.02241 ±    0.00402       0.05533 ±    0.00201     6.849 ±  0.211 %    90.526 ±  0.298 %
  39       6.1162 ±    0.1501       0.02240 ±    0.00394       0.05518 ±    0.00197     6.840 ±  0.207 %    90.488 ±  0.294 %
  40       6.1528 ±    0.1500       0.02151 ±    0.00394       0.05512 ±    0.00194     6.820 ±  0.203 %    90.441 ±  0.291 %
  41       6.1604 ±    0.1482       0.02183 ±    0.00386       0.05484 ±    0.00189     6.790 ±  0.199 %    90.426 ±  0.288 %
  42       6.2457 ±    0.1492       0.02104 ±    0.00388       0.05789 ±    0.00228     6.882 ±  0.204 %    90.364 ±  0.285 %
  43       6.2471 ±    0.1475       0.02112 ±    0.00382       0.05750 ±    0.00223     6.856 ±  0.200 %    90.342 ±  0.282 %
  44       6.2792 ±    0.1474       0.01998 ±    0.00384       0.06037 ±    0.00251     6.889 ±  0.198 %    90.267 ±  0.280 %
  45       6.3415 ±    0.1475       0.01943 ±    0.00379       0.06008 ±    0.00246     6.871 ±  0.196 %    90.327 ±  0.276 %
  46       6.3137 ±    0.1451       0.02006 ±    0.00374       0.05976 ±    0.00241     6.879 ±  0.192 %    90.367 ±  0.272 %
  47       6.4638 ±    0.1482       0.01661 ±    0.00378       0.06080 ±    0.00241     6.886 ±  0.192 %    90.238 ±  0.271 %
  48       6.5206 ±    0.1480       0.01657 ±    0.00372       0.06015 ±    0.00236     6.842 ±  0.189 %    90.302 ±  0.267 %
  49       6.4818 ±    0.1452       0.01639 ±    0.00366       0.05963 ±    0.00231     6.814 ±  0.186 %    90.332 ±  0.264 %
  50       6.5085 ±    0.1443       0.01569 ±    0.00362       0.05981 ±    0.00227     6.828 ±  0.184 %    90.329 ±  0.262 %
  51       6.5087 ±    0.1426       0.01505 ±    0.00359       0.06002 ±    0.00224     6.823 ±  0.181 %    90.242 ±  0.260 %
  52       6.5440 ±    0.1422       0.01556 ±    0.00354       0.05993 ±    0.00220     6.789 ±  0.179 %    90.249 ±  0.258 %
  53       6.5851 ±    0.1416       0.01608 ±    0.00349       0.05940 ±    0.00216     6.743 ±  0.177 %    90.196 ±  0.256 %
  54       6.6174 ±    0.1411       0.01660 ±    0.00345       0.05917 ±    0.00213     6.742 ±  0.174 %    90.196 ±  0.253 %
  55       6.6219 ±    0.1398       0.01637 ±    0.00340       0.05886 ±    0.00209     6.715 ±  0.172 %    90.111 ±  0.252 %
  56       6.6361 ±    0.1389       0.01652 ±    0.00337       0.05879 ±    0.00206     6.727 ±  0.173 %    90.133 ±  0.250 %
  57       6.6516 ±    0.1380       0.01701 ±    0.00333       0.05858 ±    0.00203     6.730 ±  0.171 %    90.141 ±  0.247 %
  58       6.6434 ±    0.1363       0.01664 ±    0.00329       0.05825 ±    0.00199     6.705 ±  0.169 %    90.176 ±  0.245 %
  59       6.6575 ±    0.1354       0.01688 ±    0.00328       0.05855 ±    0.00197     6.698 ±  0.166 %    90.150 ±  0.243 %
  60       6.6872 ±    0.1350       0.01697 ±    0.00325       0.05840 ±    0.00194     6.702 ±  0.164 %    90.085 ±  0.242 %
  61       6.7223 ±    0.1351       0.01599 ±    0.00325       0.05913 ±    0.00193     6.710 ±  0.162 %    90.010 ±  0.240 %
  62       6.7698 ±    0.1349       0.01652 ±    0.00322       0.05895 ±    0.00190     6.693 ±  0.160 %    89.949 ±  0.239 %
  63       6.8152 ±    0.1348       0.01676 ±    0.00319       0.05867 ±    0.00187     6.674 ±  0.158 %    89.953 ±  0.237 %
  64       6.8592 ±    0.1346       0.01695 ±    0.00316       0.05836 ±    0.00185     6.644 ±  0.156 %    89.994 ±  0.235 %
  65       6.9231 ±    0.1351       0.01711 ±    0.00313       0.05798 ±    0.00182     6.615 ±  0.155 %    90.021 ±  0.233 %
  66       6.9558 ±    0.1348       0.01757 ±    0.00310       0.05785 ±    0.00179     6.607 ±  0.153 %    89.964 ±  0.232 %
  67       7.0232 ±    0.1356       0.01731 ±    0.00308       0.05779 ±    0.00177     6.593 ±  0.151 %    89.968 ±  0.230 %
  68       7.0598 ±    0.1354       0.01594 ±    0.00311       0.05805 ±    0.00175     6.584 ±  0.150 %    89.937 ±  0.228 %
  69       7.0707 ±    0.1344       0.01609 ±    0.00308       0.05765 ±    0.00173     6.559 ±  0.148 %    89.906 ±  0.227 %
  70       7.0497 ±    0.1330       0.01680 ±    0.00306       0.05764 ±    0.00171     6.565 ±  0.146 %    89.905 ±  0.225 %
  71       7.1028 ±    0.1331       0.01665 ±    0.00303       0.05737 ±    0.00168     6.538 ±  0.145 %    89.925 ±  0.224 %
  72       7.1168 ±    0.1323       0.01720 ±    0.00300       0.05720 ±    0.00166     6.515 ±  0.143 %    89.929 ±  0.222 %
  73       7.1556 ±    0.1322       0.01739 ±    0.00298       0.05712 ±    0.00164     6.501 ±  0.142 %    89.879 ±  0.221 %
  74       7.1607 ±    0.1315       0.01714 ±    0.00296       0.05718 ±    0.00163     6.521 ±  0.144 %    89.899 ±  0.219 %
  75       7.1412 ±    0.1303       0.01718 ±    0.00294       0.05714 ±    0.00162     6.530 ±  0.143 %    89.898 ±  0.218 %
  76       7.1383 ±    0.1296       0.01689 ±    0.00292       0.05729 ±    0.00161     6.545 ±  0.143 %    89.866 ±  0.217 %
  77       7.1649 ±    0.1293       0.01681 ±    0.00289       0.05733 ±    0.00159     6.528 ±  0.142 %    89.875 ±  0.215 %
  78       7.1931 ±    0.1296       0.01567 ±    0.00294       0.06027 ±    0.00190     6.642 ±  0.146 %    89.824 ±  0.214 %
  79       7.1211 ±    0.1274       0.01776 ±    0.00295       0.06158 ±    0.00190     6.823 ±  0.147 %    89.799 ±  0.213 %
  80       7.0788 ±    0.1256       0.01839 ±    0.00293       0.06175 ±    0.00187     6.849 ±  0.145 %    89.770 ±  0.212 %
  81       7.0531 ±    0.1243       0.01800 ±    0.00291       0.06166 ±    0.00185     6.862 ±  0.145 %    89.765 ±  0.211 %
  82       7.0719 ±    0.1239       0.01842 ±    0.00290       0.06180 ±    0.00184     6.864 ±  0.143 %    89.713 ±  0.210 %
  83       7.0753 ±    0.1231       0.01829 ±    0.00287       0.06172 ±    0.00182     6.850 ±  0.142 %    89.705 ±  0.209 %
  84       7.0933 ±    0.1228       0.01871 ±    0.00286       0.06256 ±    0.00185     6.903 ±  0.144 %    89.697 ±  0.208 %
  85       7.1200 ±    0.1225       0.01876 ±    0.00285       0.06259 ±    0.00183     6.896 ±  0.143 %    89.721 ±  0.206 %
  86       7.1538 ±    0.1226       0.01888 ±    0.00283       0.06237 ±    0.00181     6.878 ±  0.141 %    89.704 ±  0.205 %
  87       7.1470 ±    0.1216       0.01860 ±    0.00280       0.06207 ±    0.00179     6.852 ±  0.140 %    89.727 ±  0.204 %
  88       7.1534 ±    0.1211       0.01864 ±    0.00278       0.06186 ±    0.00177     6.843 ±  0.139 %    89.755 ±  0.202 %
  89       7.1200 ±    0.1198       0.01903 ±    0.00276       0.06168 ±    0.00175     6.843 ±  0.138 %    89.760 ±  0.201 %
  90       7.0912 ±    0.1184       0.01874 ±    0.00274       0.06138 ±    0.00173     6.830 ±  0.137 %    89.786 ±  0.200 %
  91       7.0869 ±    0.1176       0.01899 ±    0.00272       0.06107 ±    0.00171     6.816 ±  0.136 %    89.791 ±  0.199 %
  92       7.0836 ±    0.1169       0.01818 ±    0.00272       0.06156 ±    0.00173     6.843 ±  0.136 %    89.825 ±  0.197 %
  93       7.1156 ±    0.1169       0.01767 ±    0.00270       0.06154 ±    0.00171     6.826 ±  0.135 %    89.817 ±  0.196 %
  94       7.1300 ±    0.1166       0.01832 ±    0.00269       0.06169 ±    0.00170     6.826 ±  0.135 %    89.800 ±  0.195 %
  95       7.1417 ±    0.1161       0.01856 ±    0.00267       0.06142 ±    0.00169     6.802 ±  0.134 %    89.816 ±  0.194 %
  96       7.1344 ±    0.1153       0.01880 ±    0.00265       0.06120 ±    0.00167     6.783 ±  0.133 %    89.849 ±  0.193 %
  97       7.1135 ±    0.1143       0.01862 ±    0.00263       0.06092 ±    0.00165     6.760 ±  0.132 %    89.889 ±  0.192 %
  98       7.0976 ±    0.1133       0.01850 ±    0.00261       0.06064 ±    0.00164     6.736 ±  0.131 %    89.920 ±  0.190 %
  99       7.1080 ±    0.1129       0.01812 ±    0.00260       0.06098 ±    0.00163     6.774 ±  0.132 %    89.919 ±  0.189 %
 100       7.1279 ±    0.1127       0.01844 ±    0.00258       0.06089 ±    0.00161     6.764 ±  0.131 %    89.925 ±  0.188 %

====== Perplexity statistics ======
Mean PPL(Q)                   :   7.127901 ±   0.112702
Mean PPL(base)                :   6.997671 ±   0.109822
Cor(ln(PPL(Q)), ln(PPL(base))):  98.66%
Mean ln(PPL(Q)/PPL(base))     :   0.018439 ±   0.002584
Mean PPL(Q)/PPL(base)         :   1.018610 ±   0.002632
Mean PPL(Q)-PPL(base)         :   0.130230 ±   0.018455

====== KL divergence statistics ======
Mean    KLD:   0.060886 ±   0.001613
Maximum KLD:  14.145084
99.9%   KLD:   3.468425
99.0%   KLD:   0.621928
95.0%   KLD:   0.193036
90.0%   KLD:   0.113904
Median  KLD:   0.023071
10.0%   KLD:   0.000645
 5.0%   KLD:   0.000184
 1.0%   KLD:   0.000025
 0.1%   KLD:   0.000003
Minimum KLD:  -0.000024

====== Token probability statistics ======
Mean    Δp: -0.136 ± 0.042 %
Maximum Δp: 98.267%
99.9%   Δp: 46.787%
99.0%   Δp: 18.345%
95.0%   Δp:  8.227%
90.0%   Δp:  4.803%
75.0%   Δp:  1.033%
Median  Δp: -0.001%
25.0%   Δp: -1.071%
10.0%   Δp: -4.821%
 5.0%   Δp: -8.644%
 1.0%   Δp: -21.803%
 0.1%   Δp: -55.651%
Minimum Δp: -93.982%
RMS Δp    :  6.764 ± 0.131 %
Same top p: 89.925 ± 0.188 %

