0.00.553.753 W model has unused tensor blk.64.attn_norm.weight (size = 20480 bytes) -- ignoring
0.00.553.758 W model has unused tensor blk.64.post_attention_norm.weight (size = 20480 bytes) -- ignoring
0.00.553.761 W model has unused tensor blk.64.attn_q.weight (size = 43253760 bytes) -- ignoring
0.00.553.762 W model has unused tensor blk.64.attn_k.weight (size = 3604480 bytes) -- ignoring
0.00.553.764 W model has unused tensor blk.64.attn_v.weight (size = 3604480 bytes) -- ignoring
0.00.553.768 W model has unused tensor blk.64.attn_output.weight (size = 21626880 bytes) -- ignoring
0.00.553.769 W model has unused tensor blk.64.attn_q_norm.weight (size = 1024 bytes) -- ignoring
0.00.553.770 W model has unused tensor blk.64.attn_k_norm.weight (size = 1024 bytes) -- ignoring
0.00.553.772 W model has unused tensor blk.64.ffn_gate.weight (size = 61276160 bytes) -- ignoring
0.00.553.773 W model has unused tensor blk.64.ffn_down.weight (size = 61276160 bytes) -- ignoring
0.00.553.774 W model has unused tensor blk.64.ffn_up.weight (size = 61276160 bytes) -- ignoring
0.00.553.776 W model has unused tensor blk.64.nextn.eh_proj.weight (size = 36044800 bytes) -- ignoring
0.00.553.778 W model has unused tensor blk.64.nextn.enorm.weight (size = 20480 bytes) -- ignoring
0.00.553.779 W model has unused tensor blk.64.nextn.hnorm.weight (size = 20480 bytes) -- ignoring
0.00.553.783 W model has unused tensor blk.64.nextn.shared_head_norm.weight (size = 20480 bytes) -- ignoring
0.03.739.835 I 
0.03.739.911 I system_info: n_threads = 16 (n_threads_batch = 16) / 32 | CUDA : ARCHS = 1200 | USE_GRAPHS = 1 | BLACKWELL_NATIVE_FP4 = 1 | CPU : SSE3 = 1 | SSSE3 = 1 | AVX = 1 | AVX_VNNI = 1 | AVX2 = 1 | F16C = 1 | FMA = 1 | BMI2 = 1 | AVX512 = 1 | AVX512_VBMI = 1 | AVX512_VNNI = 1 | AVX512_BF16 = 1 | LLAMAFILE = 1 | OPENMP = 1 | REPACK = 1 | 
0.03.757.118 I kl_divergence: computing over 100 chunks, n_ctx=512, batch_size=2048, n_seq=4
0.04.562.735 I kl_divergence: 0.81 seconds per pass - ETA 0.33 minutes

chunk             PPL               ln(PPL(Q)/PPL(base))          KL Divergence              Δp RMS            Same top p
   1       4.5359 ±    0.6648       0.06144 ±    0.01878       0.05606 ±    0.00974     8.919 ±  1.580 %    92.549 ±  1.648 %
   2       6.5302 ±    0.7863       0.03446 ±    0.01759       0.05897 ±    0.00587     8.382 ±  0.974 %    89.804 ±  1.341 %
   3       5.7756 ±    0.5438       0.03857 ±    0.01716       0.08260 ±    0.00724    10.074 ±  0.855 %    88.105 ±  1.171 %
   4       5.7848 ±    0.4539       0.03128 ±    0.01467       0.07997 ±    0.00601     9.941 ±  0.785 %    88.137 ±  1.013 %
   5       5.8567 ±    0.4001       0.03720 ±    0.01290       0.07761 ±    0.00500     9.407 ±  0.675 %    88.235 ±  0.903 %
   6       6.2195 ±    0.3892       0.04153 ±    0.01132       0.07655 ±    0.00429     9.085 ±  0.593 %    88.039 ±  0.830 %
   7       6.4095 ±    0.3717       0.04710 ±    0.01074       0.07693 ±    0.00383     8.798 ±  0.530 %    87.507 ±  0.783 %
   8       6.8366 ±    0.3790       0.04396 ±    0.00966       0.07312 ±    0.00340     8.396 ±  0.487 %    87.598 ±  0.730 %
   9       7.2375 ±    0.3807       0.04157 ±    0.00892       0.07153 ±    0.00310     8.150 ±  0.451 %    87.407 ±  0.693 %
  10       7.5917 ±    0.3783       0.03878 ±    0.00831       0.06870 ±    0.00282     7.858 ±  0.422 %    87.490 ±  0.655 %
  11       7.5044 ±    0.3531       0.04265 ±    0.00798       0.06702 ±    0.00263     7.631 ±  0.396 %    87.986 ±  0.614 %
  12       7.5917 ±    0.3439       0.04154 ±    0.00782       0.06864 ±    0.00273     7.808 ±  0.396 %    88.366 ±  0.580 %
  13       8.0857 ±    0.3601       0.04676 ±    0.00750       0.06817 ±    0.00259     7.694 ±  0.379 %    88.446 ±  0.555 %
  14       7.6573 ±    0.3257       0.04721 ±    0.00714       0.06779 ±    0.00248     7.776 ±  0.359 %    88.571 ±  0.533 %
  15       7.5968 ±    0.3118       0.04472 ±    0.00680       0.06788 ±    0.00252     7.642 ±  0.342 %    88.601 ±  0.514 %
  16       7.8128 ±    0.3176       0.03926 ±    0.00700       0.07185 ±    0.00284     7.754 ±  0.330 %    88.505 ±  0.499 %
  17       7.3346 ±    0.2855       0.03575 ±    0.00671       0.07043 ±    0.00272     7.676 ±  0.316 %    88.743 ±  0.480 %
  18       7.3658 ±    0.2780       0.03740 ±    0.00650       0.06981 ±    0.00260     7.567 ±  0.303 %    88.867 ±  0.464 %
  19       7.2929 ±    0.2676       0.03659 ±    0.00635       0.07157 ±    0.00271     7.759 ±  0.313 %    88.793 ±  0.453 %
  20       7.2431 ±    0.2579       0.03783 ±    0.00625       0.07233 ±    0.00261     7.786 ±  0.302 %    88.824 ±  0.441 %
  21       6.9991 ±    0.2420       0.03755 ±    0.00607       0.07148 ±    0.00251     7.784 ±  0.294 %    88.982 ±  0.428 %
  22       6.8939 ±    0.2323       0.03827 ±    0.00590       0.07152 ±    0.00243     7.819 ±  0.285 %    89.055 ±  0.417 %
  23       6.6453 ±    0.2173       0.03648 ±    0.00570       0.07066 ±    0.00234     7.786 ±  0.276 %    89.207 ±  0.405 %
  24       6.3577 ±    0.2016       0.03484 ±    0.00562       0.07185 ±    0.00248     8.011 ±  0.289 %    89.248 ±  0.396 %
  25       6.2456 ±    0.1939       0.03355 ±    0.00553       0.07225 ±    0.00241     8.081 ±  0.278 %    89.302 ±  0.387 %
  26       6.0966 ±    0.1840       0.03475 ±    0.00540       0.07239 ±    0.00236     8.145 ±  0.274 %    89.427 ±  0.378 %
  27       6.0076 ±    0.1774       0.03002 ±    0.00544       0.07488 ±    0.00304     8.288 ±  0.279 %    89.412 ±  0.371 %
  28       5.9095 ±    0.1704       0.03014 ±    0.00531       0.07441 ±    0.00294     8.241 ±  0.272 %    89.468 ±  0.363 %
  29       5.8924 ±    0.1668       0.02972 ±    0.00517       0.07358 ±    0.00285     8.173 ±  0.265 %    89.574 ±  0.355 %
  30       5.8568 ±    0.1623       0.03113 ±    0.00507       0.07321 ±    0.00276     8.173 ±  0.258 %    89.516 ±  0.350 %
  31       5.8187 ±    0.1580       0.03263 ±    0.00498       0.07283 ±    0.00268     8.140 ±  0.252 %    89.475 ±  0.345 %
  32       5.8177 ±    0.1558       0.03194 ±    0.00487       0.07240 ±    0.00260     8.098 ±  0.247 %    89.485 ±  0.340 %
  33       5.8057 ±    0.1532       0.03243 ±    0.00482       0.07307 ±    0.00255     8.161 ±  0.241 %    89.364 ±  0.336 %
  34       5.8551 ±    0.1527       0.03176 ±    0.00476       0.07291 ±    0.00248     8.150 ±  0.237 %    89.296 ±  0.332 %
  35       5.9409 ±    0.1530       0.03304 ±    0.00471       0.07365 ±    0.00244     8.233 ±  0.236 %    89.244 ±  0.328 %
  36       6.0891 ±    0.1553       0.03409 ±    0.00466       0.07405 ±    0.00238     8.186 ±  0.231 %    89.118 ±  0.325 %
  37       6.1817 ±    0.1554       0.03358 ±    0.00461       0.07386 ±    0.00233     8.162 ±  0.227 %    89.020 ±  0.322 %
  38       6.1527 ±    0.1523       0.03297 ±    0.00453       0.07314 ±    0.00227     8.118 ±  0.223 %    89.020 ±  0.318 %
  39       6.1770 ±    0.1513       0.03229 ±    0.00445       0.07297 ±    0.00222     8.104 ±  0.218 %    88.989 ±  0.314 %
  40       6.2127 ±    0.1512       0.03121 ±    0.00444       0.07388 ±    0.00251     8.089 ±  0.214 %    88.990 ±  0.310 %
  41       6.2161 ±    0.1492       0.03084 ±    0.00437       0.07359 ±    0.00245     8.056 ±  0.210 %    88.943 ±  0.307 %
  42       6.2952 ±    0.1498       0.02895 ±    0.00444       0.07677 ±    0.00273     8.119 ±  0.213 %    88.842 ±  0.304 %
  43       6.2975 ±    0.1482       0.02915 ±    0.00437       0.07620 ±    0.00267     8.092 ±  0.210 %    88.737 ±  0.302 %
  44       6.3483 ±    0.1491       0.03093 ±    0.00451       0.07971 ±    0.00296     8.090 ±  0.206 %    88.734 ±  0.299 %
  45       6.4125 ±    0.1492       0.03057 ±    0.00444       0.07926 ±    0.00290     8.048 ±  0.203 %    88.767 ±  0.295 %
  46       6.3796 ±    0.1466       0.03045 ±    0.00437       0.07882 ±    0.00284     8.044 ±  0.199 %    88.781 ±  0.291 %
  47       6.5279 ±    0.1496       0.02647 ±    0.00442       0.08043 ±    0.00287     8.095 ±  0.200 %    88.627 ±  0.290 %
  48       6.5818 ±    0.1493       0.02592 ±    0.00435       0.07962 ±    0.00281     8.046 ±  0.198 %    88.709 ±  0.286 %
  49       6.5393 ±    0.1464       0.02522 ±    0.00429       0.07904 ±    0.00276     8.013 ±  0.194 %    88.707 ±  0.283 %
  50       6.5680 ±    0.1456       0.02479 ±    0.00424       0.07931 ±    0.00271     8.047 ±  0.192 %    88.714 ±  0.280 %
  51       6.5676 ±    0.1439       0.02406 ±    0.00419       0.07941 ±    0.00268     8.023 ±  0.189 %    88.627 ±  0.278 %
  52       6.6020 ±    0.1435       0.02438 ±    0.00414       0.07932 ±    0.00263     7.992 ±  0.186 %    88.620 ±  0.276 %
  53       6.6457 ±    0.1430       0.02524 ±    0.00409       0.07874 ±    0.00258     7.943 ±  0.184 %    88.620 ±  0.273 %
  54       6.6807 ±    0.1425       0.02612 ±    0.00405       0.07852 ±    0.00254     7.959 ±  0.182 %    88.598 ±  0.271 %
  55       6.6885 ±    0.1413       0.02639 ±    0.00399       0.07805 ±    0.00249     7.921 ±  0.179 %    88.542 ±  0.269 %
  56       6.7030 ±    0.1404       0.02655 ±    0.00395       0.07807 ±    0.00246     7.936 ±  0.180 %    88.536 ±  0.267 %
  57       6.7181 ±    0.1395       0.02696 ±    0.00391       0.07787 ±    0.00242     7.939 ±  0.177 %    88.504 ±  0.265 %
  58       6.7080 ±    0.1377       0.02631 ±    0.00386       0.07742 ±    0.00238     7.905 ±  0.175 %    88.546 ±  0.262 %
  59       6.7199 ±    0.1368       0.02621 ±    0.00386       0.07756 ±    0.00235     7.899 ±  0.173 %    88.534 ±  0.260 %
  60       6.7468 ±    0.1363       0.02584 ±    0.00382       0.07730 ±    0.00231     7.903 ±  0.170 %    88.497 ±  0.258 %
  61       6.7740 ±    0.1360       0.02365 ±    0.00384       0.07810 ±    0.00230     7.897 ±  0.168 %    88.428 ±  0.256 %
  62       6.8205 ±    0.1358       0.02398 ±    0.00381       0.07782 ±    0.00226     7.864 ±  0.166 %    88.374 ±  0.255 %
  63       6.8691 ±    0.1359       0.02465 ±    0.00377       0.07757 ±    0.00223     7.856 ±  0.164 %    88.366 ±  0.253 %
  64       6.9150 ±    0.1357       0.02506 ±    0.00374       0.07720 ±    0.00219     7.821 ±  0.162 %    88.376 ±  0.251 %
  65       6.9802 ±    0.1362       0.02533 ±    0.00369       0.07668 ±    0.00216     7.783 ±  0.161 %    88.392 ±  0.249 %
  66       7.0131 ±    0.1359       0.02577 ±    0.00366       0.07647 ±    0.00213     7.773 ±  0.159 %    88.360 ±  0.247 %
  67       7.0827 ±    0.1367       0.02574 ±    0.00363       0.07644 ±    0.00210     7.749 ±  0.157 %    88.358 ±  0.245 %
  68       7.1233 ±    0.1367       0.02490 ±    0.00363       0.07643 ±    0.00208     7.724 ±  0.155 %    88.351 ±  0.244 %
  69       7.1318 ±    0.1356       0.02470 ±    0.00360       0.07596 ±    0.00205     7.698 ±  0.154 %    88.338 ±  0.242 %
  70       7.1090 ±    0.1341       0.02517 ±    0.00357       0.07585 ±    0.00202     7.698 ±  0.152 %    88.353 ±  0.240 %
  71       7.1640 ±    0.1343       0.02523 ±    0.00353       0.07552 ±    0.00199     7.671 ±  0.150 %    88.351 ±  0.238 %
  72       7.1774 ±    0.1335       0.02569 ±    0.00351       0.07529 ±    0.00197     7.646 ±  0.149 %    88.361 ±  0.237 %
  73       7.2174 ±    0.1334       0.02599 ±    0.00348       0.07522 ±    0.00194     7.628 ±  0.147 %    88.278 ±  0.236 %
  74       7.2264 ±    0.1328       0.02628 ±    0.00345       0.07530 ±    0.00193     7.664 ±  0.149 %    88.315 ±  0.234 %
  75       7.2029 ±    0.1315       0.02578 ±    0.00343       0.07522 ±    0.00191     7.664 ±  0.149 %    88.324 ±  0.232 %
  76       7.2004 ±    0.1307       0.02554 ±    0.00340       0.07524 ±    0.00189     7.670 ±  0.148 %    88.333 ±  0.231 %
  77       7.2268 ±    0.1305       0.02540 ±    0.00338       0.07528 ±    0.00187     7.644 ±  0.147 %    88.327 ±  0.229 %
  78       7.2481 ±    0.1306       0.02329 ±    0.00346       0.08076 ±    0.00255     7.859 ±  0.157 %    88.281 ±  0.228 %
  79       7.1753 ±    0.1283       0.02534 ±    0.00345       0.08217 ±    0.00254     8.026 ±  0.158 %    88.255 ±  0.227 %
  80       7.1300 ±    0.1265       0.02558 ±    0.00343       0.08236 ±    0.00251     8.059 ±  0.156 %    88.240 ±  0.226 %
  81       7.1040 ±    0.1252       0.02519 ±    0.00340       0.08231 ±    0.00248     8.062 ±  0.154 %    88.216 ±  0.224 %
  82       7.1250 ±    0.1248       0.02589 ±    0.00338       0.08258 ±    0.00246     8.057 ±  0.153 %    88.159 ±  0.223 %
  83       7.1271 ±    0.1240       0.02559 ±    0.00336       0.08248 ±    0.00243     8.045 ±  0.152 %    88.136 ±  0.222 %
  84       7.1423 ±    0.1236       0.02559 ±    0.00335       0.08320 ±    0.00244     8.079 ±  0.152 %    88.123 ±  0.221 %
  85       7.1712 ±    0.1234       0.02593 ±    0.00333       0.08337 ±    0.00242     8.074 ±  0.151 %    88.129 ±  0.220 %
  86       7.2075 ±    0.1235       0.02637 ±    0.00331       0.08309 ±    0.00239     8.052 ±  0.150 %    88.121 ±  0.218 %
  87       7.2024 ±    0.1226       0.02632 ±    0.00328       0.08267 ±    0.00236     8.023 ±  0.149 %    88.141 ±  0.217 %
  88       7.2108 ±    0.1221       0.02665 ±    0.00325       0.08238 ±    0.00234     8.012 ±  0.148 %    88.151 ±  0.216 %
  89       7.1777 ±    0.1208       0.02711 ±    0.00323       0.08231 ±    0.00231     8.015 ±  0.146 %    88.169 ±  0.214 %
  90       7.1510 ±    0.1195       0.02714 ±    0.00320       0.08198 ±    0.00229     8.006 ±  0.145 %    88.218 ±  0.213 %
  91       7.1485 ±    0.1186       0.02764 ±    0.00318       0.08169 ±    0.00227     8.009 ±  0.145 %    88.222 ±  0.212 %
  92       7.1429 ±    0.1179       0.02652 ±    0.00317       0.08201 ±    0.00226     8.003 ±  0.143 %    88.244 ±  0.210 %
  93       7.1759 ±    0.1179       0.02610 ±    0.00315       0.08205 ±    0.00224     7.996 ±  0.142 %    88.223 ±  0.209 %
  94       7.1909 ±    0.1176       0.02682 ±    0.00314       0.08217 ±    0.00222     7.996 ±  0.142 %    88.185 ±  0.208 %
  95       7.2014 ±    0.1171       0.02687 ±    0.00311       0.08186 ±    0.00220     7.968 ±  0.141 %    88.194 ±  0.207 %
  96       7.1954 ±    0.1163       0.02732 ±    0.00310       0.08157 ±    0.00218     7.944 ±  0.140 %    88.211 ±  0.206 %
  97       7.1764 ±    0.1153       0.02742 ±    0.00307       0.08124 ±    0.00215     7.921 ±  0.139 %    88.247 ±  0.205 %
  98       7.1613 ±    0.1143       0.02744 ±    0.00304       0.08088 ±    0.00213     7.892 ±  0.138 %    88.295 ±  0.203 %
  99       7.1751 ±    0.1140       0.02751 ±    0.00306       0.08151 ±    0.00213     7.923 ±  0.138 %    88.318 ±  0.202 %
 100       7.1940 ±    0.1138       0.02768 ±    0.00303       0.08136 ±    0.00211     7.914 ±  0.137 %    88.310 ±  0.201 %

====== Perplexity statistics ======
Mean PPL(Q)                   :   7.194043 ±   0.113785
Mean PPL(base)                :   6.997671 ±   0.109822
Cor(ln(PPL(Q)), ln(PPL(base))):  98.15%
Mean ln(PPL(Q)/PPL(base))     :   0.027676 ±   0.003034
Mean PPL(Q)/PPL(base)         :   1.028063 ±   0.003119
Mean PPL(Q)-PPL(base)         :   0.196372 ±   0.021873

====== KL divergence statistics ======
Mean    KLD:   0.081359 ±   0.002108
Maximum KLD:  17.180054
99.9%   KLD:   3.975115
99.0%   KLD:   0.775738
95.0%   KLD:   0.255374
90.0%   KLD:   0.155385
Median  KLD:   0.032499
10.0%   KLD:   0.000893
 5.0%   KLD:   0.000260
 1.0%   KLD:   0.000034
 0.1%   KLD:   0.000005
Minimum KLD:  -0.000007

====== Token probability statistics ======
Mean    Δp: -0.507 ± 0.049 %
Maximum Δp: 99.687%
99.9%   Δp: 49.815%
99.0%   Δp: 20.637%
95.0%   Δp:  9.186%
90.0%   Δp:  5.231%
75.0%   Δp:  0.979%
Median  Δp: -0.010%
25.0%   Δp: -1.565%
10.0%   Δp: -6.418%
 5.0%   Δp: -11.499%
 1.0%   Δp: -27.936%
 0.1%   Δp: -64.200%
Minimum Δp: -99.743%
RMS Δp    :  7.914 ± 0.137 %
Same top p: 88.310 ± 0.201 %

