0.00.861.845 W model has unused tensor blk.64.attn_norm.weight (size = 20480 bytes) -- ignoring
0.00.861.852 W model has unused tensor blk.64.post_attention_norm.weight (size = 20480 bytes) -- ignoring
0.00.861.863 W model has unused tensor blk.64.attn_q.weight (size = 20643840 bytes) -- ignoring
0.00.861.865 W model has unused tensor blk.64.attn_k.weight (size = 1720320 bytes) -- ignoring
0.00.861.867 W model has unused tensor blk.64.attn_v.weight (size = 2949120 bytes) -- ignoring
0.00.861.874 W model has unused tensor blk.64.attn_output.weight (size = 13516800 bytes) -- ignoring
0.00.861.876 W model has unused tensor blk.64.attn_q_norm.weight (size = 1024 bytes) -- ignoring
0.00.861.878 W model has unused tensor blk.64.attn_k_norm.weight (size = 1024 bytes) -- ignoring
0.00.861.880 W model has unused tensor blk.64.ffn_gate.weight (size = 29245440 bytes) -- ignoring
0.00.861.882 W model has unused tensor blk.64.ffn_down.weight (size = 38297600 bytes) -- ignoring
0.00.861.884 W model has unused tensor blk.64.ffn_up.weight (size = 29245440 bytes) -- ignoring
0.00.861.887 W model has unused tensor blk.64.nextn.eh_proj.weight (size = 17203200 bytes) -- ignoring
0.00.861.889 W model has unused tensor blk.64.nextn.enorm.weight (size = 20480 bytes) -- ignoring
0.00.861.892 W model has unused tensor blk.64.nextn.hnorm.weight (size = 20480 bytes) -- ignoring
0.00.861.898 W model has unused tensor blk.64.nextn.shared_head_norm.weight (size = 20480 bytes) -- ignoring
0.03.627.441 I 
0.03.627.519 I system_info: n_threads = 16 (n_threads_batch = 16) / 32 | CUDA : ARCHS = 1200 | USE_GRAPHS = 1 | BLACKWELL_NATIVE_FP4 = 1 | CPU : SSE3 = 1 | SSSE3 = 1 | AVX = 1 | AVX_VNNI = 1 | AVX2 = 1 | F16C = 1 | FMA = 1 | BMI2 = 1 | AVX512 = 1 | AVX512_VBMI = 1 | AVX512_VNNI = 1 | AVX512_BF16 = 1 | LLAMAFILE = 1 | OPENMP = 1 | REPACK = 1 | 
0.03.647.544 I kl_divergence: computing over 40 chunks, n_ctx=512, batch_size=2048, n_seq=4
0.04.585.659 I kl_divergence: 0.94 seconds per pass - ETA 0.15 minutes

chunk             PPL               ln(PPL(Q)/PPL(base))          KL Divergence              Δp RMS            Same top p
   1       5.0082 ±    0.7646       0.16049 ±    0.05387       0.15000 ±    0.03621    10.777 ±  1.757 %    85.098 ±  2.234 %
   2       7.2437 ±    0.8987       0.13815 ±    0.03393       0.13403 ±    0.01967     9.887 ±  1.143 %    84.902 ±  1.587 %
   3       6.7166 ±    0.6587       0.18952 ±    0.03032       0.18650 ±    0.01791    13.736 ±  0.982 %    82.745 ±  1.367 %
   4       6.6061 ±    0.5373       0.16404 ±    0.02473       0.17838 ±    0.01417    13.263 ±  0.828 %    82.451 ±  1.192 %
   5       6.5764 ±    0.4630       0.15310 ±    0.02099       0.16941 ±    0.01169    12.886 ±  0.742 %    83.216 ±  1.047 %
   6       6.9643 ±    0.4490       0.15463 ±    0.01842       0.16841 ±    0.01020    12.658 ±  0.680 %    82.745 ±  0.966 %
   7       7.1284 ±    0.4235       0.15340 ±    0.01661       0.16152 ±    0.00893    12.212 ±  0.631 %    82.689 ±  0.896 %
   8       7.5712 ±    0.4294       0.14603 ±    0.01498       0.15401 ±    0.00789    11.934 ±  0.575 %    82.990 ±  0.832 %
   9       8.0156 ±    0.4315       0.14368 ±    0.01385       0.14774 ±    0.00709    11.532 ±  0.532 %    82.963 ±  0.785 %
  10       8.3478 ±    0.4247       0.13372 ±    0.01271       0.14022 ±    0.00642    11.071 ±  0.500 %    82.745 ±  0.748 %
  11       8.2432 ±    0.3961       0.13655 ±    0.01221       0.14376 ±    0.00659    11.380 ±  0.511 %    82.888 ±  0.711 %
  12       8.3071 ±    0.3830       0.13160 ±    0.01185       0.14588 ±    0.00641    11.385 ±  0.493 %    83.333 ±  0.674 %
  13       8.7789 ±    0.3961       0.12902 ±    0.01122       0.14366 ±    0.00600    11.324 ±  0.476 %    83.529 ±  0.644 %
  14       8.3132 ±    0.3583       0.12939 ±    0.01091       0.14233 ±    0.00585    11.485 ±  0.462 %    83.838 ±  0.616 %
  15       8.2591 ±    0.3440       0.12831 ±    0.01042       0.14013 ±    0.00555    11.400 ±  0.443 %    84.026 ±  0.592 %
  16       8.5934 ±    0.3572       0.13449 ±    0.01081       0.15711 ±    0.00811    11.703 ±  0.441 %    83.946 ±  0.575 %
  17       8.0681 ±    0.3216       0.13106 ±    0.01026       0.15150 ±    0.00765    11.545 ±  0.423 %    84.291 ±  0.553 %
  18       8.0707 ±    0.3118       0.12879 ±    0.00992       0.14996 ±    0.00729    11.460 ±  0.406 %    84.466 ±  0.535 %
  19       8.0257 ±    0.3020       0.13234 ±    0.00961       0.15013 ±    0.00699    11.667 ±  0.400 %    84.355 ±  0.522 %
  20       7.9523 ±    0.2900       0.13124 ±    0.00934       0.15082 ±    0.00670    11.684 ±  0.388 %    84.255 ±  0.510 %
  21       7.6716 ±    0.2715       0.12930 ±    0.00902       0.14882 ±    0.00641    11.750 ±  0.376 %    84.538 ±  0.494 %
  22       7.5209 ±    0.2590       0.12532 ±    0.00872       0.14656 ±    0.00613    11.699 ±  0.362 %    84.688 ±  0.481 %
  23       7.2325 ±    0.2416       0.12116 ±    0.00847       0.14396 ±    0.00591    11.648 ±  0.354 %    84.945 ±  0.467 %
  24       6.9076 ±    0.2237       0.11780 ±    0.00821       0.14377 ±    0.00581    11.723 ±  0.347 %    85.212 ±  0.454 %
  25       6.7825 ±    0.2153       0.11602 ±    0.00805       0.14330 ±    0.00566    11.739 ±  0.338 %    85.239 ±  0.444 %
  26       6.5974 ±    0.2036       0.11368 ±    0.00783       0.14155 ±    0.00546    11.692 ±  0.328 %    85.354 ±  0.434 %
  27       6.5113 ±    0.1968       0.11054 ±    0.00770       0.14177 ±    0.00531    11.736 ±  0.324 %    85.258 ±  0.427 %
  28       6.3935 ±    0.1886       0.10887 ±    0.00752       0.13976 ±    0.00513    11.643 ±  0.315 %    85.308 ±  0.419 %
  29       6.3602 ±    0.1839       0.10611 ±    0.00731       0.13784 ±    0.00496    11.555 ±  0.308 %    85.463 ±  0.410 %
  30       6.3070 ±    0.1784       0.10518 ±    0.00718       0.13768 ±    0.00482    11.556 ±  0.302 %    85.373 ±  0.404 %
  31       6.2602 ±    0.1735       0.10577 ±    0.00700       0.13644 ±    0.00468    11.514 ±  0.296 %    85.402 ±  0.397 %
  32       6.2631 ±    0.1711       0.10572 ±    0.00692       0.13730 ±    0.00464    11.613 ±  0.297 %    85.380 ±  0.391 %
  33       6.2623 ±    0.1688       0.10813 ±    0.00682       0.13720 ±    0.00453    11.608 ±  0.291 %    85.383 ±  0.385 %
  34       6.3225 ±    0.1684       0.10857 ±    0.00675       0.13742 ±    0.00450    11.627 ±  0.289 %    85.294 ±  0.380 %
  35       6.4235 ±    0.1690       0.11113 ±    0.00667       0.13867 ±    0.00445    11.667 ±  0.286 %    85.154 ±  0.376 %
  36       6.5717 ±    0.1711       0.11036 ±    0.00660       0.13862 ±    0.00435    11.554 ±  0.281 %    85.153 ±  0.371 %
  37       6.6675 ±    0.1710       0.10924 ±    0.00653       0.13832 ±    0.00427    11.454 ±  0.276 %    85.045 ±  0.367 %
  38       6.6376 ±    0.1677       0.10883 ±    0.00643       0.13762 ±    0.00420    11.376 ±  0.271 %    85.057 ±  0.362 %
  39       6.6591 ±    0.1666       0.10744 ±    0.00638       0.13768 ±    0.00416    11.367 ±  0.268 %    85.028 ±  0.358 %
  40       6.6925 ±    0.1662       0.10560 ±    0.00628       0.13743 ±    0.00419    11.296 ±  0.263 %    85.059 ±  0.353 %

====== Perplexity statistics ======
Mean PPL(Q)                   :   6.692503 ±   0.166153
Mean PPL(base)                :   6.021818 ±   0.145019
Cor(ln(PPL(Q)), ln(PPL(base))):  96.74%
Mean ln(PPL(Q)/PPL(base))     :   0.105599 ±   0.006284
Mean PPL(Q)/PPL(base)         :   1.111376 ±   0.006984
Mean PPL(Q)-PPL(base)         :   0.670685 ±   0.044897

====== KL divergence statistics ======
Mean    KLD:   0.137434 ±   0.004195
Maximum KLD:  16.302244
99.9%   KLD:   5.973536
99.0%   KLD:   1.506644
95.0%   KLD:   0.476951
90.0%   KLD:   0.277906
Median  KLD:   0.050120
10.0%   KLD:   0.000937
 5.0%   KLD:   0.000296
 1.0%   KLD:   0.000049
 0.1%   KLD:   0.000007
Minimum KLD:   0.000002

====== Token probability statistics ======
Mean    Δp: -1.947 ± 0.110 %
Maximum Δp: 91.434%
99.9%   Δp: 47.951%
99.0%   Δp: 23.569%
95.0%   Δp: 10.456%
90.0%   Δp:  5.636%
75.0%   Δp:  0.694%
Median  Δp: -0.078%
25.0%   Δp: -2.945%
10.0%   Δp: -10.680%
 5.0%   Δp: -18.760%
 1.0%   Δp: -47.825%
 0.1%   Δp: -89.606%
Minimum Δp: -98.794%
RMS Δp    : 11.296 ± 0.263 %
Same top p: 85.059 ± 0.353 %

