0.00.884.816 W model has unused tensor blk.64.attn_norm.weight (size = 20480 bytes) -- ignoring
0.00.884.821 W model has unused tensor blk.64.post_attention_norm.weight (size = 20480 bytes) -- ignoring
0.00.884.824 W model has unused tensor blk.64.attn_q.weight (size = 43253760 bytes) -- ignoring
0.00.884.825 W model has unused tensor blk.64.attn_k.weight (size = 3604480 bytes) -- ignoring
0.00.884.827 W model has unused tensor blk.64.attn_v.weight (size = 3604480 bytes) -- ignoring
0.00.884.831 W model has unused tensor blk.64.attn_output.weight (size = 21626880 bytes) -- ignoring
0.00.884.832 W model has unused tensor blk.64.attn_q_norm.weight (size = 1024 bytes) -- ignoring
0.00.884.833 W model has unused tensor blk.64.attn_k_norm.weight (size = 1024 bytes) -- ignoring
0.00.884.834 W model has unused tensor blk.64.ffn_gate.weight (size = 61276160 bytes) -- ignoring
0.00.884.836 W model has unused tensor blk.64.ffn_down.weight (size = 61276160 bytes) -- ignoring
0.00.884.837 W model has unused tensor blk.64.ffn_up.weight (size = 61276160 bytes) -- ignoring
0.00.884.839 W model has unused tensor blk.64.nextn.eh_proj.weight (size = 36044800 bytes) -- ignoring
0.00.884.840 W model has unused tensor blk.64.nextn.enorm.weight (size = 20480 bytes) -- ignoring
0.00.884.842 W model has unused tensor blk.64.nextn.hnorm.weight (size = 20480 bytes) -- ignoring
0.00.884.846 W model has unused tensor blk.64.nextn.shared_head_norm.weight (size = 20480 bytes) -- ignoring
0.05.054.290 I 
0.05.054.363 I system_info: n_threads = 16 (n_threads_batch = 16) / 32 | CUDA : ARCHS = 1200 | USE_GRAPHS = 1 | BLACKWELL_NATIVE_FP4 = 1 | CPU : SSE3 = 1 | SSSE3 = 1 | AVX = 1 | AVX_VNNI = 1 | AVX2 = 1 | F16C = 1 | FMA = 1 | BMI2 = 1 | AVX512 = 1 | AVX512_VBMI = 1 | AVX512_VNNI = 1 | AVX512_BF16 = 1 | LLAMAFILE = 1 | OPENMP = 1 | REPACK = 1 | 
0.05.074.228 I kl_divergence: computing over 40 chunks, n_ctx=512, batch_size=2048, n_seq=4
0.05.956.471 I kl_divergence: 0.88 seconds per pass - ETA 0.13 minutes

chunk             PPL               ln(PPL(Q)/PPL(base))          KL Divergence              Δp RMS            Same top p
   1       4.4228 ±    0.6492       0.03617 ±    0.01674       0.03817 ±    0.00577     6.918 ±  0.904 %    87.843 ±  2.050 %
   2       6.4397 ±    0.7781       0.02049 ±    0.01609       0.04251 ±    0.00381     6.127 ±  0.560 %    88.039 ±  1.438 %
   3       5.6758 ±    0.5367       0.02114 ±    0.01573       0.06326 ±    0.00581     7.809 ±  0.644 %    87.712 ±  1.188 %
   4       5.7087 ±    0.4504       0.01805 ±    0.01306       0.06035 ±    0.00464     7.517 ±  0.580 %    88.627 ±  0.995 %
   5       5.7407 ±    0.3922       0.01720 ±    0.01113       0.05770 ±    0.00383     7.235 ±  0.495 %    89.098 ±  0.873 %
   6       6.1005 ±    0.3828       0.02220 ±    0.00984       0.05725 ±    0.00328     7.053 ±  0.429 %    88.562 ±  0.814 %
   7       6.2899 ±    0.3652       0.02826 ±    0.00942       0.05640 ±    0.00289     6.881 ±  0.385 %    88.515 ±  0.755 %
   8       6.7106 ±    0.3716       0.02537 ±    0.00846       0.05450 ±    0.00261     6.608 ±  0.352 %    88.480 ±  0.707 %
   9       7.1233 ±    0.3745       0.02566 ±    0.00778       0.05266 ±    0.00237     6.458 ±  0.333 %    88.627 ±  0.663 %
  10       7.4701 ±    0.3722       0.02262 ±    0.00719       0.05026 ±    0.00215     6.239 ±  0.311 %    88.902 ±  0.622 %
  11       7.3687 ±    0.3464       0.02441 ±    0.00677       0.04919 ±    0.00201     6.097 ±  0.291 %    89.055 ±  0.590 %
  12       7.4589 ±    0.3373       0.02389 ±    0.00646       0.04975 ±    0.00207     6.070 ±  0.273 %    89.314 ±  0.559 %
  13       7.9523 ±    0.3542       0.03013 ±    0.00623       0.04966 ±    0.00196     5.937 ±  0.258 %    89.412 ±  0.534 %
  14       7.5406 ±    0.3211       0.03185 ±    0.00603       0.04946 ±    0.00192     5.944 ±  0.248 %    89.664 ±  0.510 %
  15       7.4798 ±    0.3074       0.02920 ±    0.00578       0.04910 ±    0.00184     5.881 ±  0.235 %    89.961 ±  0.486 %
  16       7.6556 ±    0.3102       0.01893 ±    0.00598       0.05405 ±    0.00266     6.167 ±  0.268 %    89.877 ±  0.472 %
  17       7.1952 ±    0.2792       0.01656 ±    0.00573       0.05274 ±    0.00252     6.121 ±  0.256 %    90.104 ±  0.454 %
  18       7.2212 ±    0.2717       0.01758 ±    0.00554       0.05214 ±    0.00239     6.069 ±  0.245 %    90.174 ±  0.439 %
  19       7.1576 ±    0.2619       0.01788 ±    0.00543       0.05343 ±    0.00236     6.223 ±  0.242 %    90.114 ±  0.429 %
  20       7.1186 ±    0.2532       0.02050 ±    0.00536       0.05395 ±    0.00226     6.224 ±  0.232 %    90.314 ±  0.414 %
  21       6.8873 ±    0.2380       0.02145 ±    0.00524       0.05346 ±    0.00219     6.275 ±  0.239 %    90.495 ±  0.401 %
  22       6.7900 ±    0.2287       0.02308 ±    0.00517       0.05407 ±    0.00212     6.414 ±  0.236 %    90.588 ±  0.390 %
  23       6.5466 ±    0.2140       0.02152 ±    0.00501       0.05369 ±    0.00207     6.392 ±  0.230 %    90.622 ±  0.381 %
  24       6.2744 ±    0.1989       0.02165 ±    0.00493       0.05405 ±    0.00209     6.645 ±  0.258 %    90.703 ±  0.371 %
  25       6.1743 ±    0.1919       0.02208 ±    0.00491       0.05439 ±    0.00204     6.727 ±  0.250 %    90.745 ±  0.363 %
  26       6.0265 ±    0.1822       0.02318 ±    0.00480       0.05441 ±    0.00198     6.755 ±  0.242 %    90.769 ±  0.356 %
  27       5.9463 ±    0.1760       0.01977 ±    0.00487       0.05719 ±    0.00272     6.941 ±  0.258 %    90.763 ±  0.349 %
  28       5.8491 ±    0.1690       0.01986 ±    0.00477       0.05680 ±    0.00263     6.902 ±  0.251 %    90.798 ±  0.342 %
  29       5.8353 ±    0.1656       0.01998 ±    0.00464       0.05621 ±    0.00254     6.855 ±  0.245 %    90.899 ±  0.334 %
  30       5.8022 ±    0.1613       0.02177 ±    0.00457       0.05599 ±    0.00247     6.872 ±  0.239 %    90.837 ±  0.330 %
  31       5.7562 ±    0.1567       0.02184 ±    0.00445       0.05547 ±    0.00239     6.838 ±  0.233 %    90.904 ±  0.323 %
  32       5.7614 ±    0.1547       0.02222 ±    0.00437       0.05505 ±    0.00232     6.800 ±  0.227 %    90.870 ±  0.319 %
  33       5.7465 ±    0.1519       0.02216 ±    0.00431       0.05552 ±    0.00226     6.879 ±  0.223 %    90.743 ±  0.316 %
  34       5.7974 ±    0.1515       0.02186 ±    0.00423       0.05514 ±    0.00220     6.845 ±  0.219 %    90.646 ±  0.313 %
  35       5.8780 ±    0.1517       0.02238 ±    0.00418       0.05548 ±    0.00215     6.922 ±  0.222 %    90.633 ±  0.308 %
  36       6.0159 ±    0.1536       0.02200 ±    0.00413       0.05571 ±    0.00210     6.886 ±  0.217 %    90.545 ±  0.305 %
  37       6.1165 ±    0.1541       0.02299 ±    0.00409       0.05594 ±    0.00206     6.886 ±  0.215 %    90.493 ±  0.302 %
  38       6.0881 ±    0.1510       0.02241 ±    0.00402       0.05533 ±    0.00201     6.849 ±  0.211 %    90.526 ±  0.298 %
  39       6.1162 ±    0.1501       0.02240 ±    0.00394       0.05518 ±    0.00197     6.840 ±  0.207 %    90.488 ±  0.294 %
  40       6.1528 ±    0.1500       0.02151 ±    0.00394       0.05512 ±    0.00194     6.820 ±  0.203 %    90.441 ±  0.291 %

====== Perplexity statistics ======
Mean PPL(Q)                   :   6.152770 ±   0.150003
Mean PPL(base)                :   6.021818 ±   0.145019
Cor(ln(PPL(Q)), ln(PPL(base))):  98.69%
Mean ln(PPL(Q)/PPL(base))     :   0.021513 ±   0.003936
Mean PPL(Q)/PPL(base)         :   1.021746 ±   0.004022
Mean PPL(Q)-PPL(base)         :   0.130951 ±   0.024404

====== KL divergence statistics ======
Mean    KLD:   0.055120 ±   0.001936
Maximum KLD:  11.718835
99.9%   KLD:   2.059389
99.0%   KLD:   0.579996
95.0%   KLD:   0.195085
90.0%   KLD:   0.114316
Median  KLD:   0.021071
10.0%   KLD:   0.000462
 5.0%   KLD:   0.000132
 1.0%   KLD:   0.000019
 0.1%   KLD:   0.000002
Minimum KLD:  -0.000024

====== Token probability statistics ======
Mean    Δp: -0.145 ± 0.068 %
Maximum Δp: 98.267%
99.9%   Δp: 46.027%
99.0%   Δp: 18.785%
95.0%   Δp:  8.279%
90.0%   Δp:  4.812%
75.0%   Δp:  1.054%
Median  Δp: -0.001%
25.0%   Δp: -1.036%
10.0%   Δp: -4.965%
 5.0%   Δp: -8.877%
 1.0%   Δp: -22.816%
 0.1%   Δp: -54.719%
Minimum Δp: -91.131%
RMS Δp    :  6.820 ± 0.203 %
Same top p: 90.441 ± 0.291 %

