0.01.013.412 W model has unused tensor blk.64.attn_norm.weight (size = 20480 bytes) -- ignoring
0.01.013.418 W model has unused tensor blk.64.post_attention_norm.weight (size = 20480 bytes) -- ignoring
0.01.013.423 W model has unused tensor blk.64.attn_q.weight (size = 43253760 bytes) -- ignoring
0.01.013.425 W model has unused tensor blk.64.attn_k.weight (size = 3604480 bytes) -- ignoring
0.01.013.427 W model has unused tensor blk.64.attn_v.weight (size = 3604480 bytes) -- ignoring
0.01.013.434 W model has unused tensor blk.64.attn_output.weight (size = 21626880 bytes) -- ignoring
0.01.013.436 W model has unused tensor blk.64.attn_q_norm.weight (size = 1024 bytes) -- ignoring
0.01.013.438 W model has unused tensor blk.64.attn_k_norm.weight (size = 1024 bytes) -- ignoring
0.01.013.440 W model has unused tensor blk.64.ffn_gate.weight (size = 61276160 bytes) -- ignoring
0.01.013.442 W model has unused tensor blk.64.ffn_down.weight (size = 61276160 bytes) -- ignoring
0.01.013.444 W model has unused tensor blk.64.ffn_up.weight (size = 61276160 bytes) -- ignoring
0.01.013.447 W model has unused tensor blk.64.nextn.eh_proj.weight (size = 36044800 bytes) -- ignoring
0.01.013.449 W model has unused tensor blk.64.nextn.enorm.weight (size = 20480 bytes) -- ignoring
0.01.013.451 W model has unused tensor blk.64.nextn.hnorm.weight (size = 20480 bytes) -- ignoring
0.01.013.457 W model has unused tensor blk.64.nextn.shared_head_norm.weight (size = 20480 bytes) -- ignoring
0.02.501.910 I 
0.02.502.001 I system_info: n_threads = 16 (n_threads_batch = 16) / 32 | CUDA : ARCHS = 1200 | USE_GRAPHS = 1 | BLACKWELL_NATIVE_FP4 = 1 | CPU : SSE3 = 1 | SSSE3 = 1 | AVX = 1 | AVX_VNNI = 1 | AVX2 = 1 | F16C = 1 | FMA = 1 | BMI2 = 1 | AVX512 = 1 | AVX512_VBMI = 1 | AVX512_VNNI = 1 | AVX512_BF16 = 1 | LLAMAFILE = 1 | OPENMP = 1 | REPACK = 1 | 
0.02.521.461 I kl_divergence: computing over 40 chunks, n_ctx=512, batch_size=2048, n_seq=4
0.03.371.122 I kl_divergence: 0.85 seconds per pass - ETA 0.13 minutes

chunk             PPL               ln(PPL(Q)/PPL(base))          KL Divergence              Δp RMS            Same top p
   1       4.5359 ±    0.6648       0.06144 ±    0.01878       0.05606 ±    0.00974     8.919 ±  1.580 %    92.549 ±  1.648 %
   2       6.5302 ±    0.7863       0.03446 ±    0.01759       0.05897 ±    0.00587     8.382 ±  0.974 %    89.804 ±  1.341 %
   3       5.7756 ±    0.5438       0.03857 ±    0.01716       0.08260 ±    0.00724    10.074 ±  0.855 %    88.105 ±  1.171 %
   4       5.7848 ±    0.4539       0.03128 ±    0.01467       0.07997 ±    0.00601     9.941 ±  0.785 %    88.137 ±  1.013 %
   5       5.8567 ±    0.4001       0.03720 ±    0.01290       0.07761 ±    0.00500     9.407 ±  0.675 %    88.235 ±  0.903 %
   6       6.2195 ±    0.3892       0.04153 ±    0.01132       0.07655 ±    0.00429     9.085 ±  0.593 %    88.039 ±  0.830 %
   7       6.4095 ±    0.3717       0.04710 ±    0.01074       0.07693 ±    0.00383     8.798 ±  0.530 %    87.507 ±  0.783 %
   8       6.8366 ±    0.3790       0.04396 ±    0.00966       0.07312 ±    0.00340     8.396 ±  0.487 %    87.598 ±  0.730 %
   9       7.2375 ±    0.3807       0.04157 ±    0.00892       0.07153 ±    0.00310     8.150 ±  0.451 %    87.407 ±  0.693 %
  10       7.5917 ±    0.3783       0.03878 ±    0.00831       0.06870 ±    0.00282     7.858 ±  0.422 %    87.490 ±  0.655 %
  11       7.5044 ±    0.3531       0.04265 ±    0.00798       0.06702 ±    0.00263     7.631 ±  0.396 %    87.986 ±  0.614 %
  12       7.5917 ±    0.3439       0.04154 ±    0.00782       0.06864 ±    0.00273     7.808 ±  0.396 %    88.366 ±  0.580 %
  13       8.0857 ±    0.3601       0.04676 ±    0.00750       0.06817 ±    0.00259     7.694 ±  0.379 %    88.446 ±  0.555 %
  14       7.6573 ±    0.3257       0.04721 ±    0.00714       0.06779 ±    0.00248     7.776 ±  0.359 %    88.571 ±  0.533 %
  15       7.5968 ±    0.3118       0.04472 ±    0.00680       0.06788 ±    0.00252     7.642 ±  0.342 %    88.601 ±  0.514 %
  16       7.8128 ±    0.3176       0.03926 ±    0.00700       0.07185 ±    0.00284     7.754 ±  0.330 %    88.505 ±  0.499 %
  17       7.3346 ±    0.2855       0.03575 ±    0.00671       0.07043 ±    0.00272     7.676 ±  0.316 %    88.743 ±  0.480 %
  18       7.3658 ±    0.2780       0.03740 ±    0.00650       0.06981 ±    0.00260     7.567 ±  0.303 %    88.867 ±  0.464 %
  19       7.2929 ±    0.2676       0.03659 ±    0.00635       0.07157 ±    0.00271     7.759 ±  0.313 %    88.793 ±  0.453 %
  20       7.2431 ±    0.2579       0.03783 ±    0.00625       0.07233 ±    0.00261     7.786 ±  0.302 %    88.824 ±  0.441 %
  21       6.9991 ±    0.2420       0.03755 ±    0.00607       0.07148 ±    0.00251     7.784 ±  0.294 %    88.982 ±  0.428 %
  22       6.8939 ±    0.2323       0.03827 ±    0.00590       0.07152 ±    0.00243     7.819 ±  0.285 %    89.055 ±  0.417 %
  23       6.6453 ±    0.2173       0.03648 ±    0.00570       0.07066 ±    0.00234     7.786 ±  0.276 %    89.207 ±  0.405 %
  24       6.3577 ±    0.2016       0.03484 ±    0.00562       0.07185 ±    0.00248     8.011 ±  0.289 %    89.248 ±  0.396 %
  25       6.2456 ±    0.1939       0.03355 ±    0.00553       0.07225 ±    0.00241     8.081 ±  0.278 %    89.302 ±  0.387 %
  26       6.0966 ±    0.1840       0.03475 ±    0.00540       0.07239 ±    0.00236     8.145 ±  0.274 %    89.427 ±  0.378 %
  27       6.0076 ±    0.1774       0.03002 ±    0.00544       0.07488 ±    0.00304     8.288 ±  0.279 %    89.412 ±  0.371 %
  28       5.9095 ±    0.1704       0.03014 ±    0.00531       0.07441 ±    0.00294     8.241 ±  0.272 %    89.468 ±  0.363 %
  29       5.8924 ±    0.1668       0.02972 ±    0.00517       0.07358 ±    0.00285     8.173 ±  0.265 %    89.574 ±  0.355 %
  30       5.8568 ±    0.1623       0.03113 ±    0.00507       0.07321 ±    0.00276     8.173 ±  0.258 %    89.516 ±  0.350 %
  31       5.8187 ±    0.1580       0.03263 ±    0.00498       0.07283 ±    0.00268     8.140 ±  0.252 %    89.475 ±  0.345 %
  32       5.8177 ±    0.1558       0.03194 ±    0.00487       0.07240 ±    0.00260     8.098 ±  0.247 %    89.485 ±  0.340 %
  33       5.8057 ±    0.1532       0.03243 ±    0.00482       0.07307 ±    0.00255     8.161 ±  0.241 %    89.364 ±  0.336 %
  34       5.8551 ±    0.1527       0.03176 ±    0.00476       0.07291 ±    0.00248     8.150 ±  0.237 %    89.296 ±  0.332 %
  35       5.9409 ±    0.1530       0.03304 ±    0.00471       0.07365 ±    0.00244     8.233 ±  0.236 %    89.244 ±  0.328 %
  36       6.0891 ±    0.1553       0.03409 ±    0.00466       0.07405 ±    0.00238     8.186 ±  0.231 %    89.118 ±  0.325 %
  37       6.1817 ±    0.1554       0.03358 ±    0.00461       0.07386 ±    0.00233     8.162 ±  0.227 %    89.020 ±  0.322 %
  38       6.1527 ±    0.1523       0.03297 ±    0.00453       0.07314 ±    0.00227     8.118 ±  0.223 %    89.020 ±  0.318 %
  39       6.1770 ±    0.1513       0.03229 ±    0.00445       0.07297 ±    0.00222     8.104 ±  0.218 %    88.989 ±  0.314 %
  40       6.2127 ±    0.1512       0.03121 ±    0.00444       0.07388 ±    0.00251     8.089 ±  0.214 %    88.990 ±  0.310 %

====== Perplexity statistics ======
Mean PPL(Q)                   :   6.212703 ±   0.151155
Mean PPL(base)                :   6.021818 ±   0.145019
Cor(ln(PPL(Q)), ln(PPL(base))):  98.32%
Mean ln(PPL(Q)/PPL(base))     :   0.031207 ±   0.004440
Mean PPL(Q)/PPL(base)         :   1.031699 ±   0.004581
Mean PPL(Q)-PPL(base)         :   0.190884 ±   0.027800

====== KL divergence statistics ======
Mean    KLD:   0.073879 ±   0.002508
Maximum KLD:  13.582811
99.9%   KLD:   2.591326
99.0%   KLD:   0.732887
95.0%   KLD:   0.255959
90.0%   KLD:   0.155550
Median  KLD:   0.028267
10.0%   KLD:   0.000594
 5.0%   KLD:   0.000185
 1.0%   KLD:   0.000026
 0.1%   KLD:   0.000003
Minimum KLD:   0.000000

====== Token probability statistics ======
Mean    Δp: -0.653 ± 0.080 %
Maximum Δp: 99.687%
99.9%   Δp: 45.822%
99.0%   Δp: 20.918%
95.0%   Δp:  8.915%
90.0%   Δp:  5.008%
75.0%   Δp:  0.889%
Median  Δp: -0.014%
25.0%   Δp: -1.602%
10.0%   Δp: -6.606%
 5.0%   Δp: -12.113%
 1.0%   Δp: -29.915%
 0.1%   Δp: -68.874%
Minimum Δp: -97.361%
RMS Δp    :  8.089 ± 0.214 %
Same top p: 88.990 ± 0.310 %

