0.00.662.989 W model has unused tensor blk.64.attn_norm.weight (size = 20480 bytes) -- ignoring
0.00.662.995 W model has unused tensor blk.64.post_attention_norm.weight (size = 20480 bytes) -- ignoring
0.00.662.999 W model has unused tensor blk.64.attn_q.weight (size = 43253760 bytes) -- ignoring
0.00.663.001 W model has unused tensor blk.64.attn_k.weight (size = 3604480 bytes) -- ignoring
0.00.663.003 W model has unused tensor blk.64.attn_v.weight (size = 3604480 bytes) -- ignoring
0.00.663.010 W model has unused tensor blk.64.attn_output.weight (size = 21626880 bytes) -- ignoring
0.00.663.012 W model has unused tensor blk.64.attn_q_norm.weight (size = 1024 bytes) -- ignoring
0.00.663.014 W model has unused tensor blk.64.attn_k_norm.weight (size = 1024 bytes) -- ignoring
0.00.663.016 W model has unused tensor blk.64.ffn_gate.weight (size = 61276160 bytes) -- ignoring
0.00.663.018 W model has unused tensor blk.64.ffn_down.weight (size = 61276160 bytes) -- ignoring
0.00.663.020 W model has unused tensor blk.64.ffn_up.weight (size = 61276160 bytes) -- ignoring
0.00.663.023 W model has unused tensor blk.64.nextn.eh_proj.weight (size = 36044800 bytes) -- ignoring
0.00.663.025 W model has unused tensor blk.64.nextn.enorm.weight (size = 20480 bytes) -- ignoring
0.00.663.027 W model has unused tensor blk.64.nextn.hnorm.weight (size = 20480 bytes) -- ignoring
0.00.663.033 W model has unused tensor blk.64.nextn.shared_head_norm.weight (size = 20480 bytes) -- ignoring
0.04.459.675 I 
0.04.459.764 I system_info: n_threads = 16 (n_threads_batch = 16) / 32 | CUDA : ARCHS = 1200 | USE_GRAPHS = 1 | BLACKWELL_NATIVE_FP4 = 1 | CPU : SSE3 = 1 | SSSE3 = 1 | AVX = 1 | AVX_VNNI = 1 | AVX2 = 1 | F16C = 1 | FMA = 1 | BMI2 = 1 | AVX512 = 1 | AVX512_VBMI = 1 | AVX512_VNNI = 1 | AVX512_BF16 = 1 | LLAMAFILE = 1 | OPENMP = 1 | REPACK = 1 | 
0.04.489.227 I kl_divergence: computing over 40 chunks, n_ctx=512, batch_size=2048, n_seq=4
0.05.605.360 I kl_divergence: 1.12 seconds per pass - ETA 0.18 minutes

chunk             PPL               ln(PPL(Q)/PPL(base))          KL Divergence              Δp RMS            Same top p
   1       4.6761 ±    0.6874       0.09187 ±    0.02364       0.07189 ±    0.01302    10.480 ±  1.867 %    90.980 ±  1.797 %
   2       6.7627 ±    0.8208       0.06944 ±    0.01964       0.07435 ±    0.00830     9.476 ±  1.246 %    87.647 ±  1.458 %
   3       5.9814 ±    0.5656       0.07359 ±    0.01817       0.09798 ±    0.00923    11.138 ±  1.012 %    86.928 ±  1.220 %
   4       5.9651 ±    0.4698       0.06197 ±    0.01548       0.09207 ±    0.00741    10.646 ±  0.879 %    87.353 ±  1.041 %
   5       6.0008 ±    0.4104       0.06152 ±    0.01337       0.08723 ±    0.00605    10.018 ±  0.754 %    87.608 ±  0.923 %
   6       6.3378 ±    0.3961       0.06036 ±    0.01190       0.08634 ±    0.00520     9.609 ±  0.661 %    87.582 ±  0.843 %
   7       6.5314 ±    0.3783       0.06593 ±    0.01135       0.08706 ±    0.00467     9.251 ±  0.591 %    87.115 ±  0.793 %
   8       6.9631 ±    0.3859       0.06230 ±    0.01017       0.08258 ±    0.00412     8.842 ±  0.543 %    87.206 ±  0.740 %
   9       7.3693 ±    0.3876       0.05961 ±    0.00940       0.08070 ±    0.00377     8.606 ±  0.505 %    86.972 ±  0.703 %
  10       7.7252 ±    0.3850       0.05621 ±    0.00872       0.07734 ±    0.00343     8.297 ±  0.472 %    87.137 ±  0.663 %
  11       7.6220 ±    0.3586       0.05821 ±    0.00828       0.07535 ±    0.00316     8.075 ±  0.444 %    87.594 ±  0.623 %
  12       7.7055 ±    0.3491       0.05642 ±    0.00814       0.07702 ±    0.00317     8.268 ±  0.434 %    87.876 ±  0.590 %
  13       8.2250 ±    0.3666       0.06384 ±    0.00792       0.07694 ±    0.00300     8.172 ±  0.416 %    87.903 ±  0.566 %
  14       7.7922 ±    0.3318       0.06466 ±    0.00757       0.07736 ±    0.00293     8.340 ±  0.396 %    88.039 ±  0.543 %
  15       7.7295 ±    0.3176       0.06203 ±    0.00719       0.07747 ±    0.00294     8.225 ±  0.376 %    88.000 ±  0.526 %
  16       8.0399 ±    0.3310       0.06791 ±    0.00859       0.08700 ±    0.00538     8.276 ±  0.362 %    87.966 ±  0.509 %
  17       7.5406 ±    0.2972       0.06345 ±    0.00819       0.08472 ±    0.00509     8.215 ±  0.346 %    88.235 ±  0.489 %
  18       7.5651 ±    0.2889       0.06410 ±    0.00786       0.08358 ±    0.00482     8.108 ±  0.332 %    88.366 ±  0.473 %
  19       7.4870 ±    0.2778       0.06287 ±    0.00761       0.08416 ±    0.00464     8.126 ±  0.318 %    88.235 ±  0.463 %
  20       7.4272 ±    0.2673       0.06293 ±    0.00742       0.08451 ±    0.00443     8.157 ±  0.307 %    88.235 ±  0.451 %
  21       7.1713 ±    0.2505       0.06186 ±    0.00715       0.08328 ±    0.00424     8.139 ±  0.301 %    88.385 ±  0.438 %
  22       7.0575 ±    0.2403       0.06173 ±    0.00695       0.08282 ±    0.00407     8.131 ±  0.290 %    88.360 ±  0.428 %
  23       6.8068 ±    0.2250       0.06049 ±    0.00672       0.08193 ±    0.00393     8.164 ±  0.290 %    88.457 ±  0.417 %
  24       6.5061 ±    0.2085       0.05792 ±    0.00650       0.08164 ±    0.00381     8.295 ±  0.289 %    88.627 ±  0.406 %
  25       6.3967 ±    0.2008       0.05746 ±    0.00637       0.08242 ±    0.00369     8.429 ±  0.280 %    88.659 ±  0.397 %
  26       6.2399 ±    0.1904       0.05797 ±    0.00620       0.08216 ±    0.00357     8.441 ±  0.273 %    88.703 ±  0.389 %
  27       6.1532 ±    0.1839       0.05397 ±    0.00615       0.08251 ±    0.00347     8.489 ±  0.267 %    88.758 ±  0.381 %
  28       6.0514 ±    0.1765       0.05386 ±    0.00601       0.08217 ±    0.00336     8.458 ±  0.260 %    88.824 ±  0.373 %
  29       6.0315 ±    0.1727       0.05305 ±    0.00586       0.08152 ±    0.00326     8.439 ±  0.258 %    88.871 ±  0.366 %
  30       5.9916 ±    0.1679       0.05390 ±    0.00575       0.08147 ±    0.00317     8.475 ±  0.256 %    88.824 ±  0.360 %
  31       5.9494 ±    0.1634       0.05484 ±    0.00562       0.08102 ±    0.00308     8.458 ±  0.249 %    88.805 ±  0.355 %
  32       5.9494 ±    0.1611       0.05432 ±    0.00550       0.08085 ±    0.00299     8.461 ±  0.246 %    88.775 ±  0.349 %
  33       5.9449 ±    0.1587       0.05612 ±    0.00547       0.08168 ±    0.00294     8.526 ±  0.243 %    88.627 ±  0.346 %
  34       5.9962 ±    0.1582       0.05557 ±    0.00540       0.08176 ±    0.00287     8.525 ±  0.239 %    88.547 ±  0.342 %
  35       6.0816 ±    0.1585       0.05643 ±    0.00534       0.08248 ±    0.00281     8.584 ±  0.237 %    88.448 ±  0.338 %
  36       6.2293 ±    0.1606       0.05686 ±    0.00526       0.08298 ±    0.00274     8.536 ±  0.232 %    88.290 ±  0.336 %
  37       6.3254 ±    0.1608       0.05657 ±    0.00520       0.08290 ±    0.00268     8.522 ±  0.228 %    88.182 ±  0.332 %
  38       6.2929 ±    0.1574       0.05549 ±    0.00510       0.08212 ±    0.00261     8.478 ±  0.224 %    88.163 ±  0.328 %
  39       6.3145 ±    0.1563       0.05431 ±    0.00502       0.08261 ±    0.00268     8.507 ±  0.225 %    88.115 ±  0.325 %
  40       6.3520 ±    0.1562       0.05338 ±    0.00497       0.08319 ±    0.00286     8.469 ±  0.221 %    88.118 ±  0.320 %

====== Perplexity statistics ======
Mean PPL(Q)                   :   6.351977 ±   0.156176
Mean PPL(base)                :   6.021818 ±   0.145019
Cor(ln(PPL(Q)), ln(PPL(base))):  97.93%
Mean ln(PPL(Q)/PPL(base))     :   0.053377 ±   0.004974
Mean PPL(Q)/PPL(base)         :   1.054827 ±   0.005247
Mean PPL(Q)-PPL(base)         :   0.330159 ±   0.032577

====== KL divergence statistics ======
Mean    KLD:   0.083186 ±   0.002859
Maximum KLD:  15.699732
99.9%   KLD:   2.423413
99.0%   KLD:   0.850686
95.0%   KLD:   0.283130
90.0%   KLD:   0.171293
Median  KLD:   0.032674
10.0%   KLD:   0.000672
 5.0%   KLD:   0.000207
 1.0%   KLD:   0.000032
 0.1%   KLD:   0.000006
Minimum KLD:   0.000002

====== Token probability statistics ======
Mean    Δp: -0.945 ± 0.083 %
Maximum Δp: 98.816%
99.9%   Δp: 48.908%
99.0%   Δp: 20.169%
95.0%   Δp:  8.987%
90.0%   Δp:  4.913%
75.0%   Δp:  0.816%
Median  Δp: -0.034%
25.0%   Δp: -1.865%
10.0%   Δp: -7.433%
 5.0%   Δp: -13.363%
 1.0%   Δp: -30.871%
 0.1%   Δp: -76.172%
Minimum Δp: -95.175%
RMS Δp    :  8.469 ± 0.221 %
Same top p: 88.118 ± 0.320 %

