0.00.689.966 W model has unused tensor blk.64.attn_norm.weight (size = 20480 bytes) -- ignoring
0.00.689.971 W model has unused tensor blk.64.post_attention_norm.weight (size = 20480 bytes) -- ignoring
0.00.689.975 W model has unused tensor blk.64.attn_q.weight (size = 20643840 bytes) -- ignoring
0.00.689.978 W model has unused tensor blk.64.attn_k.weight (size = 1720320 bytes) -- ignoring
0.00.689.980 W model has unused tensor blk.64.attn_v.weight (size = 2949120 bytes) -- ignoring
0.00.689.987 W model has unused tensor blk.64.attn_output.weight (size = 13516800 bytes) -- ignoring
0.00.689.989 W model has unused tensor blk.64.attn_q_norm.weight (size = 1024 bytes) -- ignoring
0.00.689.991 W model has unused tensor blk.64.attn_k_norm.weight (size = 1024 bytes) -- ignoring
0.00.689.993 W model has unused tensor blk.64.ffn_gate.weight (size = 29245440 bytes) -- ignoring
0.00.689.995 W model has unused tensor blk.64.ffn_down.weight (size = 38297600 bytes) -- ignoring
0.00.689.997 W model has unused tensor blk.64.ffn_up.weight (size = 29245440 bytes) -- ignoring
0.00.690.000 W model has unused tensor blk.64.nextn.eh_proj.weight (size = 17203200 bytes) -- ignoring
0.00.690.003 W model has unused tensor blk.64.nextn.enorm.weight (size = 20480 bytes) -- ignoring
0.00.690.005 W model has unused tensor blk.64.nextn.hnorm.weight (size = 20480 bytes) -- ignoring
0.00.690.011 W model has unused tensor blk.64.nextn.shared_head_norm.weight (size = 20480 bytes) -- ignoring
0.03.438.580 I 
0.03.438.665 I system_info: n_threads = 16 (n_threads_batch = 16) / 32 | CUDA : ARCHS = 1200 | USE_GRAPHS = 1 | BLACKWELL_NATIVE_FP4 = 1 | CPU : SSE3 = 1 | SSSE3 = 1 | AVX = 1 | AVX_VNNI = 1 | AVX2 = 1 | F16C = 1 | FMA = 1 | BMI2 = 1 | AVX512 = 1 | AVX512_VBMI = 1 | AVX512_VNNI = 1 | AVX512_BF16 = 1 | LLAMAFILE = 1 | OPENMP = 1 | REPACK = 1 | 
0.03.459.244 I kl_divergence: computing over 40 chunks, n_ctx=512, batch_size=2048, n_seq=4
0.04.426.113 I kl_divergence: 0.97 seconds per pass - ETA 0.15 minutes

chunk             PPL               ln(PPL(Q)/PPL(base))          KL Divergence              Δp RMS            Same top p
   1       5.1732 ±    0.7920       0.19290 ±    0.04872       0.17643 ±    0.03544    13.011 ±  2.062 %    82.353 ±  2.392 %
   2       7.5226 ±    0.9471       0.17592 ±    0.03236       0.16498 ±    0.02023    11.799 ±  1.355 %    82.353 ±  1.690 %
   3       6.5856 ±    0.6480       0.16981 ±    0.02836       0.18948 ±    0.01659    13.899 ±  1.062 %    81.961 ±  1.391 %
   4       6.4221 ±    0.5200       0.13579 ±    0.02309       0.17504 ±    0.01286    13.198 ±  0.881 %    82.451 ±  1.192 %
   5       6.4595 ±    0.4562       0.13517 ±    0.02035       0.17306 ±    0.01093    12.945 ±  0.785 %    83.059 ±  1.051 %
   6       6.7806 ±    0.4373       0.12790 ±    0.01815       0.16990 ±    0.00944    12.560 ±  0.697 %    83.007 ±  0.960 %
   7       6.9166 ±    0.4090       0.12323 ±    0.01655       0.16674 ±    0.00863    12.261 ±  0.648 %    82.521 ±  0.899 %
   8       7.3791 ±    0.4185       0.12032 ±    0.01505       0.15781 ±    0.00764    11.913 ±  0.601 %    82.745 ±  0.837 %
   9       7.8409 ±    0.4229       0.12164 ±    0.01378       0.15087 ±    0.00689    11.441 ±  0.559 %    82.614 ±  0.791 %
  10       8.2307 ±    0.4217       0.11960 ±    0.01289       0.14370 ±    0.00625    11.023 ±  0.524 %    82.392 ±  0.754 %
  11       8.1552 ±    0.3951       0.12581 ±    0.01222       0.14551 ±    0.00608    11.299 ±  0.527 %    82.781 ±  0.713 %
  12       8.2153 ±    0.3818       0.12049 ±    0.01163       0.14583 ±    0.00577    11.346 ±  0.503 %    83.203 ±  0.676 %
  13       8.6688 ±    0.3929       0.11639 ±    0.01111       0.14361 ±    0.00539    11.237 ±  0.477 %    83.348 ±  0.647 %
  14       8.2439 ±    0.3578       0.12101 ±    0.01092       0.14368 ±    0.00531    11.421 ±  0.460 %    83.529 ±  0.621 %
  15       8.2263 ±    0.3454       0.12433 ±    0.01061       0.14397 ±    0.00540    11.374 ±  0.450 %    83.660 ±  0.598 %
  16       8.5671 ±    0.3573       0.13142 ±    0.01105       0.16334 ±    0.00859    11.764 ±  0.452 %    83.407 ±  0.582 %
  17       8.0686 ±    0.3229       0.13112 ±    0.01055       0.15904 ±    0.00812    11.682 ±  0.433 %    83.645 ±  0.562 %
  18       8.0564 ±    0.3123       0.12702 ±    0.01012       0.15682 ±    0.00772    11.603 ±  0.419 %    83.747 ±  0.545 %
  19       7.9805 ±    0.3009       0.12670 ±    0.00982       0.15674 ±    0.00740    11.645 ±  0.404 %    83.633 ±  0.532 %
  20       7.8909 ±    0.2883       0.12349 ±    0.00955       0.15728 ±    0.00708    11.624 ±  0.390 %    83.569 ±  0.519 %
  21       7.6085 ±    0.2701       0.12103 ±    0.00918       0.15471 ±    0.00677    11.564 ±  0.378 %    83.922 ±  0.502 %
  22       7.4879 ±    0.2592       0.12092 ±    0.00895       0.15421 ±    0.00650    11.680 ±  0.368 %    84.082 ±  0.488 %
  23       7.1926 ±    0.2415       0.11563 ±    0.00869       0.15236 ±    0.00626    11.667 ±  0.360 %    84.228 ±  0.476 %
  24       6.8632 ±    0.2234       0.11136 ±    0.00840       0.15167 ±    0.00614    11.652 ±  0.350 %    84.510 ±  0.463 %
  25       6.7623 ±    0.2161       0.11303 ±    0.00825       0.15289 ±    0.00598    11.792 ±  0.341 %    84.486 ±  0.453 %
  26       6.5947 ±    0.2048       0.11328 ±    0.00806       0.15341 ±    0.00583    11.836 ±  0.333 %    84.495 ±  0.445 %
  27       6.5182 ±    0.1985       0.11160 ±    0.00803       0.15613 ±    0.00580    11.959 ±  0.330 %    84.328 ±  0.438 %
  28       6.4139 ±    0.1908       0.11204 ±    0.00783       0.15422 ±    0.00560    11.857 ±  0.322 %    84.468 ±  0.429 %
  29       6.3868 ±    0.1864       0.11030 ±    0.00765       0.15262 ±    0.00543    11.800 ±  0.316 %    84.517 ±  0.421 %
  30       6.3391 ±    0.1811       0.11026 ±    0.00749       0.15184 ±    0.00526    11.774 ±  0.309 %    84.601 ±  0.413 %
  31       6.2962 ±    0.1763       0.11151 ±    0.00736       0.15066 ±    0.00511    11.736 ±  0.302 %    84.655 ±  0.405 %
  32       6.3031 ±    0.1740       0.11208 ±    0.00731       0.15174 ±    0.00507    11.822 ±  0.301 %    84.632 ±  0.399 %
  33       6.2916 ±    0.1711       0.11279 ±    0.00718       0.15196 ±    0.00495    11.854 ±  0.296 %    84.504 ±  0.395 %
  34       6.3349 ±    0.1701       0.11053 ±    0.00705       0.15119 ±    0.00482    11.812 ±  0.290 %    84.498 ±  0.389 %
  35       6.4261 ±    0.1704       0.11154 ±    0.00696       0.15235 ±    0.00475    11.845 ±  0.288 %    84.403 ±  0.384 %
  36       6.5865 ±    0.1729       0.11261 ±    0.00686       0.15295 ±    0.00464    11.752 ±  0.282 %    84.281 ±  0.380 %
  37       6.6863 ±    0.1730       0.11206 ±    0.00681       0.15293 ±    0.00455    11.658 ±  0.277 %    84.165 ±  0.376 %
  38       6.6689 ±    0.1700       0.11353 ±    0.00673       0.15315 ±    0.00452    11.667 ±  0.275 %    84.211 ±  0.370 %
  39       6.6766 ±    0.1682       0.11007 ±    0.00663       0.15254 ±    0.00442    11.659 ±  0.270 %    84.153 ±  0.366 %
  40       6.7136 ±    0.1679       0.10874 ±    0.00656       0.15331 ±    0.00470    11.625 ±  0.268 %    84.196 ±  0.361 %

====== Perplexity statistics ======
Mean PPL(Q)                   :   6.713565 ±   0.167927
Mean PPL(base)                :   6.021818 ±   0.145019
Cor(ln(PPL(Q)), ln(PPL(base))):  96.50%
Mean ln(PPL(Q)/PPL(base))     :   0.108741 ±   0.006561
Mean PPL(Q)/PPL(base)         :   1.114873 ±   0.007315
Mean PPL(Q)-PPL(base)         :   0.691747 ±   0.047223

====== KL divergence statistics ======
Mean    KLD:   0.153308 ±   0.004698
Maximum KLD:  20.451462
99.9%   KLD:   5.749537
99.0%   KLD:   1.590606
95.0%   KLD:   0.536311
90.0%   KLD:   0.310863
Median  KLD:   0.060438
10.0%   KLD:   0.001218
 5.0%   KLD:   0.000365
 1.0%   KLD:   0.000056
 0.1%   KLD:   0.000009
Minimum KLD:  -0.000015

====== Token probability statistics ======
Mean    Δp: -1.512 ± 0.114 %
Maximum Δp: 99.151%
99.9%   Δp: 60.712%
99.0%   Δp: 26.442%
95.0%   Δp: 11.465%
90.0%   Δp:  6.655%
75.0%   Δp:  1.031%
Median  Δp: -0.038%
25.0%   Δp: -2.595%
10.0%   Δp: -10.354%
 5.0%   Δp: -18.272%
 1.0%   Δp: -47.859%
 0.1%   Δp: -92.248%
Minimum Δp: -99.686%
RMS Δp    : 11.625 ± 0.268 %
Same top p: 84.196 ± 0.361 %

