0.01.014.471 W model has unused tensor blk.64.attn_norm.weight (size = 20480 bytes) -- ignoring
0.01.014.477 W model has unused tensor blk.64.post_attention_norm.weight (size = 20480 bytes) -- ignoring
0.01.014.481 W model has unused tensor blk.64.attn_q.weight (size = 43253760 bytes) -- ignoring
0.01.014.483 W model has unused tensor blk.64.attn_k.weight (size = 3604480 bytes) -- ignoring
0.01.014.485 W model has unused tensor blk.64.attn_v.weight (size = 3604480 bytes) -- ignoring
0.01.014.492 W model has unused tensor blk.64.attn_output.weight (size = 21626880 bytes) -- ignoring
0.01.014.494 W model has unused tensor blk.64.attn_q_norm.weight (size = 1024 bytes) -- ignoring
0.01.014.496 W model has unused tensor blk.64.attn_k_norm.weight (size = 1024 bytes) -- ignoring
0.01.014.498 W model has unused tensor blk.64.ffn_gate.weight (size = 61276160 bytes) -- ignoring
0.01.014.500 W model has unused tensor blk.64.ffn_down.weight (size = 61276160 bytes) -- ignoring
0.01.014.502 W model has unused tensor blk.64.ffn_up.weight (size = 61276160 bytes) -- ignoring
0.01.014.505 W model has unused tensor blk.64.nextn.eh_proj.weight (size = 36044800 bytes) -- ignoring
0.01.014.507 W model has unused tensor blk.64.nextn.enorm.weight (size = 20480 bytes) -- ignoring
0.01.014.509 W model has unused tensor blk.64.nextn.hnorm.weight (size = 20480 bytes) -- ignoring
0.01.014.516 W model has unused tensor blk.64.nextn.shared_head_norm.weight (size = 20480 bytes) -- ignoring
0.02.282.161 I 
0.02.282.250 I system_info: n_threads = 16 (n_threads_batch = 16) / 32 | CUDA : ARCHS = 1200 | USE_GRAPHS = 1 | BLACKWELL_NATIVE_FP4 = 1 | CPU : SSE3 = 1 | SSSE3 = 1 | AVX = 1 | AVX_VNNI = 1 | AVX2 = 1 | F16C = 1 | FMA = 1 | BMI2 = 1 | AVX512 = 1 | AVX512_VBMI = 1 | AVX512_VNNI = 1 | AVX512_BF16 = 1 | LLAMAFILE = 1 | OPENMP = 1 | REPACK = 1 | 
0.02.300.944 I kl_divergence: computing over 40 chunks, n_ctx=512, batch_size=2048, n_seq=4
0.03.272.219 I kl_divergence: 0.97 seconds per pass - ETA 0.15 minutes

chunk             PPL               ln(PPL(Q)/PPL(base))          KL Divergence              Δp RMS            Same top p
   1       4.5133 ±    0.6520       0.05644 ±    0.02442       0.07728 ±    0.01583    10.641 ±  1.866 %    89.412 ±  1.931 %
   2       6.5738 ±    0.7923       0.04111 ±    0.01995       0.07759 ±    0.00947     9.331 ±  1.161 %    88.431 ±  1.418 %
   3       5.9158 ±    0.5604       0.06256 ±    0.01983       0.10503 ±    0.01010    11.082 ±  0.859 %    87.320 ±  1.204 %
   4       5.9343 ±    0.4705       0.05679 ±    0.01628       0.09755 ±    0.00815    10.695 ±  0.771 %    87.647 ±  1.031 %
   5       5.9652 ±    0.4120       0.05556 ±    0.01408       0.09170 ±    0.00667     9.983 ±  0.669 %    87.922 ±  0.913 %
   6       6.2986 ±    0.3972       0.05416 ±    0.01225       0.08919 ±    0.00565     9.526 ±  0.589 %    87.778 ±  0.838 %
   7       6.4669 ±    0.3767       0.05601 ±    0.01137       0.08870 ±    0.00507     9.406 ±  0.548 %    87.283 ±  0.789 %
   8       6.8896 ±    0.3832       0.05168 ±    0.01024       0.08368 ±    0.00447     8.967 ±  0.505 %    87.500 ±  0.732 %
   9       7.3053 ±    0.3855       0.05089 ±    0.00935       0.08014 ±    0.00402     8.669 ±  0.468 %    87.538 ±  0.690 %
  10       7.6477 ±    0.3818       0.04613 ±    0.00867       0.07631 ±    0.00364     8.344 ±  0.438 %    87.490 ±  0.655 %
  11       7.5344 ±    0.3546       0.04665 ±    0.00812       0.07521 ±    0.00344     8.364 ±  0.434 %    87.629 ±  0.622 %
  12       7.6330 ±    0.3463       0.04697 ±    0.00800       0.07749 ±    0.00363     8.570 ±  0.439 %    87.974 ±  0.588 %
  13       8.0844 ±    0.3597       0.04660 ±    0.00780       0.07711 ±    0.00345     8.451 ±  0.421 %    87.934 ±  0.566 %
  14       7.6468 ±    0.3251       0.04583 ±    0.00746       0.07655 ±    0.00327     8.521 ±  0.398 %    88.179 ±  0.540 %
  15       7.5811 ±    0.3111       0.04265 ±    0.00719       0.07577 ±    0.00311     8.428 ±  0.380 %    88.340 ±  0.519 %
  16       7.8047 ±    0.3172       0.03821 ±    0.00748       0.08861 ±    0.00649     8.567 ±  0.376 %    88.260 ±  0.504 %
  17       7.3370 ±    0.2857       0.03608 ±    0.00711       0.08646 ±    0.00617     8.472 ±  0.361 %    88.604 ±  0.483 %
  18       7.3639 ±    0.2780       0.03715 ±    0.00687       0.08521 ±    0.00584     8.358 ±  0.347 %    88.911 ±  0.464 %
  19       7.2966 ±    0.2678       0.03711 ±    0.00664       0.08566 ±    0.00560     8.383 ±  0.335 %    88.648 ±  0.456 %
  20       7.2330 ±    0.2572       0.03643 ±    0.00654       0.08630 ±    0.00536     8.372 ±  0.326 %    88.647 ±  0.444 %
  21       6.9866 ±    0.2413       0.03577 ±    0.00633       0.08500 ±    0.00512     8.378 ±  0.319 %    88.908 ±  0.429 %
  22       6.8858 ±    0.2317       0.03710 ±    0.00616       0.08428 ±    0.00490     8.423 ±  0.309 %    88.930 ±  0.419 %
  23       6.6403 ±    0.2168       0.03573 ±    0.00604       0.08359 ±    0.00472     8.439 ±  0.299 %    88.968 ±  0.409 %
  24       6.3687 ±    0.2017       0.03658 ±    0.00597       0.08378 ±    0.00466     8.581 ±  0.304 %    89.118 ±  0.398 %
  25       6.2598 ±    0.1941       0.03582 ±    0.00588       0.08440 ±    0.00451     8.734 ±  0.299 %    89.020 ±  0.392 %
  26       6.1074 ±    0.1842       0.03651 ±    0.00574       0.08377 ±    0.00434     8.732 ±  0.289 %    89.065 ±  0.383 %
  27       6.0160 ±    0.1775       0.03142 ±    0.00576       0.08462 ±    0.00431     8.824 ±  0.289 %    88.991 ±  0.377 %
  28       5.9166 ±    0.1704       0.03135 ±    0.00562       0.08377 ±    0.00416     8.774 ±  0.281 %    89.062 ±  0.369 %
  29       5.9020 ±    0.1669       0.03134 ±    0.00547       0.08302 ±    0.00403     8.717 ±  0.275 %    89.168 ±  0.361 %
  30       5.8636 ±    0.1623       0.03230 ±    0.00536       0.08245 ±    0.00390     8.686 ±  0.269 %    89.137 ±  0.356 %
  31       5.8250 ±    0.1581       0.03372 ±    0.00525       0.08200 ±    0.00378     8.677 ±  0.263 %    89.083 ±  0.351 %
  32       5.8319 ±    0.1560       0.03439 ±    0.00515       0.08192 ±    0.00368     8.702 ±  0.261 %    89.081 ±  0.345 %
  33       5.8154 ±    0.1531       0.03408 ±    0.00507       0.08209 ±    0.00358     8.748 ±  0.256 %    88.996 ±  0.341 %
  34       5.8678 ±    0.1528       0.03392 ±    0.00498       0.08164 ±    0.00348     8.722 ±  0.251 %    88.939 ±  0.337 %
  35       5.9517 ±    0.1531       0.03485 ±    0.00492       0.08195 ±    0.00341     8.767 ±  0.250 %    88.874 ±  0.333 %
  36       6.0952 ±    0.1552       0.03509 ±    0.00489       0.08215 ±    0.00332     8.733 ±  0.245 %    88.769 ±  0.330 %
  37       6.1948 ±    0.1556       0.03571 ±    0.00485       0.08203 ±    0.00324     8.680 ±  0.240 %    88.691 ±  0.326 %
  38       6.1677 ±    0.1525       0.03539 ±    0.00477       0.08163 ±    0.00320     8.632 ±  0.236 %    88.679 ±  0.322 %
  39       6.1817 ±    0.1511       0.03305 ±    0.00472       0.08210 ±    0.00324     8.669 ±  0.237 %    88.617 ±  0.318 %
  40       6.2208 ±    0.1510       0.03250 ±    0.00468       0.08311 ±    0.00352     8.666 ±  0.237 %    88.618 ±  0.314 %

====== Perplexity statistics ======
Mean PPL(Q)                   :   6.220769 ±   0.151033
Mean PPL(base)                :   6.021818 ±   0.145019
Cor(ln(PPL(Q)), ln(PPL(base))):  98.13%
Mean ln(PPL(Q)/PPL(base))     :   0.032504 ±   0.004682
Mean PPL(Q)/PPL(base)         :   1.033038 ±   0.004836
Mean PPL(Q)-PPL(base)         :   0.198951 ±   0.029254

====== KL divergence statistics ======
Mean    KLD:   0.083105 ±   0.003524
Maximum KLD:  16.842382
99.9%   KLD:   3.559548
99.0%   KLD:   0.869890
95.0%   KLD:   0.271600
90.0%   KLD:   0.163880
Median  KLD:   0.029298
10.0%   KLD:   0.000595
 5.0%   KLD:   0.000174
 1.0%   KLD:   0.000025
 0.1%   KLD:   0.000003
Minimum KLD:  -0.000007

====== Token probability statistics ======
Mean    Δp: -0.741 ± 0.085 %
Maximum Δp: 98.482%
99.9%   Δp: 56.780%
99.0%   Δp: 19.849%
95.0%   Δp:  9.238%
90.0%   Δp:  4.944%
75.0%   Δp:  0.907%
Median  Δp: -0.009%
25.0%   Δp: -1.550%
10.0%   Δp: -6.660%
 5.0%   Δp: -12.156%
 1.0%   Δp: -32.208%
 0.1%   Δp: -73.844%
Minimum Δp: -93.096%
RMS Δp    :  8.666 ± 0.237 %
Same top p: 88.618 ± 0.314 %

