blk.3.attn_q.weight whitened k=64 capW=98.30% amax_ratio=0.9654 p95=1.1572
blk.3.attn_q.weight whitened k=128 capW=98.62% amax_ratio=0.9461 p95=1.1777
blk.3.attn_q.weight whitened k=256 capW=98.94% amax_ratio=0.9154 p95=1.1966
blk.3.attn_q.weight raw k=64 capW=11.17% amax_ratio=0.9504 p95=1.1755
blk.3.attn_q.weight raw k=128 capW=16.17% amax_ratio=0.9262 p95=1.1936
blk.3.attn_q.weight raw k=256 capW=23.72% amax_ratio=0.8886 p95=1.2020
blk.31.attn_q.weight whitened k=64 capW=89.23% amax_ratio=0.9497 p95=1.1789
blk.31.attn_q.weight whitened k=128 capW=91.67% amax_ratio=0.9203 p95=1.2013
blk.31.attn_q.weight whitened k=256 capW=93.90% amax_ratio=0.8765 p95=1.2079
blk.31.attn_q.weight raw k=64 capW=15.99% amax_ratio=0.9270 p95=1.1848
blk.31.attn_q.weight raw k=128 capW=23.54% amax_ratio=0.8897 p95=1.1964
blk.31.attn_q.weight raw k=256 capW=33.50% amax_ratio=0.8363 p95=1.1876
blk.63.attn_q.weight whitened k=64 capW=90.14% amax_ratio=0.9612 p95=1.1728
blk.63.attn_q.weight whitened k=128 capW=92.43% amax_ratio=0.9353 p95=1.1952
blk.63.attn_q.weight whitened k=256 capW=94.50% amax_ratio=0.8954 p95=1.2077
blk.63.attn_q.weight raw k=64 capW=15.24% amax_ratio=0.9340 p95=1.1857
blk.63.attn_q.weight raw k=128 capW=22.55% amax_ratio=0.8952 p95=1.1916
blk.63.attn_q.weight raw k=256 capW=31.79% amax_ratio=0.8446 p95=1.1882
blk.0.attn_qkv.weight whitened k=64 capW=95.17% amax_ratio=0.9332 p95=1.1687
blk.0.attn_qkv.weight whitened k=128 capW=96.31% amax_ratio=0.9111 p95=1.1855
blk.0.attn_qkv.weight whitened k=256 capW=97.31% amax_ratio=0.8783 p95=1.1971
blk.0.attn_qkv.weight raw k=64 capW=22.24% amax_ratio=0.9048 p95=1.1615
blk.0.attn_qkv.weight raw k=128 capW=27.32% amax_ratio=0.8768 p95=1.1629
blk.0.attn_qkv.weight raw k=256 capW=34.02% amax_ratio=0.8374 p95=1.1618
blk.26.attn_qkv.weight whitened k=64 capW=72.47% amax_ratio=0.9689 p95=1.1424
blk.26.attn_qkv.weight whitened k=128 capW=78.60% amax_ratio=0.9469 p95=1.1711
blk.26.attn_qkv.weight whitened k=256 capW=84.21% amax_ratio=0.9114 p95=1.1952
blk.26.attn_qkv.weight raw k=64 capW=9.67% amax_ratio=0.9559 p95=1.1556
blk.26.attn_qkv.weight raw k=128 capW=15.71% amax_ratio=0.9260 p95=1.1772
blk.26.attn_qkv.weight raw k=256 capW=24.31% amax_ratio=0.8812 p95=1.1910
blk.58.attn_qkv.weight whitened k=64 capW=81.74% amax_ratio=0.9874 p95=1.1083
blk.58.attn_qkv.weight whitened k=128 capW=84.48% amax_ratio=0.9783 p95=1.1410
blk.58.attn_qkv.weight whitened k=256 capW=87.53% amax_ratio=0.9599 p95=1.1787
blk.58.attn_qkv.weight raw k=64 capW=5.72% amax_ratio=0.9786 p95=1.1232
blk.58.attn_qkv.weight raw k=128 capW=9.22% amax_ratio=0.9639 p95=1.1637
blk.58.attn_qkv.weight raw k=256 capW=15.27% amax_ratio=0.9362 p95=1.2001
blk.1.ffn_up.weight whitened k=64 capW=41.29% amax_ratio=0.9842 p95=1.1264
blk.1.ffn_up.weight whitened k=128 capW=53.80% amax_ratio=0.9689 p95=1.1632
blk.1.ffn_up.weight whitened k=256 capW=66.59% amax_ratio=0.9407 p95=1.1970
blk.1.ffn_up.weight raw k=64 capW=6.96% amax_ratio=0.9709 p95=1.1555
blk.1.ffn_up.weight raw k=128 capW=12.08% amax_ratio=0.9476 p95=1.1884
blk.1.ffn_up.weight raw k=256 capW=20.02% amax_ratio=0.9086 p95=1.2085
blk.30.ffn_up.weight whitened k=64 capW=41.53% amax_ratio=0.9843 p95=1.1294
blk.30.ffn_up.weight whitened k=128 capW=50.60% amax_ratio=0.9708 p95=1.1642
blk.30.ffn_up.weight whitened k=256 capW=60.65% amax_ratio=0.9465 p95=1.1974
blk.30.ffn_up.weight raw k=64 capW=5.72% amax_ratio=0.9756 p95=1.1514
blk.30.ffn_up.weight raw k=128 capW=9.75% amax_ratio=0.9573 p95=1.1836
blk.30.ffn_up.weight raw k=256 capW=16.14% amax_ratio=0.9264 p95=1.2087
blk.62.ffn_up.weight whitened k=64 capW=80.40% amax_ratio=0.9801 p95=1.1255
blk.62.ffn_up.weight whitened k=128 capW=83.71% amax_ratio=0.9696 p95=1.1536
blk.62.ffn_up.weight whitened k=256 capW=86.99% amax_ratio=0.9510 p95=1.1850
blk.62.ffn_up.weight raw k=64 capW=6.90% amax_ratio=0.9692 p95=1.1422
blk.62.ffn_up.weight raw k=128 capW=10.21% amax_ratio=0.9545 p95=1.1718
blk.62.ffn_up.weight raw k=256 capW=15.55% amax_ratio=0.9298 p95=1.2002
blk.2.ssm_out.weight whitened k=64 capW=64.16% amax_ratio=0.9877 p95=1.1165
blk.2.ssm_out.weight whitened k=128 capW=71.41% amax_ratio=0.9750 p95=1.1528
blk.2.ssm_out.weight whitened k=256 capW=79.64% amax_ratio=0.9498 p95=1.1882
blk.2.ssm_out.weight raw k=64 capW=8.78% amax_ratio=0.9703 p95=1.1348
blk.2.ssm_out.weight raw k=128 capW=13.36% amax_ratio=0.9494 p95=1.1677
blk.2.ssm_out.weight raw k=256 capW=20.67% amax_ratio=0.9137 p95=1.2016
blk.29.ssm_out.weight whitened k=64 capW=35.52% amax_ratio=0.9783 p95=1.1559
blk.29.ssm_out.weight whitened k=128 capW=45.88% amax_ratio=0.9562 p95=1.1905
blk.29.ssm_out.weight whitened k=256 capW=58.32% amax_ratio=0.9163 p95=1.2130
blk.29.ssm_out.weight raw k=64 capW=11.01% amax_ratio=0.9598 p95=1.1683
blk.29.ssm_out.weight raw k=128 capW=17.91% amax_ratio=0.9298 p95=1.1933
blk.29.ssm_out.weight raw k=256 capW=27.95% amax_ratio=0.8803 p95=1.2021
blk.61.ssm_out.weight whitened k=64 capW=62.53% amax_ratio=0.9876 p95=1.1039
blk.61.ssm_out.weight whitened k=128 capW=71.24% amax_ratio=0.9766 p95=1.1382
blk.61.ssm_out.weight whitened k=256 capW=80.00% amax_ratio=0.9550 p95=1.1755
blk.61.ssm_out.weight raw k=64 capW=10.59% amax_ratio=0.9565 p95=1.1789
blk.61.ssm_out.weight raw k=128 capW=14.79% amax_ratio=0.9371 p95=1.2012
blk.61.ssm_out.weight raw k=256 capW=21.91% amax_ratio=0.9018 p95=1.2132
