[kron] blk.0.ffn_up.weight (3584x1024) 25.8s
[kron] blk.0.ssm_out.weight (1024x2048) 27.3s
[kron] blk.1.attn_gate.weight (2048x1024) 20.0s
[kron] blk.1.ffn_gate.weight (3584x1024) 30.2s
[kron] blk.1.ffn_up.weight (3584x1024) 28.8s
[kron] blk.1.ssm_out.weight (1024x2048) 22.9s
[kron] blk.2.attn_gate.weight (2048x1024) 20.0s
[kron] blk.2.ffn_gate.weight (3584x1024) 34.6s
[kron] blk.2.ffn_up.weight (3584x1024) 30.4s
[kron] blk.2.ssm_out.weight (1024x2048) 24.2s
[kron] blk.3.attn_k.weight (512x1024) 1.9s
[kron] blk.3.attn_q.weight (4096x1024) 53.0s
[kron] blk.3.ffn_gate.weight (3584x1024) 31.1s
[kron] blk.3.ffn_up.weight (3584x1024) 22.1s
[kron] blk.4.attn_gate.weight (2048x1024) 18.5s
[kron] blk.4.ffn_gate.weight (3584x1024) 31.1s
[kron] blk.4.ffn_up.weight (3584x1024) 28.6s
[kron] blk.4.ssm_out.weight (1024x2048) 26.2s
[kron] blk.5.attn_gate.weight (2048x1024) 18.8s
[kron] blk.5.ffn_gate.weight (3584x1024) 29.4s
[kron] blk.5.ffn_up.weight (3584x1024) 26.8s
[kron] blk.5.ssm_out.weight (1024x2048) 24.5s
[kron] blk.6.attn_gate.weight (2048x1024) 19.8s
[kron] blk.6.ffn_gate.weight (3584x1024) 25.6s
[kron] blk.6.ffn_up.weight (3584x1024) 28.7s
[kron] blk.6.ssm_out.weight (1024x2048) 23.9s
[kron] blk.7.attn_k.weight (512x1024) 1.9s
[kron] blk.7.attn_q.weight (4096x1024) 47.3s
[kron] blk.7.ffn_gate.weight (3584x1024) 31.3s
[kron] blk.7.ffn_up.weight (3584x1024) 34.4s
[kron] blk.8.attn_gate.weight (2048x1024) 19.1s
[kron] blk.8.ffn_gate.weight (3584x1024) 32.0s
[kron] blk.8.ffn_up.weight (3584x1024) 25.7s
[kron] blk.8.ssm_out.weight (1024x2048) 23.2s
[kron] blk.9.attn_gate.weight (2048x1024) 16.1s
[kron] blk.9.ffn_gate.weight (3584x1024) 29.4s
[kron] blk.9.ffn_up.weight (3584x1024) 25.5s
[kron] blk.9.ssm_out.weight (1024x2048) 31.1s
[kron] blk.10.attn_gate.weight (2048x1024) 18.8s
[kron] blk.10.ffn_gate.weight (3584x1024) 31.2s
[kron] blk.10.ffn_up.weight (3584x1024) 32.9s
[kron] blk.10.ssm_out.weight (1024x2048) 25.7s
[kron] blk.11.attn_k.weight (512x1024) 1.9s
[kron] blk.11.attn_q.weight (4096x1024) 45.6s
[kron] blk.11.ffn_gate.weight (3584x1024) 30.4s
[kron] blk.11.ffn_up.weight (3584x1024) 29.9s
[kron] blk.12.attn_gate.weight (2048x1024) 18.6s
[kron] blk.12.ffn_gate.weight (3584x1024) 26.1s
[kron] blk.12.ffn_up.weight (3584x1024) 22.5s
[kron] blk.12.ssm_out.weight (1024x2048) 10.2s
[kron] blk.13.attn_gate.weight (2048x1024) 6.3s
[kron] blk.13.ffn_gate.weight (3584x1024) 13.5s
[kron] blk.13.ffn_up.weight (3584x1024) 14.1s
[kron] blk.13.ssm_out.weight (1024x2048) 9.9s
[kron] blk.14.attn_gate.weight (2048x1024) 8.2s
[kron] blk.14.ffn_gate.weight (3584x1024) 13.6s
[kron] blk.14.ffn_up.weight (3584x1024) 14.3s
[kron] blk.14.ssm_out.weight (1024x2048) 10.3s
[kron] blk.15.attn_k.weight (512x1024) 1.2s
[kron] blk.15.attn_q.weight (4096x1024) 22.1s
[kron] blk.15.ffn_gate.weight (3584x1024) 14.8s
[kron] blk.15.ffn_up.weight (3584x1024) 14.5s
[kron] blk.16.attn_gate.weight (2048x1024) 7.5s
[kron] blk.16.ffn_gate.weight (3584x1024) 14.7s
[kron] blk.16.ffn_up.weight (3584x1024) 12.8s
[kron] blk.16.ssm_out.weight (1024x2048) 6.3s
[kron] blk.17.attn_gate.weight (2048x1024) 6.4s
[kron] blk.17.ffn_gate.weight (3584x1024) 13.6s
[kron] blk.17.ffn_up.weight (3584x1024) 12.4s
[kron] blk.17.ssm_out.weight (1024x2048) 7.4s
[kron] blk.18.attn_gate.weight (2048x1024) 6.2s
[kron] blk.18.ffn_gate.weight (3584x1024) 12.4s
[kron] blk.18.ffn_up.weight (3584x1024) 12.4s
[kron] blk.18.ssm_out.weight (1024x2048) 6.1s
[kron] blk.19.attn_k.weight (512x1024) 1.2s
[kron] blk.19.attn_q.weight (4096x1024) 15.0s
[kron] blk.19.ffn_gate.weight (3584x1024) 13.5s
[kron] blk.19.ffn_up.weight (3584x1024) 13.9s
[kron] blk.20.attn_gate.weight (2048x1024) 6.9s
[kron] blk.20.ffn_gate.weight (3584x1024) 12.7s
[kron] blk.20.ffn_up.weight (3584x1024) 14.2s
[kron] blk.20.ssm_out.weight (1024x2048) 10.7s
[kron] blk.21.attn_gate.weight (2048x1024) 8.4s
[kron] blk.21.ffn_gate.weight (3584x1024) 14.4s
[kron] blk.21.ffn_up.weight (3584x1024) 12.6s
[kron] blk.21.ssm_out.weight (1024x2048) 9.8s
[kron] blk.22.attn_gate.weight (2048x1024) 7.0s
[kron] blk.22.ffn_gate.weight (3584x1024) 14.9s
[kron] blk.22.ffn_up.weight (3584x1024) 17.7s
[kron] blk.22.ssm_out.weight (1024x2048) 18.1s
[kron] blk.23.attn_k.weight (512x1024) 1.5s
[kron] blk.23.attn_q.weight (4096x1024) 28.2s
[kron] blk.23.ffn_gate.weight (3584x1024) 18.1s
[kron] blk.23.ffn_up.weight (3584x1024) 15.5s
wrote experiments/24-yaqa-lite/q35-08b-Q2K-rr-kron.gguf: 96 tensors re-rounded (96 Kronecker, 0 input-only fallback), 2615s
