[input-only] blk.0.attn_gate.weight (2048x1024) 1.1s
[input-only] blk.0.ffn_gate.weight (3584x1024) 2.5s
[input-only] blk.0.ffn_up.weight (3584x1024) 2.2s
[input-only] blk.0.ssm_out.weight (1024x2048) 1.7s
[input-only] blk.1.attn_gate.weight (2048x1024) 1.1s
[input-only] blk.1.ffn_gate.weight (3584x1024) 1.9s
[input-only] blk.1.ffn_up.weight (3584x1024) 1.2s
[input-only] blk.1.ssm_out.weight (1024x2048) 1.5s
[input-only] blk.2.attn_gate.weight (2048x1024) 1.1s
[input-only] blk.2.ffn_gate.weight (3584x1024) 1.9s
[input-only] blk.2.ffn_up.weight (3584x1024) 1.0s
[input-only] blk.2.ssm_out.weight (1024x2048) 0.8s
[input-only] blk.3.attn_k.weight (512x1024) 0.3s
[input-only] blk.3.attn_q.weight (4096x1024) 1.1s
[input-only] blk.3.ffn_gate.weight (3584x1024) 0.9s
[input-only] blk.3.ffn_up.weight (3584x1024) 1.0s
[input-only] blk.4.attn_gate.weight (2048x1024) 0.6s
[input-only] blk.4.ffn_gate.weight (3584x1024) 1.0s
[input-only] blk.4.ffn_up.weight (3584x1024) 1.0s
[input-only] blk.4.ssm_out.weight (1024x2048) 0.7s
[input-only] blk.5.attn_gate.weight (2048x1024) 0.7s
[input-only] blk.5.ffn_gate.weight (3584x1024) 0.9s
[input-only] blk.5.ffn_up.weight (3584x1024) 1.0s
[input-only] blk.5.ssm_out.weight (1024x2048) 0.7s
[input-only] blk.6.attn_gate.weight (2048x1024) 0.6s
[input-only] blk.6.ffn_gate.weight (3584x1024) 0.9s
[input-only] blk.6.ffn_up.weight (3584x1024) 0.9s
[input-only] blk.6.ssm_out.weight (1024x2048) 0.5s
[input-only] blk.7.attn_k.weight (512x1024) 0.3s
[input-only] blk.7.attn_q.weight (4096x1024) 1.0s
[input-only] blk.7.ffn_gate.weight (3584x1024) 0.8s
[input-only] blk.7.ffn_up.weight (3584x1024) 0.9s
[input-only] blk.8.attn_gate.weight (2048x1024) 0.5s
[input-only] blk.8.ffn_gate.weight (3584x1024) 1.0s
[input-only] blk.8.ffn_up.weight (3584x1024) 1.0s
[input-only] blk.8.ssm_out.weight (1024x2048) 0.4s
[input-only] blk.9.attn_gate.weight (2048x1024) 0.4s
[input-only] blk.9.ffn_gate.weight (3584x1024) 0.8s
[input-only] blk.9.ffn_up.weight (3584x1024) 0.6s
[input-only] blk.9.ssm_out.weight (1024x2048) 0.4s
[input-only] blk.10.attn_gate.weight (2048x1024) 0.4s
[input-only] blk.10.ffn_gate.weight (3584x1024) 0.6s
[input-only] blk.10.ffn_up.weight (3584x1024) 0.6s
[input-only] blk.10.ssm_out.weight (1024x2048) 0.4s
[input-only] blk.11.attn_k.weight (512x1024) 0.1s
[input-only] blk.11.attn_q.weight (4096x1024) 0.7s
[input-only] blk.11.ffn_gate.weight (3584x1024) 0.6s
[input-only] blk.11.ffn_up.weight (3584x1024) 0.6s
[input-only] blk.12.attn_gate.weight (2048x1024) 0.4s
[input-only] blk.12.ffn_gate.weight (3584x1024) 0.9s
[input-only] blk.12.ffn_up.weight (3584x1024) 0.9s
[input-only] blk.12.ssm_out.weight (1024x2048) 0.6s
[input-only] blk.13.attn_gate.weight (2048x1024) 0.7s
[input-only] blk.13.ffn_gate.weight (3584x1024) 1.0s
[input-only] blk.13.ffn_up.weight (3584x1024) 0.9s
[input-only] blk.13.ssm_out.weight (1024x2048) 1.3s
[input-only] blk.14.attn_gate.weight (2048x1024) 0.8s
[input-only] blk.14.ffn_gate.weight (3584x1024) 1.1s
[input-only] blk.14.ffn_up.weight (3584x1024) 0.9s
[input-only] blk.14.ssm_out.weight (1024x2048) 1.3s
[input-only] blk.15.attn_k.weight (512x1024) 0.3s
[input-only] blk.15.attn_q.weight (4096x1024) 1.1s
[input-only] blk.15.ffn_gate.weight (3584x1024) 1.0s
[input-only] blk.15.ffn_up.weight (3584x1024) 0.9s
[input-only] blk.16.attn_gate.weight (2048x1024) 0.8s
[input-only] blk.16.ffn_gate.weight (3584x1024) 1.0s
[input-only] blk.16.ffn_up.weight (3584x1024) 1.1s
[input-only] blk.16.ssm_out.weight (1024x2048) 1.2s
[input-only] blk.17.attn_gate.weight (2048x1024) 0.8s
[input-only] blk.17.ffn_gate.weight (3584x1024) 1.0s
[input-only] blk.17.ffn_up.weight (3584x1024) 1.1s
[input-only] blk.17.ssm_out.weight (1024x2048) 0.8s
[input-only] blk.18.attn_gate.weight (2048x1024) 0.7s
[input-only] blk.18.ffn_gate.weight (3584x1024) 0.9s
[input-only] blk.18.ffn_up.weight (3584x1024) 1.0s
[input-only] blk.18.ssm_out.weight (1024x2048) 1.2s
[input-only] blk.19.attn_k.weight (512x1024) 0.4s
[input-only] blk.19.attn_q.weight (4096x1024) 1.1s
[input-only] blk.19.ffn_gate.weight (3584x1024) 0.9s
[input-only] blk.19.ffn_up.weight (3584x1024) 1.0s
[input-only] blk.20.attn_gate.weight (2048x1024) 0.7s
[input-only] blk.20.ffn_gate.weight (3584x1024) 1.0s
[input-only] blk.20.ffn_up.weight (3584x1024) 0.9s
[input-only] blk.20.ssm_out.weight (1024x2048) 1.3s
[input-only] blk.21.attn_gate.weight (2048x1024) 0.8s
[input-only] blk.21.ffn_gate.weight (3584x1024) 1.1s
[input-only] blk.21.ffn_up.weight (3584x1024) 0.9s
[input-only] blk.21.ssm_out.weight (1024x2048) 1.3s
[input-only] blk.22.attn_gate.weight (2048x1024) 0.7s
[input-only] blk.22.ffn_gate.weight (3584x1024) 0.9s
[input-only] blk.22.ffn_up.weight (3584x1024) 1.0s
[input-only] blk.22.ssm_out.weight (1024x2048) 1.2s
[input-only] blk.23.attn_k.weight (512x1024) 0.3s
[input-only] blk.23.attn_q.weight (4096x1024) 1.1s
[input-only] blk.23.ffn_gate.weight (3584x1024) 0.9s
[input-only] blk.23.ffn_up.weight (3584x1024) 0.9s
wrote experiments/24-yaqa-lite/q35-08b-Q2K-rr-input.gguf: 96 tensors re-rounded (0 Kronecker, 96 input-only fallback), 461s
