0.01.451.277 W model has unused tensor blk.24.attn_norm.weight (size = 4096 bytes) -- ignoring
0.01.451.286 W model has unused tensor blk.24.post_attention_norm.weight (size = 4096 bytes) -- ignoring
0.01.451.289 W model has unused tensor blk.24.attn_q.weight (size = 2883584 bytes) -- ignoring
0.01.451.291 W model has unused tensor blk.24.attn_k.weight (size = 360448 bytes) -- ignoring
0.01.451.293 W model has unused tensor blk.24.attn_v.weight (size = 360448 bytes) -- ignoring
0.01.451.299 W model has unused tensor blk.24.attn_output.weight (size = 1441792 bytes) -- ignoring
0.01.451.301 W model has unused tensor blk.24.attn_q_norm.weight (size = 1024 bytes) -- ignoring
0.01.451.302 W model has unused tensor blk.24.attn_k_norm.weight (size = 1024 bytes) -- ignoring
0.01.451.304 W model has unused tensor blk.24.ffn_gate.weight (size = 2523136 bytes) -- ignoring
0.01.451.306 W model has unused tensor blk.24.ffn_down.weight (size = 2523136 bytes) -- ignoring
0.01.451.308 W model has unused tensor blk.24.ffn_up.weight (size = 2523136 bytes) -- ignoring
0.01.451.311 W model has unused tensor blk.24.nextn.eh_proj.weight (size = 1441792 bytes) -- ignoring
0.01.451.313 W model has unused tensor blk.24.nextn.enorm.weight (size = 4096 bytes) -- ignoring
0.01.451.315 W model has unused tensor blk.24.nextn.hnorm.weight (size = 4096 bytes) -- ignoring
0.01.451.320 W model has unused tensor blk.24.nextn.shared_head_norm.weight (size = 4096 bytes) -- ignoring
0.01.662.983 I 
0.01.663.060 I system_info: n_threads = 16 (n_threads_batch = 16) / 32 | CUDA : ARCHS = 1200 | USE_GRAPHS = 1 | BLACKWELL_NATIVE_FP4 = 1 | CPU : SSE3 = 1 | SSSE3 = 1 | AVX = 1 | AVX_VNNI = 1 | AVX2 = 1 | F16C = 1 | FMA = 1 | BMI2 = 1 | AVX512 = 1 | AVX512_VBMI = 1 | AVX512_VNNI = 1 | AVX512_BF16 = 1 | LLAMAFILE = 1 | OPENMP = 1 | REPACK = 1 | 
0.01.721.172 I kl_divergence: computing over 40 chunks, n_ctx=512, batch_size=2048, n_seq=4
0.02.406.884 I kl_divergence: 0.69 seconds per pass - ETA 0.10 minutes

chunk             PPL               ln(PPL(Q)/PPL(base))          KL Divergence              Δp RMS            Same top p
   1      12.6929 ±    2.6064       0.20229 ±    0.05880       0.19486 ±    0.03489    13.414 ±  1.671 %    79.608 ±  2.528 %
   2      19.7090 ±    2.9906       0.17650 ±    0.03590       0.17117 ±    0.01869    12.055 ±  1.197 %    80.784 ±  1.746 %
   3      20.3432 ±    2.4163       0.21140 ±    0.02826       0.18014 ±    0.01428    13.427 ±  1.087 %    80.654 ±  1.429 %
   4      19.8280 ±    1.9418       0.20129 ±    0.02358       0.18059 ±    0.01129    13.339 ±  0.919 %    78.725 ±  1.282 %
   5      18.7976 ±    1.6073       0.18566 ±    0.01985       0.17229 ±    0.00923    12.495 ±  0.790 %    78.510 ±  1.151 %
   6      20.0131 ±    1.5545       0.19619 ±    0.01787       0.17126 ±    0.00793    12.103 ±  0.693 %    78.235 ±  1.055 %
   7      20.5561 ±    1.4696       0.19949 ±    0.01665       0.17069 ±    0.00712    11.873 ±  0.635 %    78.151 ±  0.978 %
   8      22.3578 ±    1.5268       0.19687 ±    0.01562       0.17204 ±    0.00698    11.812 ±  0.611 %    77.843 ±  0.920 %
   9      23.7939 ±    1.5461       0.20315 ±    0.01484       0.17593 ±    0.00660    11.806 ±  0.584 %    78.126 ±  0.863 %
  10      24.9938 ±    1.5443       0.21040 ±    0.01430       0.17906 ±    0.00637    11.918 ±  0.553 %    77.529 ±  0.827 %
  11      25.2654 ±    1.4938       0.21315 ±    0.01388       0.18141 ±    0.00632    11.928 ±  0.521 %    77.184 ±  0.792 %
  12      25.3928 ±    1.4437       0.21684 ±    0.01357       0.18334 ±    0.00616    11.895 ±  0.493 %    77.157 ±  0.759 %
  13      26.6175 ±    1.4622       0.22463 ±    0.01318       0.18730 ±    0.00618    11.894 ±  0.480 %    77.225 ±  0.729 %
  14      25.7367 ±    1.3593       0.23115 ±    0.01272       0.18726 ±    0.00589    12.017 ±  0.457 %    77.367 ±  0.700 %
  15      25.2687 ±    1.2809       0.22716 ±    0.01212       0.18414 ±    0.00555    11.918 ±  0.441 %    77.464 ±  0.676 %
  16      25.9542 ±    1.2825       0.22892 ±    0.01174       0.18748 ±    0.00561    11.939 ±  0.431 %    77.549 ±  0.653 %
  17      23.8874 ±    1.1372       0.22121 ±    0.01137       0.18463 ±    0.00535    11.879 ±  0.411 %    78.016 ±  0.629 %
  18      24.0726 ±    1.1150       0.21731 ±    0.01101       0.18384 ±    0.00514    11.698 ±  0.396 %    78.235 ±  0.609 %
  19      23.8716 ±    1.0792       0.21595 ±    0.01076       0.18345 ±    0.00499    11.715 ±  0.388 %    78.204 ±  0.593 %
  20      23.6028 ±    1.0374       0.21287 ±    0.01038       0.18236 ±    0.00479    11.604 ±  0.375 %    78.275 ±  0.578 %
  21      22.9148 ±    0.9798       0.21095 ±    0.01011       0.18188 ±    0.00465    11.657 ±  0.366 %    78.375 ±  0.563 %
  22      22.7242 ±    0.9465       0.20981 ±    0.00989       0.18143 ±    0.00448    11.555 ±  0.353 %    78.378 ±  0.550 %
  23      21.6614 ±    0.8786       0.20418 ±    0.00958       0.17858 ±    0.00435    11.481 ±  0.342 %    78.704 ±  0.535 %
  24      20.3975 ±    0.8027       0.20341 ±    0.00931       0.17698 ±    0.00422    11.627 ±  0.333 %    78.922 ±  0.521 %
  25      20.0329 ±    0.7703       0.20102 ±    0.00907       0.17559 ±    0.00407    11.591 ±  0.322 %    78.902 ±  0.511 %
  26      19.6092 ±    0.7373       0.20132 ±    0.00889       0.17415 ±    0.00396    11.577 ±  0.317 %    79.035 ±  0.500 %
  27      19.2343 ±    0.7069       0.20014 ±    0.00869       0.17274 ±    0.00384    11.545 ±  0.307 %    79.041 ±  0.491 %
  28      19.0566 ±    0.6877       0.20011 ±    0.00849       0.17210 ±    0.00372    11.522 ±  0.298 %    79.062 ±  0.482 %
  29      18.9834 ±    0.6734       0.20025 ±    0.00840       0.17173 ±    0.00366    11.460 ±  0.291 %    79.162 ±  0.472 %
  30      18.9700 ±    0.6618       0.19882 ±    0.00823       0.17199 ±    0.00357    11.433 ±  0.284 %    79.190 ±  0.464 %
  31      18.6883 ±    0.6395       0.19630 ±    0.00804       0.17097 ±    0.00348    11.409 ±  0.280 %    79.178 ±  0.457 %
  32      18.8295 ±    0.6356       0.19574 ±    0.00792       0.17079 ±    0.00344    11.376 ±  0.277 %    79.363 ±  0.448 %
  33      18.6701 ±    0.6199       0.19481 ±    0.00775       0.16935 ±    0.00336    11.297 ±  0.271 %    79.441 ±  0.441 %
  34      18.9735 ±    0.6213       0.19689 ±    0.00764       0.16944 ±    0.00330    11.280 ±  0.267 %    79.377 ±  0.435 %
  35      19.2950 ±    0.6236       0.19856 ±    0.00751       0.16959 ±    0.00322    11.205 ±  0.262 %    79.305 ±  0.429 %
  36      19.8186 ±    0.6332       0.19903 ±    0.00740       0.16972 ±    0.00315    11.151 ±  0.257 %    79.281 ±  0.423 %
  37      20.1463 ±    0.6350       0.19821 ±    0.00727       0.17006 ±    0.00310    11.054 ±  0.253 %    79.258 ±  0.417 %
  38      20.1073 ±    0.6251       0.19723 ±    0.00714       0.16913 ±    0.00303    11.014 ±  0.249 %    79.370 ±  0.411 %
  39      20.1170 ±    0.6178       0.19626 ±    0.00704       0.16892 ±    0.00297    10.977 ±  0.244 %    79.407 ±  0.406 %
  40      20.1921 ±    0.6144       0.19572 ±    0.00697       0.16846 ±    0.00292    10.906 ±  0.241 %    79.402 ±  0.400 %

====== Perplexity statistics ======
Mean PPL(Q)                   :  20.192141 ±   0.614389
Mean PPL(base)                :  16.602799 ±   0.493484
Cor(ln(PPL(Q)), ln(PPL(base))):  97.34%
Mean ln(PPL(Q)/PPL(base))     :   0.195722 ±   0.006974
Mean PPL(Q)/PPL(base)         :   1.216189 ±   0.008482
Mean PPL(Q)-PPL(base)         :   3.589341 ±   0.175376

====== KL divergence statistics ======
Mean    KLD:   0.168461 ±   0.002923
Maximum KLD:   7.205772
99.9%   KLD:   3.886422
99.0%   KLD:   1.282241
95.0%   KLD:   0.505001
90.0%   KLD:   0.349695
Median  KLD:   0.098327
10.0%   KLD:   0.010154
 5.0%   KLD:   0.003470
 1.0%   KLD:   0.000504
 0.1%   KLD:   0.000051
Minimum KLD:   0.000012

====== Token probability statistics ======
Mean    Δp: -2.659 ± 0.105 %
Maximum Δp: 59.453%
99.9%   Δp: 37.090%
99.0%   Δp: 20.170%
95.0%   Δp:  8.691%
90.0%   Δp:  4.298%
75.0%   Δp:  0.291%
Median  Δp: -0.208%
25.0%   Δp: -3.701%
10.0%   Δp: -12.161%
 5.0%   Δp: -20.009%
 1.0%   Δp: -46.336%
 0.1%   Δp: -87.881%
Minimum Δp: -99.594%
RMS Δp    : 10.906 ± 0.241 %
Same top p: 79.402 ± 0.400 %

