0.00.604.848 W model has unused tensor blk.24.attn_norm.weight (size = 4096 bytes) -- ignoring
0.00.604.857 W model has unused tensor blk.24.post_attention_norm.weight (size = 4096 bytes) -- ignoring
0.00.604.862 W model has unused tensor blk.24.attn_q.weight (size = 2883584 bytes) -- ignoring
0.00.604.864 W model has unused tensor blk.24.attn_k.weight (size = 360448 bytes) -- ignoring
0.00.604.866 W model has unused tensor blk.24.attn_v.weight (size = 360448 bytes) -- ignoring
0.00.604.872 W model has unused tensor blk.24.attn_output.weight (size = 1441792 bytes) -- ignoring
0.00.604.874 W model has unused tensor blk.24.attn_q_norm.weight (size = 1024 bytes) -- ignoring
0.00.604.876 W model has unused tensor blk.24.attn_k_norm.weight (size = 1024 bytes) -- ignoring
0.00.604.878 W model has unused tensor blk.24.ffn_gate.weight (size = 2523136 bytes) -- ignoring
0.00.604.880 W model has unused tensor blk.24.ffn_down.weight (size = 2523136 bytes) -- ignoring
0.00.604.882 W model has unused tensor blk.24.ffn_up.weight (size = 2523136 bytes) -- ignoring
0.00.604.886 W model has unused tensor blk.24.nextn.eh_proj.weight (size = 1441792 bytes) -- ignoring
0.00.604.888 W model has unused tensor blk.24.nextn.enorm.weight (size = 4096 bytes) -- ignoring
0.00.604.891 W model has unused tensor blk.24.nextn.hnorm.weight (size = 4096 bytes) -- ignoring
0.00.604.897 W model has unused tensor blk.24.nextn.shared_head_norm.weight (size = 4096 bytes) -- ignoring
0.00.693.846 I 
0.00.693.920 I system_info: n_threads = 16 (n_threads_batch = 16) / 32 | CUDA : ARCHS = 1200 | USE_GRAPHS = 1 | BLACKWELL_NATIVE_FP4 = 1 | CPU : SSE3 = 1 | SSSE3 = 1 | AVX = 1 | AVX_VNNI = 1 | AVX2 = 1 | F16C = 1 | FMA = 1 | BMI2 = 1 | AVX512 = 1 | AVX512_VBMI = 1 | AVX512_VNNI = 1 | AVX512_BF16 = 1 | LLAMAFILE = 1 | OPENMP = 1 | REPACK = 1 | 
0.00.725.260 I kl_divergence: computing over 40 chunks, n_ctx=512, batch_size=2048, n_seq=4
0.01.063.083 I kl_divergence: 0.34 seconds per pass - ETA 0.05 minutes

chunk             PPL               ln(PPL(Q)/PPL(base))          KL Divergence              Δp RMS            Same top p
   1      13.9594 ±    2.8835       0.29740 ±    0.06283       0.21538 ±    0.03903    12.777 ±  1.562 %    79.608 ±  2.528 %
   2      21.4975 ±    3.2718       0.26336 ±    0.03903       0.20497 ±    0.02135    12.334 ±  1.128 %    80.980 ±  1.740 %
   3      21.5308 ±    2.5456       0.26814 ±    0.03034       0.21660 ±    0.01712    14.572 ±  1.133 %    80.131 ±  1.444 %
   4      21.1360 ±    2.0677       0.26518 ±    0.02671       0.22685 ±    0.01498    15.211 ±  0.983 %    78.333 ±  1.291 %
   5      19.8183 ±    1.6990       0.23854 ±    0.02243       0.21151 ±    0.01218    14.287 ±  0.849 %    77.412 ±  1.172 %
   6      20.9945 ±    1.6370       0.24407 ±    0.02036       0.20997 ±    0.01050    14.004 ±  0.762 %    77.320 ±  1.071 %
   7      21.4567 ±    1.5403       0.24237 ±    0.01892       0.20791 ±    0.00940    13.728 ±  0.701 %    76.863 ±  0.998 %
   8      23.2418 ±    1.5971       0.23565 ±    0.01756       0.20706 ±    0.00859    13.483 ±  0.670 %    76.912 ±  0.933 %
   9      24.6947 ±    1.6113       0.24031 ±    0.01641       0.20628 ±    0.00797    13.178 ±  0.632 %    77.211 ±  0.876 %
  10      25.7741 ±    1.5995       0.24115 ±    0.01551       0.20730 ±    0.00759    13.231 ±  0.600 %    76.784 ±  0.836 %
  11      25.9755 ±    1.5415       0.24087 ±    0.01482       0.20820 ±    0.00722    13.133 ±  0.564 %    76.791 ±  0.797 %
  12      26.3389 ±    1.5029       0.25342 ±    0.01494       0.21435 ±    0.00756    13.150 ±  0.539 %    76.699 ±  0.764 %
  13      27.5216 ±    1.5173       0.25803 ±    0.01434       0.21704 ±    0.00735    13.076 ±  0.520 %    76.410 ±  0.737 %
  14      26.4861 ±    1.4008       0.25986 ±    0.01361       0.21495 ±    0.00690    13.094 ±  0.491 %    76.583 ±  0.709 %
  15      25.9593 ±    1.3197       0.25413 ±    0.01311       0.21124 ±    0.00652    12.937 ±  0.472 %    76.523 ±  0.685 %
  16      26.6206 ±    1.3174       0.25427 ±    0.01274       0.21543 ±    0.00654    12.988 ±  0.460 %    76.348 ±  0.665 %
  17      24.5264 ±    1.1692       0.24761 ±    0.01224       0.21130 ±    0.00621    12.894 ±  0.439 %    76.955 ±  0.640 %
  18      24.7225 ±    1.1460       0.24395 ±    0.01198       0.21096 ±    0.00600    12.797 ±  0.421 %    77.277 ±  0.619 %
  19      24.4567 ±    1.1049       0.24017 ±    0.01160       0.20951 ±    0.00582    12.700 ±  0.411 %    77.482 ±  0.600 %
  20      24.2248 ±    1.0655       0.23888 ±    0.01125       0.20903 ±    0.00558    12.614 ±  0.396 %    77.392 ±  0.586 %
  21      23.4609 ±    1.0039       0.23450 ±    0.01093       0.20667 ±    0.00537    12.574 ±  0.384 %    77.535 ±  0.570 %
  22      23.2452 ±    0.9690       0.23248 ±    0.01061       0.20507 ±    0.00516    12.403 ±  0.373 %    77.629 ±  0.556 %
  23      22.1958 ±    0.9010       0.22855 ±    0.01027       0.20167 ±    0.00498    12.362 ±  0.361 %    77.852 ±  0.542 %
  24      20.8579 ±    0.8218       0.22573 ±    0.00995       0.19892 ±    0.00480    12.404 ±  0.348 %    78.121 ±  0.529 %
  25      20.5233 ±    0.7913       0.22521 ±    0.00971       0.19758 ±    0.00463    12.357 ±  0.338 %    78.243 ±  0.517 %
  26      20.0556 ±    0.7563       0.22383 ±    0.00950       0.19513 ±    0.00450    12.273 ±  0.331 %    78.401 ±  0.505 %
  27      19.6856 ±    0.7257       0.22334 ±    0.00928       0.19297 ±    0.00436    12.184 ±  0.321 %    78.460 ±  0.495 %
  28      19.5014 ±    0.7058       0.22319 ±    0.00908       0.19309 ±    0.00425    12.185 ±  0.313 %    78.431 ±  0.487 %
  29      19.4361 ±    0.6917       0.22382 ±    0.00898       0.19241 ±    0.00418    12.139 ±  0.308 %    78.472 ±  0.478 %
  30      19.3998 ±    0.6783       0.22123 ±    0.00880       0.19258 ±    0.00408    12.162 ±  0.304 %    78.549 ±  0.469 %
  31      19.1464 ±    0.6572       0.22052 ±    0.00862       0.19177 ±    0.00400    12.104 ±  0.297 %    78.697 ±  0.461 %
  32      19.2823 ±    0.6534       0.21950 ±    0.00856       0.19249 ±    0.00412    12.086 ±  0.293 %    78.725 ±  0.453 %
  33      19.1250 ±    0.6373       0.21888 ±    0.00840       0.19138 ±    0.00405    12.009 ±  0.287 %    78.776 ±  0.446 %
  34      19.4398 ±    0.6393       0.22117 ±    0.00828       0.19174 ±    0.00397    11.983 ±  0.282 %    78.685 ±  0.440 %
  35      19.7541 ±    0.6410       0.22208 ±    0.00815       0.19193 ±    0.00389    11.912 ±  0.276 %    78.678 ±  0.434 %
  36      20.3036 ±    0.6519       0.22320 ±    0.00805       0.19229 ±    0.00380    11.840 ±  0.271 %    78.682 ±  0.427 %
  37      20.6826 ±    0.6553       0.22448 ±    0.00797       0.19276 ±    0.00373    11.756 ±  0.266 %    78.633 ±  0.422 %
  38      20.6477 ±    0.6454       0.22375 ±    0.00783       0.19196 ±    0.00364    11.729 ±  0.263 %    78.689 ±  0.416 %
  39      20.6508 ±    0.6377       0.22245 ±    0.00777       0.19219 ±    0.00359    11.694 ±  0.258 %    78.632 ±  0.411 %
  40      20.7106 ±    0.6335       0.22108 ±    0.00768       0.19158 ±    0.00353    11.608 ±  0.254 %    78.725 ±  0.405 %

====== Perplexity statistics ======
Mean PPL(Q)                   :  20.710622 ±   0.633538
Mean PPL(base)                :  16.602799 ±   0.493484
Cor(ln(PPL(Q)), ln(PPL(base))):  96.80%
Mean ln(PPL(Q)/PPL(base))     :   0.221075 ±   0.007676
Mean PPL(Q)/PPL(base)         :   1.247417 ±   0.009576
Mean PPL(Q)-PPL(base)         :   4.107823 ±   0.199046

====== KL divergence statistics ======
Mean    KLD:   0.191582 ±   0.003531
Maximum KLD:  10.516855
99.9%   KLD:   4.408772
99.0%   KLD:   1.526111
95.0%   KLD:   0.580431
90.0%   KLD:   0.395884
Median  KLD:   0.109279
10.0%   KLD:   0.010913
 5.0%   KLD:   0.004070
 1.0%   KLD:   0.000489
 0.1%   KLD:   0.000047
Minimum KLD:   0.000005

====== Token probability statistics ======
Mean    Δp: -2.913 ± 0.111 %
Maximum Δp: 63.984%
99.9%   Δp: 38.663%
99.0%   Δp: 20.188%
95.0%   Δp:  8.475%
90.0%   Δp:  4.211%
75.0%   Δp:  0.289%
Median  Δp: -0.217%
25.0%   Δp: -3.892%
10.0%   Δp: -12.754%
 5.0%   Δp: -22.028%
 1.0%   Δp: -50.135%
 0.1%   Δp: -91.067%
Minimum Δp: -97.698%
RMS Δp    : 11.608 ± 0.254 %
Same top p: 78.725 ± 0.405 %

