0.01.740.511 W model has unused tensor blk.24.attn_norm.weight (size = 4096 bytes) -- ignoring
0.01.740.519 W model has unused tensor blk.24.post_attention_norm.weight (size = 4096 bytes) -- ignoring
0.01.740.523 W model has unused tensor blk.24.attn_q.weight (size = 2883584 bytes) -- ignoring
0.01.740.525 W model has unused tensor blk.24.attn_k.weight (size = 360448 bytes) -- ignoring
0.01.740.527 W model has unused tensor blk.24.attn_v.weight (size = 360448 bytes) -- ignoring
0.01.740.533 W model has unused tensor blk.24.attn_output.weight (size = 1441792 bytes) -- ignoring
0.01.740.535 W model has unused tensor blk.24.attn_q_norm.weight (size = 1024 bytes) -- ignoring
0.01.740.537 W model has unused tensor blk.24.attn_k_norm.weight (size = 1024 bytes) -- ignoring
0.01.740.539 W model has unused tensor blk.24.ffn_gate.weight (size = 2523136 bytes) -- ignoring
0.01.740.541 W model has unused tensor blk.24.ffn_down.weight (size = 2523136 bytes) -- ignoring
0.01.740.543 W model has unused tensor blk.24.ffn_up.weight (size = 2523136 bytes) -- ignoring
0.01.740.546 W model has unused tensor blk.24.nextn.eh_proj.weight (size = 1441792 bytes) -- ignoring
0.01.740.549 W model has unused tensor blk.24.nextn.enorm.weight (size = 4096 bytes) -- ignoring
0.01.740.551 W model has unused tensor blk.24.nextn.hnorm.weight (size = 4096 bytes) -- ignoring
0.01.740.557 W model has unused tensor blk.24.nextn.shared_head_norm.weight (size = 4096 bytes) -- ignoring
0.02.050.426 I 
0.02.050.557 I system_info: n_threads = 16 (n_threads_batch = 16) / 32 | CUDA : ARCHS = 1200 | USE_GRAPHS = 1 | BLACKWELL_NATIVE_FP4 = 1 | CPU : SSE3 = 1 | SSSE3 = 1 | AVX = 1 | AVX_VNNI = 1 | AVX2 = 1 | F16C = 1 | FMA = 1 | BMI2 = 1 | AVX512 = 1 | AVX512_VBMI = 1 | AVX512_VNNI = 1 | AVX512_BF16 = 1 | LLAMAFILE = 1 | OPENMP = 1 | REPACK = 1 | 
0.02.158.396 I kl_divergence: computing over 40 chunks, n_ctx=512, batch_size=2048, n_seq=4
0.02.931.733 I kl_divergence: 0.77 seconds per pass - ETA 0.12 minutes

chunk             PPL               ln(PPL(Q)/PPL(base))          KL Divergence              Δp RMS            Same top p
   1      19.2718 ±    4.2231       0.61989 ±    0.07663       0.47149 ±    0.04112    19.006 ±  1.527 %    70.588 ±  2.859 %
   2      26.4118 ±    4.1655       0.46924 ±    0.05365       0.47018 ±    0.02650    18.301 ±  1.152 %    68.235 ±  2.064 %
   3      26.5645 ±    3.2662       0.47823 ±    0.04283       0.47785 ±    0.02041    19.217 ±  1.007 %    67.712 ±  1.692 %
   4      26.9341 ±    2.7607       0.50759 ±    0.03791       0.50277 ±    0.01787    19.356 ±  0.889 %    66.471 ±  1.479 %
   5      25.0470 ±    2.2317       0.47269 ±    0.03310       0.50141 ±    0.01552    18.879 ±  0.775 %    65.176 ±  1.335 %
   6      26.8447 ±    2.1899       0.48987 ±    0.03007       0.49891 ±    0.01371    18.307 ±  0.697 %    64.706 ±  1.222 %
   7      27.8623 ±    2.1020       0.50361 ±    0.02815       0.50079 ±    0.01273    17.902 ±  0.638 %    64.818 ±  1.131 %
   8      30.3680 ±    2.1868       0.50308 ±    0.02625       0.50070 ±    0.01194    17.669 ±  0.606 %    64.265 ±  1.061 %
   9      32.7445 ±    2.2479       0.52245 ±    0.02514       0.50855 ±    0.01183    17.669 ±  0.576 %    63.965 ±  1.002 %
  10      34.0269 ±    2.2125       0.51893 ±    0.02365       0.50930 ±    0.01116    17.711 ±  0.546 %    63.216 ±  0.955 %
  11      34.3026 ±    2.1305       0.51893 ±    0.02244       0.50850 ±    0.01067    17.590 ±  0.512 %    63.387 ±  0.910 %
  12      34.9358 ±    2.0935       0.53589 ±    0.02195       0.51619 ±    0.01057    17.667 ±  0.490 %    63.203 ±  0.872 %
  13      36.7885 ±    2.1282       0.54825 ±    0.02120       0.51927 ±    0.01036    17.618 ±  0.473 %    62.866 ±  0.839 %
  14      35.7973 ±    1.9939       0.56111 ±    0.02054       0.51641 ±    0.00999    17.821 ±  0.457 %    63.305 ±  0.807 %
  15      34.9711 ±    1.8701       0.55212 ±    0.01971       0.51129 ±    0.00958    17.726 ±  0.441 %    63.529 ±  0.778 %
  16      36.0983 ±    1.8798       0.55883 ±    0.01927       0.51819 ±    0.00949    17.697 ±  0.427 %    63.382 ±  0.754 %
  17      33.0632 ±    1.6594       0.54628 ±    0.01872       0.50906 ±    0.00917    17.694 ±  0.413 %    64.129 ±  0.729 %
  18      33.3646 ±    1.6282       0.54373 ±    0.01824       0.50946 ±    0.00890    17.627 ±  0.398 %    64.357 ±  0.707 %
  19      33.2726 ±    1.5860       0.54800 ±    0.01777       0.51020 ±    0.00873    17.592 ±  0.388 %    64.582 ±  0.687 %
  20      33.1231 ±    1.5368       0.55173 ±    0.01722       0.51032 ±    0.00847    17.600 ±  0.378 %    64.667 ±  0.669 %
  21      32.0771 ±    1.4476       0.54731 ±    0.01679       0.50881 ±    0.00824    17.709 ±  0.369 %    65.042 ±  0.652 %
  22      31.8812 ±    1.4043       0.54840 ±    0.01656       0.50868 ±    0.00804    17.601 ±  0.358 %    65.223 ±  0.636 %
  23      30.3012 ±    1.2992       0.53983 ±    0.01603       0.50176 ±    0.00781    17.678 ±  0.350 %    65.575 ±  0.620 %
  24      28.5100 ±    1.1863       0.53825 ±    0.01557       0.49642 ±    0.00759    17.938 ±  0.342 %    65.833 ±  0.606 %
  25      27.9621 ±    1.1369       0.53450 ±    0.01516       0.49245 ±    0.00735    17.897 ±  0.332 %    65.929 ±  0.594 %
  26      27.3288 ±    1.0867       0.53327 ±    0.01488       0.48930 ±    0.00727    17.920 ±  0.326 %    66.275 ±  0.581 %
  27      26.8495 ±    1.0448       0.53369 ±    0.01455       0.48542 ±    0.00707    17.953 ±  0.320 %    66.449 ±  0.569 %
  28      26.5767 ±    1.0142       0.53273 ±    0.01427       0.48414 ±    0.00692    18.046 ±  0.313 %    66.597 ±  0.558 %
  29      26.4659 ±    0.9924       0.53254 ±    0.01409       0.48272 ±    0.00682    18.011 ±  0.307 %    66.734 ±  0.548 %
  30      26.4976 ±    0.9777       0.53302 ±    0.01382       0.48332 ±    0.00666    17.938 ±  0.300 %    66.797 ±  0.538 %
  31      26.1949 ±    0.9491       0.53397 ±    0.01365       0.48503 ±    0.00666    18.043 ±  0.298 %    66.844 ±  0.530 %
  32      26.4166 ±    0.9438       0.53431 ±    0.01341       0.48432 ±    0.00655    18.033 ±  0.294 %    66.863 ±  0.521 %
  33      26.1703 ±    0.9192       0.53251 ±    0.01316       0.48126 ±    0.00641    18.017 ±  0.289 %    66.928 ±  0.513 %
  34      26.5365 ±    0.9182       0.53237 ±    0.01299       0.48251 ±    0.00630    17.997 ±  0.286 %    66.759 ±  0.506 %
  35      27.0182 ±    0.9221       0.53523 ±    0.01280       0.48449 ±    0.00617    17.982 ±  0.281 %    66.566 ±  0.499 %
  36      27.7490 ±    0.9359       0.53560 ±    0.01265       0.48622 ±    0.00606    17.898 ±  0.277 %    66.471 ±  0.493 %
  37      28.2878 ±    0.9417       0.53762 ±    0.01247       0.48849 ±    0.00596    17.822 ±  0.273 %    66.349 ±  0.486 %
  38      28.2554 ±    0.9284       0.53743 ±    0.01229       0.48879 ±    0.00591    17.819 ±  0.270 %    66.357 ±  0.480 %
  39      28.2525 ±    0.9163       0.53587 ±    0.01216       0.48872 ±    0.00582    17.812 ±  0.266 %    66.415 ±  0.474 %
  40      28.4840 ±    0.9163       0.53977 ±    0.01212       0.49018 ±    0.00577    17.779 ±  0.262 %    66.422 ±  0.468 %

====== Perplexity statistics ======
Mean PPL(Q)                   :  28.484042 ±   0.916349
Mean PPL(base)                :  16.602799 ±   0.493484
Cor(ln(PPL(Q)), ln(PPL(base))):  92.64%
Mean ln(PPL(Q)/PPL(base))     :   0.539773 ±   0.012117
Mean PPL(Q)/PPL(base)         :   1.715617 ±   0.020789
Mean PPL(Q)-PPL(base)         :  11.881243 ±   0.495397

====== KL divergence statistics ======
Mean    KLD:   0.490179 ±   0.005766
Maximum KLD:   9.597063
99.9%   KLD:   6.233979
99.0%   KLD:   2.637566
95.0%   KLD:   1.416289
90.0%   KLD:   1.050228
Median  KLD:   0.345396
10.0%   KLD:   0.044665
 5.0%   KLD:   0.018121
 1.0%   KLD:   0.002484
 0.1%   KLD:   0.000239
Minimum KLD:   0.000039

====== Token probability statistics ======
Mean    Δp: -6.558 ± 0.164 %
Maximum Δp: 59.731%
99.9%   Δp: 44.948%
99.0%   Δp: 26.833%
95.0%   Δp: 11.024%
90.0%   Δp:  4.242%
75.0%   Δp:  0.013%
Median  Δp: -1.069%
25.0%   Δp: -9.078%
10.0%   Δp: -26.350%
 5.0%   Δp: -40.206%
 1.0%   Δp: -71.452%
 0.1%   Δp: -95.704%
Minimum Δp: -99.717%
RMS Δp    : 17.779 ± 0.262 %
Same top p: 66.422 ± 0.468 %

