0.00.375.936 W common_fit_params: failed to fit params to free device memory: n_gpu_layers already set by user to 99, abort
0.00.557.729 W model has unused tensor blk.24.attn_norm.weight (size = 4096 bytes) -- ignoring
0.00.557.733 W model has unused tensor blk.24.post_attention_norm.weight (size = 4096 bytes) -- ignoring
0.00.557.736 W model has unused tensor blk.24.attn_q.weight (size = 2883584 bytes) -- ignoring
0.00.557.737 W model has unused tensor blk.24.attn_k.weight (size = 360448 bytes) -- ignoring
0.00.557.738 W model has unused tensor blk.24.attn_v.weight (size = 360448 bytes) -- ignoring
0.00.557.741 W model has unused tensor blk.24.attn_output.weight (size = 1441792 bytes) -- ignoring
0.00.557.742 W model has unused tensor blk.24.attn_q_norm.weight (size = 1024 bytes) -- ignoring
0.00.557.743 W model has unused tensor blk.24.attn_k_norm.weight (size = 1024 bytes) -- ignoring
0.00.557.744 W model has unused tensor blk.24.ffn_gate.weight (size = 2523136 bytes) -- ignoring
0.00.557.746 W model has unused tensor blk.24.ffn_down.weight (size = 2523136 bytes) -- ignoring
0.00.557.747 W model has unused tensor blk.24.ffn_up.weight (size = 2523136 bytes) -- ignoring
0.00.557.749 W model has unused tensor blk.24.nextn.eh_proj.weight (size = 1441792 bytes) -- ignoring
0.00.557.750 W model has unused tensor blk.24.nextn.enorm.weight (size = 4096 bytes) -- ignoring
0.00.557.752 W model has unused tensor blk.24.nextn.hnorm.weight (size = 4096 bytes) -- ignoring
0.00.557.755 W model has unused tensor blk.24.nextn.shared_head_norm.weight (size = 4096 bytes) -- ignoring
0.00.859.809 I 
0.00.859.879 I system_info: n_threads = 16 (n_threads_batch = 16) / 32 | CUDA : ARCHS = 1200 | USE_GRAPHS = 1 | BLACKWELL_NATIVE_FP4 = 1 | CPU : SSE3 = 1 | SSSE3 = 1 | AVX = 1 | AVX_VNNI = 1 | AVX2 = 1 | F16C = 1 | FMA = 1 | BMI2 = 1 | AVX512 = 1 | AVX512_VBMI = 1 | AVX512_VNNI = 1 | AVX512_BF16 = 1 | LLAMAFILE = 1 | OPENMP = 1 | REPACK = 1 | 
0.00.881.592 I kl_divergence: computing over 40 chunks, n_ctx=512, batch_size=2048, n_seq=4
0.01.203.722 I kl_divergence: 0.32 seconds per pass - ETA 0.05 minutes

chunk             PPL               ln(PPL(Q)/PPL(base))          KL Divergence              Δp RMS            Same top p
   1      16.0439 ±    3.4120       0.43657 ±    0.06901       0.35515 ±    0.04340    15.789 ±  1.496 %    73.333 ±  2.775 %
   2      22.5331 ±    3.4431       0.31041 ±    0.04646       0.34928 ±    0.02586    15.674 ±  1.179 %    72.745 ±  1.974 %
   3      23.4154 ±    2.7811       0.35205 ±    0.03859       0.36993 ±    0.02156    17.194 ±  1.061 %    72.810 ±  1.610 %
   4      23.4086 ±    2.3125       0.36730 ±    0.03315       0.37857 ±    0.01853    17.518 ±  0.936 %    70.882 ±  1.423 %
   5      21.6408 ±    1.8615       0.32651 ±    0.02845       0.36616 ±    0.01550    16.566 ±  0.804 %    70.353 ±  1.280 %
   6      23.5705 ±    1.8600       0.35980 ±    0.02660       0.36976 ±    0.01476    16.424 ±  0.741 %    69.477 ±  1.178 %
   7      24.3525 ±    1.7709       0.36897 ±    0.02494       0.37666 ±    0.01376    16.439 ±  0.702 %    69.468 ±  1.090 %
   8      27.0404 ±    1.8876       0.38703 ±    0.02370       0.38381 ±    0.01275    16.308 ±  0.663 %    68.725 ±  1.027 %
   9      29.0171 ±    1.9306       0.40160 ±    0.02225       0.38552 ±    0.01172    16.114 ±  0.617 %    69.020 ±  0.965 %
  10      30.8309 ±    1.9453       0.42029 ±    0.02161       0.39827 ±    0.01215    16.433 ±  0.597 %    68.863 ±  0.917 %
  11      31.0660 ±    1.8751       0.41983 ±    0.02051       0.39817 ±    0.01153    16.261 ±  0.562 %    69.127 ±  0.872 %
  12      31.2291 ±    1.8068       0.42373 ±    0.02000       0.40255 ±    0.01126    16.277 ±  0.537 %    69.248 ±  0.834 %
  13      32.5983 ±    1.8188       0.42733 ±    0.01925       0.40639 ±    0.01097    16.223 ±  0.515 %    69.020 ±  0.803 %
  14      31.7339 ±    1.7003       0.44062 ±    0.01863       0.41016 ±    0.01061    16.725 ±  0.502 %    68.908 ±  0.775 %
  15      30.8708 ±    1.5883       0.42741 ±    0.01784       0.40080 ±    0.01000    16.493 ±  0.480 %    69.020 ±  0.748 %
  16      31.7514 ±    1.5899       0.43052 ±    0.01736       0.40726 ±    0.00983    16.498 ±  0.465 %    68.897 ±  0.725 %
  17      29.2219 ±    1.4093       0.42278 ±    0.01684       0.40209 ±    0.00945    16.709 ±  0.451 %    69.204 ±  0.701 %
  18      29.4006 ±    1.3771       0.41725 ±    0.01639       0.40116 ±    0.00910    16.672 ±  0.436 %    69.368 ±  0.680 %
  19      29.0490 ±    1.3271       0.41225 ±    0.01588       0.39780 ±    0.00874    16.595 ±  0.424 %    69.825 ±  0.660 %
  20      28.7707 ±    1.2780       0.41086 ±    0.01541       0.39602 ±    0.00846    16.575 ±  0.415 %    70.020 ±  0.642 %
  21      27.9093 ±    1.2064       0.40812 ±    0.01498       0.39268 ±    0.00818    16.520 ±  0.403 %    70.439 ±  0.624 %
  22      27.5947 ±    1.1607       0.40400 ±    0.01453       0.38944 ±    0.00789    16.355 ±  0.390 %    70.606 ±  0.608 %
  23      26.2595 ±    1.0760       0.39667 ±    0.01409       0.38259 ±    0.00764    16.246 ±  0.378 %    71.014 ±  0.592 %
  24      24.7285 ±    0.9840       0.39596 ±    0.01370       0.37925 ±    0.00740    16.482 ±  0.369 %    71.356 ±  0.578 %
  25      24.3727 ±    0.9489       0.39711 ±    0.01334       0.37676 ±    0.00716    16.422 ±  0.359 %    71.482 ±  0.566 %
  26      23.8984 ±    0.9106       0.39914 ±    0.01307       0.37512 ±    0.00702    16.431 ±  0.352 %    71.674 ±  0.553 %
  27      23.4355 ±    0.8739       0.39770 ±    0.01278       0.37160 ±    0.00680    16.395 ±  0.343 %    71.837 ±  0.542 %
  28      23.1747 ±    0.8490       0.39576 ±    0.01250       0.37019 ±    0.00662    16.416 ±  0.335 %    71.905 ±  0.532 %
  29      23.1579 ±    0.8347       0.39902 ±    0.01242       0.37113 ±    0.00656    16.408 ±  0.329 %    71.954 ±  0.522 %
  30      23.2013 ±    0.8229       0.40018 ±    0.01221       0.37157 ±    0.00641    16.384 ±  0.322 %    72.052 ±  0.513 %
  31      22.8791 ±    0.7960       0.39863 ±    0.01197       0.37158 ±    0.00628    16.479 ±  0.318 %    72.018 ±  0.505 %
  32      23.1343 ±    0.7946       0.40163 ±    0.01185       0.37175 ±    0.00622    16.475 ±  0.313 %    72.034 ±  0.497 %
  33      22.9524 ±    0.7758       0.40131 ±    0.01163       0.36994 ±    0.00608    16.460 ±  0.306 %    71.990 ±  0.490 %
  34      23.4044 ±    0.7806       0.40677 ±    0.01154       0.37218 ±    0.00604    16.460 ±  0.304 %    71.799 ±  0.483 %
  35      23.8227 ±    0.7844       0.40935 ±    0.01134       0.37192 ±    0.00591    16.378 ±  0.298 %    71.776 ±  0.476 %
  36      24.4961 ±    0.7977       0.41092 ±    0.01121       0.37320 ±    0.00585    16.271 ±  0.294 %    71.765 ±  0.470 %
  37      24.8823 ±    0.7991       0.40935 ±    0.01101       0.37333 ±    0.00573    16.174 ±  0.290 %    71.775 ±  0.463 %
  38      24.7773 ±    0.7850       0.40607 ±    0.01083       0.37225 ±    0.00563    16.156 ±  0.287 %    71.889 ±  0.457 %
  39      24.7348 ±    0.7740       0.40290 ±    0.01073       0.37232 ±    0.00555    16.158 ±  0.283 %    71.916 ±  0.451 %
  40      24.8255 ±    0.7697       0.40230 ±    0.01062       0.37084 ±    0.00546    16.076 ±  0.278 %    72.000 ±  0.445 %

====== Perplexity statistics ======
Mean PPL(Q)                   :  24.825452 ±   0.769748
Mean PPL(base)                :  16.602799 ±   0.493484
Cor(ln(PPL(Q)), ln(PPL(base))):  93.97%
Mean ln(PPL(Q)/PPL(base))     :   0.402298 ±   0.010620
Mean PPL(Q)/PPL(base)         :   1.495257 ±   0.015879
Mean PPL(Q)-PPL(base)         :   8.222652 ±   0.349465

====== KL divergence statistics ======
Mean    KLD:   0.370837 ±   0.005456
Maximum KLD:   9.117905
99.9%   KLD:   5.986028
99.0%   KLD:   2.595189
95.0%   KLD:   1.223448
90.0%   KLD:   0.811804
Median  KLD:   0.215043
10.0%   KLD:   0.026726
 5.0%   KLD:   0.011152
 1.0%   KLD:   0.001989
 0.1%   KLD:   0.000230
Minimum KLD:   0.000053

====== Token probability statistics ======
Mean    Δp: -5.519 ± 0.150 %
Maximum Δp: 63.423%
99.9%   Δp: 46.419%
99.0%   Δp: 22.062%
95.0%   Δp:  8.974%
90.0%   Δp:  3.654%
75.0%   Δp:  0.054%
Median  Δp: -0.698%
25.0%   Δp: -7.195%
10.0%   Δp: -21.353%
 5.0%   Δp: -34.785%
 1.0%   Δp: -70.548%
 0.1%   Δp: -95.298%
Minimum Δp: -99.727%
RMS Δp    : 16.076 ± 0.278 %
Same top p: 72.000 ± 0.445 %

