[q38-27b-Q2K-ours] 410 candidate tensors, 2 workers × 4 threads
  [25/410] blk.3.attn_v.weight 1.9s (52s)
  [50/410] blk.7.attn_v.weight 1.8s (95s)
  [51/410] token_embd.weight skip(no imatrix) (98s)
  [75/410] blk.13.ffn_gate.weight 4.5s (140s)
  [100/410] blk.9.ffn_gate.weight 4.9s (186s)
  [125/410] blk.19.attn_q.weight 3.3s (231s)
  [150/410] blk.23.attn_q.weight 3.6s (276s)
  [175/410] blk.27.attn_q.weight 3.2s (321s)
  [200/410] blk.31.attn_q.weight 3.4s (365s)
  [225/410] blk.35.attn_q.weight 3.6s (410s)
  [250/410] blk.39.attn_q.weight 3.3s (456s)
  [275/410] blk.43.attn_q.weight 3.4s (499s)
  [300/410] blk.47.attn_q.weight 3.4s (543s)
  [325/410] blk.51.attn_q.weight 3.1s (582s)
  [350/410] blk.55.attn_q.weight 3.4s (625s)
  [375/410] blk.59.attn_q.weight 3.5s (672s)
  [400/410] blk.63.attn_q.weight 3.2s (718s)
  [402/410] output.weight skip(no imatrix) (722s)
  [403/410] blk.64.nextn.eh_proj.weight skip(no imatrix) (722s)
  [404/410] blk.64.ffn_down.weight skip(no imatrix) (722s)
  [405/410] blk.64.ffn_gate.weight skip(no imatrix) (722s)
  [406/410] blk.64.ffn_up.weight skip(no imatrix) (722s)
  [407/410] blk.64.attn_k.weight skip(no imatrix) (722s)
  [408/410] blk.64.attn_output.weight skip(no imatrix) (722s)
  [409/410] blk.64.attn_q.weight skip(no imatrix) (722s)
  [410/410] blk.64.attn_v.weight skip(no imatrix) (722s)
[q38-27b-Q2K-ours] DONE 722s
