[q38-27b-UD-IQ2S] 402 candidate tensors, 2 workers × 4 threads
  [25/402] blk.3.attn_v.weight cached (9s)
  [50/402] blk.7.attn_v.weight cached (9s)
  [51/402] token_embd.weight skip(no imatrix) (11s)
  [75/402] blk.13.ffn_gate.weight 4.3s (49s)
  [100/402] blk.9.ffn_gate.weight 5.2s (91s)
  [125/402] blk.19.attn_q.weight 3.9s (140s)
  [150/402] blk.23.attn_q.weight 4.1s (188s)
  [175/402] blk.27.attn_q.weight 4.2s (240s)
  [200/402] blk.31.attn_q.weight 3.7s (290s)
  [225/402] blk.35.attn_q.weight 3.7s (340s)
  [250/402] blk.39.attn_q.weight 3.8s (389s)
  [275/402] blk.43.attn_q.weight 4.4s (440s)
  [300/402] blk.47.attn_q.weight 3.8s (490s)
  [325/402] blk.51.attn_q.weight 3.8s (539s)
  [350/402] blk.55.attn_q.weight 3.6s (588s)
  [375/402] blk.59.attn_q.weight 3.7s (639s)
  [400/402] blk.63.attn_q.weight 3.8s (689s)
  [402/402] output.weight skip(no imatrix) (694s)
[q38-27b-UD-IQ2S] DONE 694s
[q38-27b-UD-Q2KXL] 410 candidate tensors, 2 workers × 4 threads
  [25/410] blk.3.attn_v.weight 1.9s (53s)
  [50/410] blk.7.attn_v.weight 1.8s (102s)
  [51/410] token_embd.weight skip(no imatrix) (104s)
  [75/410] blk.13.ffn_gate.weight 4.8s (148s)
  [100/410] blk.9.ffn_gate.weight 5.1s (194s)
  [125/410] blk.19.attn_q.weight 3.6s (242s)
  [150/410] blk.23.attn_q.weight 3.2s (291s)
  [175/410] blk.27.attn_q.weight 4.0s (340s)
  [200/410] blk.31.attn_q.weight 3.5s (389s)
  [225/410] blk.35.attn_q.weight 3.9s (441s)
  [250/410] blk.39.attn_q.weight 3.3s (490s)
  [275/410] blk.43.attn_q.weight 3.4s (541s)
  [300/410] blk.47.attn_q.weight 3.9s (591s)
  [325/410] blk.51.attn_q.weight 4.0s (639s)
  [350/410] blk.55.attn_q.weight 3.6s (687s)
  [375/410] blk.59.attn_q.weight 3.8s (735s)
  [400/410] blk.63.attn_q.weight 3.7s (784s)
  [402/410] output.weight skip(no imatrix) (787s)
  [403/410] blk.64.nextn.eh_proj.weight skip(no imatrix) (787s)
  [404/410] blk.64.ffn_down.weight skip(no imatrix) (787s)
  [405/410] blk.64.ffn_gate.weight skip(no imatrix) (787s)
  [406/410] blk.64.ffn_up.weight skip(no imatrix) (787s)
  [407/410] blk.64.attn_k.weight skip(no imatrix) (787s)
  [408/410] blk.64.attn_output.weight skip(no imatrix) (787s)
  [409/410] blk.64.attn_q.weight skip(no imatrix) (787s)
  [410/410] blk.64.attn_v.weight skip(no imatrix) (787s)
[q38-27b-UD-Q2KXL] DONE 788s
[q38-27b-UD-IQ3S] 410 candidate tensors, 2 workers × 4 threads
  [25/410] blk.3.attn_v.weight 1.8s (54s)
  [50/410] blk.7.attn_v.weight 1.8s (100s)
  [51/410] token_embd.weight skip(no imatrix) (104s)
  [75/410] blk.13.ffn_gate.weight 5.1s (150s)
  [100/410] blk.9.ffn_gate.weight 5.0s (196s)
  [125/410] blk.19.attn_q.weight 3.7s (244s)
  [150/410] blk.23.attn_q.weight 3.7s (291s)
  [175/410] blk.27.attn_q.weight 3.6s (338s)
  [200/410] blk.31.attn_q.weight 3.7s (385s)
  [225/410] blk.35.attn_q.weight 3.7s (434s)
  [250/410] blk.39.attn_q.weight 3.7s (482s)
  [275/410] blk.43.attn_q.weight 3.7s (529s)
  [300/410] blk.47.attn_q.weight 3.6s (577s)
  [325/410] blk.51.attn_q.weight 3.7s (624s)
  [350/410] blk.55.attn_q.weight 3.7s (671s)
  [375/410] blk.59.attn_q.weight 3.8s (717s)
  [400/410] blk.63.attn_q.weight 3.5s (762s)
  [402/410] output.weight skip(no imatrix) (767s)
  [403/410] blk.64.nextn.eh_proj.weight skip(no imatrix) (767s)
  [404/410] blk.64.ffn_down.weight skip(no imatrix) (767s)
  [405/410] blk.64.ffn_gate.weight skip(no imatrix) (767s)
  [406/410] blk.64.ffn_up.weight skip(no imatrix) (767s)
  [407/410] blk.64.attn_k.weight skip(no imatrix) (767s)
  [408/410] blk.64.attn_output.weight skip(no imatrix) (767s)
  [409/410] blk.64.attn_q.weight skip(no imatrix) (767s)
  [410/410] blk.64.attn_v.weight skip(no imatrix) (767s)
[q38-27b-UD-IQ3S] DONE 767s
[h27b-IQ3XS] 410 candidate tensors, 2 workers × 4 threads
  [1/410] output.weight skip(no imatrix) (16s)
  [2/410] token_embd.weight skip(no imatrix) (16s)
  [25/410] blk.3.attn_output.weight 2.9s (61s)
  [50/410] blk.7.attn_output.weight 3.1s (108s)
  [75/410] blk.11.attn_v.weight 1.9s (153s)
  [100/410] blk.15.attn_v.weight 1.8s (202s)
  [125/410] blk.19.attn_output.weight 3.0s (255s)
  [150/410] blk.23.attn_output.weight 3.0s (305s)
  [175/410] blk.27.attn_output.weight 3.2s (356s)
  [200/410] blk.31.attn_output.weight 3.0s (406s)
  [225/410] blk.35.attn_output.weight 3.3s (458s)
  [250/410] blk.39.attn_output.weight 3.0s (507s)
  [275/410] blk.43.attn_output.weight 2.9s (556s)
  [300/410] blk.47.attn_output.weight 3.2s (604s)
  [325/410] blk.51.attn_output.weight 3.0s (654s)
  [350/410] blk.55.attn_output.weight 2.7s (701s)
  [375/410] blk.59.attn_output.weight 3.0s (750s)
  [400/410] blk.63.attn_output.weight 3.1s (800s)
  [403/410] blk.64.nextn.eh_proj.weight skip(no imatrix) (802s)
  [404/410] blk.64.ffn_down.weight skip(no imatrix) (802s)
  [405/410] blk.64.ffn_gate.weight skip(no imatrix) (802s)
  [406/410] blk.64.ffn_up.weight skip(no imatrix) (802s)
  [407/410] blk.64.attn_k.weight skip(no imatrix) (802s)
  [408/410] blk.64.attn_output.weight skip(no imatrix) (802s)
  [409/410] blk.64.attn_q.weight skip(no imatrix) (802s)
  [410/410] blk.64.attn_v.weight skip(no imatrix) (802s)
[h27b-IQ3XS] DONE 803s
